 ConEmuBg.x64

 Timestamp is 527c03de (Fri Nov 08 01:19:26 2013)

 Preferred load address is 0000000180000000

 Start         Length     Name                   Class
 0001:00000000 00007b48H .text                   CODE
 0001:00007b50 0000005eH .text$00                CODE
 0002:00000000 00000298H .idata$5                DATA
 0002:000002a0 000011d0H .rdata                  DATA
 0002:00001470 00000354H .xdata                  DATA
 0002:000017c4 00000078H .idata$2                DATA
 0002:0000183c 00000014H .idata$3                DATA
 0002:00001850 00000298H .idata$4                DATA
 0002:00001ae8 000005a2H .idata$6                DATA
 0002:00002090 0000018fH .edata                  DATA
 0003:00000000 000000d8H .data                   DATA
 0003:000000e0 00000a38H .bss                    DATA
 0004:00000000 000004a4H .pdata                  DATA
 0005:00000000 00000058H .rsrc$01                DATA
 0005:00000060 00000298H .rsrc$02                DATA

  Address         Publics by Value              Rva+Base               Lib:Object

 0000:00000000       ___safe_se_handler_count   0000000000000000     <absolute>
 0000:00000000       ___safe_se_handler_table   0000000000000000     <absolute>
 0000:00000000       __ImageBase                0000000180000000     <linker-defined>
 0001:00000000       ?QueryInterface@MStream@@UEAAJAEBU_GUID@@PEAPEAX@Z 0000000180001000 f i ConEmuBg.obj
 0001:000000a0       ?AddRef@MStream@@UEAAKXZ   00000001800010a0 f i ConEmuBg.obj
 0001:000000b0       ?Read@MStream@@UEAAJPEAXKPEAK@Z 00000001800010b0 f i ConEmuBg.obj
 0001:00000138       ?Write@MStream@@UEAAJPEBXKPEAK@Z 0000000180001138 f i ConEmuBg.obj
 0001:00000200       ?Seek@MStream@@UEAAJT_LARGE_INTEGER@@KPEAT_ULARGE_INTEGER@@@Z 0000000180001200 f i ConEmuBg.obj
 0001:00000270       ?SetSize@MStream@@UEAAJT_ULARGE_INTEGER@@@Z 0000000180001270 f i ConEmuBg.obj
 0001:00000324       ?Commit@MStream@@UEAAJK@Z  0000000180001324 f i ConEmuBg.obj
 0001:00000330       ?Stat@MStream@@UEAAJPEAUtagSTATSTG@@K@Z 0000000180001330 f i ConEmuBg.obj
 0001:00000390       ?Clone@MStream@@UEAAJPEAPEAUIStream@@@Z 0000000180001390 f i ConEmuBg.obj
 0001:00000390       ?LockRegion@MStream@@UEAAJT_ULARGE_INTEGER@@0K@Z 0000000180001390 f i ConEmuBg.obj
 0001:00000390       ?UnlockRegion@MStream@@UEAAJT_ULARGE_INTEGER@@0K@Z 0000000180001390 f i ConEmuBg.obj
 0001:00000390       ?Revert@MStream@@UEAAJXZ   0000000180001390 f i ConEmuBg.obj
 0001:00000390       ?CopyTo@MStream@@UEAAJPEAUIStream@@T_ULARGE_INTEGER@@PEAT3@2@Z 0000000180001390 f i ConEmuBg.obj
 0001:00000398       ??_GMStream@@QEAAPEAXI@Z   0000000180001398 f i ConEmuBg.obj
 0001:000005f4       GetMinFarVersionW          00000001800015f4 f   ConEmuBg.obj
 0001:000005fc       ?GetPluginInfoWcmn@@YAXPEAX@Z 00000001800015fc f   ConEmuBg.obj
 0001:00000790       ?LoadFarVersion@@YAHXZ     0000000180001790 f   ConEmuBg.obj
 0001:000007e0       ?ReportFail@@YAXPEB_W@Z    00000001800017e0 f   ConEmuBg.obj
 0001:00000828       ?Close@CachedImage@@QEAAXXZ 0000000180001828 f i ConEmuBg.obj
 0001:000008b8       ?Init@GDIPlusDecoder@@QEAA_NXZ 00000001800018b8 f i ConEmuBg.obj
 0001:00000bb0       ?FreeThreadProc@GDIPlusDecoder@@SAKPEAX@Z 0000000180001bb0 f i ConEmuBg.obj
 0001:00000bd0       ?Close@GDIPlusDecoder@@QEAAXXZ 0000000180001bd0 f i ConEmuBg.obj
 0001:00000ca4       ?GdipDone@@YAXXZ           0000000180001ca4 f   ConEmuBg.obj
 0001:00000da8       ?ParseColors@@YAXPEB_WHAEAY0CA@KAEAH@Z 0000000180001da8 f   ConEmuBg.obj
 0001:00000e88       ?RGB2HSV@@YAXAEBURGBColor@@AEAUHSVColor@@@Z 0000000180001e88 f   ConEmuBg.obj
 0001:00000f80       ?HSV2RGB@@YAXAEBUHSVColor@@AEAURGBColor@@@Z 0000000180001f80 f   ConEmuBg.obj
 0001:00001390       ?GetStatusLineCount@@YAHPEAUPaintBackgroundArg@@H@Z 0000000180002390 f   ConEmuBg.obj
 0001:000015b8       ?SettingsLoad@@YAXXZ       00000001800025b8 f   ConEmuBg.obj
 0001:00001630       ?SettingsLoadReg@@YAXPEB_W@Z 0000000180002630 f   ConEmuBg.obj
 0001:000017e8       ?SettingsSave@@YAXXZ       00000001800027e8 f   ConEmuBg.obj
 0001:00001834       ?SettingsSaveReg@@YAXPEB_W@Z 0000000180002834 f   ConEmuBg.obj
 0001:00001918       ?ExitPlugin@@YAXXZ         0000000180002918 f   ConEmuBg.obj
 0001:00001970       ExitFARW                   0000000180002970 f   ConEmuBg.obj
 0001:00001970       ?ExitFARW3@@YAXPEAX@Z      0000000180002970 f   ConEmuBg.obj
 0001:000019ac       ?GetMsgW@@YAPEB_WH@Z       00000001800029ac f   ConEmuBg.obj
 0001:000019f8       ?OpenW@@YAPEAXPEBX@Z       00000001800029f8 f   ConEmuBg.obj
 0001:00001a28       ConfigureW                 0000000180002a28 f   ConEmuBg.obj
 0001:00001a70       ?ConfigureW3@@YAHPEAX@Z    0000000180002a70 f   ConEmuBg.obj
 0001:00001ab8       ?OpenPluginWcmn@@YAPEAXH_J@Z 0000000180002ab8 f   ConEmuBg.obj
 0001:00001af0       ?FMatch@@YA_NPEB_WPEA_W@Z  0000000180002af0 f   ConEmuBg.obj
 0001:00001c50       ?StringCchCopyW@@YAJPEA_W_KPEB_W@Z 0000000180002c50 f i ConEmuBg.obj
 0001:00001cbc       ?StringCchCatW@@YAJPEA_W_KPEB_W@Z 0000000180002cbc f i ConEmuBg.obj
 0001:00001d84       ?Release@MStream@@UEAAKXZ  0000000180002d84 f i ConEmuBg.obj
 0001:00001db0       DllMain                    0000000180002db0 f   ConEmuBg.obj
 0001:00001e08       _DllMainCRTStartup         0000000180002e08 f   ConEmuBg.obj
 0001:00001e1c       ?CheckXmlFile@@YA_N_N@Z    0000000180002e1c f   ConEmuBg.obj
 0001:000022ec       ?GdipInit@@YA_NXZ          00000001800032ec f   ConEmuBg.obj
 0001:000023ac       ?CompareNames@@YA_NPEB_WPEA_W@Z 00000001800033ac f   ConEmuBg.obj
 0001:000024c0       ??$wcscpy_c@$0BAE@@@YAHAEAY0BAE@_WPEB_W@Z 00000001800034c0 f i ConEmuBg.obj
 0001:0000250c       ?Init@CachedImage@@QEAA_NPEB_WPEAUHDC__@@IIQEAU2@@Z 000000018000350c f i ConEmuBg.obj
 0001:00002634       ?GetImage@GDIPlusDecoder@@QEAAPEAUCachedImage@@PEB_W@Z 0000000180003634 f i ConEmuBg.obj
 0001:00002ae0       ?FillPanelParams@@YAHPEAUPaintBackgroundArg@@PEAUtag_BkPanelInfo@1@PEAUDrawInfo@@@Z 0000000180003ae0 f   ConEmuBg.obj
 0001:000039c0       ?PaintPanel@@YAHPEAUPaintBackgroundArg@@HAEAKAEAH@Z 00000001800049c0 f   ConEmuBg.obj
 0001:00004bd8       ?PaintConEmuBackground@@YAHPEAUPaintBackgroundArg@@@Z 0000000180005bd8 f   ConEmuBg.obj
 0001:00004d1c       ?StartPlugin@@YAXH@Z       0000000180005d1c f   ConEmuBg.obj
 0001:00004e5c       SetStartupInfoW            0000000180005e5c f   ConEmuBg.obj
 0001:00004ec0       ?OnConEmuLoaded@@YAXPEAUConEmuLoadedArg@@@Z 0000000180005ec0 f   ConEmuBg.obj
 0001:00004ef4       ?GetPluginInfoW995@@YAXPEAX@Z 0000000180005ef4 f   ConEmuBg995.obj
 0001:00004f60       ?SetStartupInfoW995@@YAXPEAX@Z 0000000180005f60 f   ConEmuBg995.obj
 0001:00005100       OpenPluginW                0000000180006100 f   ConEmuBg995.obj
 0001:00005120       ?ExitFARW995@@YAXXZ        0000000180006120 f   ConEmuBg995.obj
 0001:00005174       ?GetMsgW995@@YAPEB_WH@Z    0000000180006174 f   ConEmuBg995.obj
 0001:000056a8       ?ConfigureW995@@YAHH@Z     00000001800066a8 f   ConEmuBg995.obj
 0001:000056c4       ?SettingsLoadW995@@YAXXZ   00000001800066c4 f   ConEmuBg995.obj
 0001:000056d0       ?SettingsSaveW995@@YAXXZ   00000001800066d0 f   ConEmuBg995.obj
 0001:000056dc       ?FMatchW995@@YA_NPEB_WPEA_W@Z 00000001800066dc f   ConEmuBg995.obj
 0001:00005700       ?GetPluginInfoW1900@@YAXPEAX@Z 0000000180006700 f   ConEmuBg1900.obj
 0001:00005770       ?SetStartupInfoW1900@@YAXPEAX@Z 0000000180006770 f   ConEmuBg1900.obj
 0001:000058ac       ?OpenW2800@@YAPEAXPEBX@Z   00000001800068ac f   ConEmuBg2800.obj
 0001:000058ac       ?OpenW1900@@YAPEAXPEBX@Z   00000001800068ac f   ConEmuBg1900.obj
 0001:000058d0       ?ExitFARW1900@@YAXXZ       00000001800068d0 f   ConEmuBg1900.obj
 0001:0000590c       ?GetMsgW1900@@YAPEB_WH@Z   000000018000690c f   ConEmuBg1900.obj
 0001:00005ed8       ?ConfigureW1900@@YAHH@Z    0000000180006ed8 f   ConEmuBg1900.obj
 0001:00005ef4       ?SettingsLoadW1900@@YAXXZ  0000000180006ef4 f   ConEmuBg1900.obj
 0001:0000609c       ?SettingsSaveW1900@@YAXXZ  000000018000709c f   ConEmuBg1900.obj
 0001:000061d8       ?FMatchW1900@@YA_NPEB_WPEA_W@Z 00000001800071d8 f   ConEmuBg1900.obj
 0001:000061fc       GetGlobalInfoW             00000001800071fc f   ConEmuBg2800.obj
 0001:000062b4       ?GetPluginInfoW2800@@YAXPEAX@Z 00000001800072b4 f   ConEmuBg2800.obj
 0001:00006324       ?SetStartupInfoW2800@@YAXPEAX@Z 0000000180007324 f   ConEmuBg2800.obj
 0001:00006460       ?ExitFARW2800@@YAXXZ       0000000180007460 f   ConEmuBg2800.obj
 0001:0000649c       ?GetMsgW2800@@YAPEB_WH@Z   000000018000749c f   ConEmuBg2800.obj
 0001:00006a48       ?ConfigureW2800@@YAHH@Z    0000000180007a48 f   ConEmuBg2800.obj
 0001:00006a64       ?SettingsLoadW2800@@YAXXZ  0000000180007a64 f   ConEmuBg2800.obj
 0001:00006c10       ?SettingsSaveW2800@@YAXXZ  0000000180007c10 f   ConEmuBg2800.obj
 0001:00006d54       ?FMatchW2800@@YA_NPEB_WPEA_W@Z 0000000180007d54 f   ConEmuBg2800.obj
 0001:00006d78       GetMinFarVersion           0000000180007d78 f   ConEmuBgA.obj
 0001:00006db0       SetStartupInfo             0000000180007db0 f   ConEmuBgA.obj
 0001:00006f7c       GetPluginInfo              0000000180007f7c f   ConEmuBgA.obj
 0001:00007000       ExitFAR                    0000000180008000 f   ConEmuBgA.obj
 0001:0000761c       Configure                  000000018000861c f   ConEmuBgA.obj
 0001:00007638       OpenPlugin                 0000000180008638 f   ConEmuBgA.obj
 0001:00007658       ?SettingsLoadA@@YAXXZ      0000000180008658 f   ConEmuBgA.obj
 0001:00007664       ?SettingsSaveA@@YAXXZ      0000000180008664 f   ConEmuBgA.obj
 0001:00007670       ?FMatchA@@YA_NPEBDPEAD@Z   0000000180008670 f   ConEmuBgA.obj
 0001:00007690       ?HeapInitialize@@YA_NXZ    0000000180008690 f   Memory.obj
 0001:000076c8       ?HeapDeinitialize@@YAXXZ   00000001800086c8 f   Memory.obj
 0001:000076ec       ?xf_malloc@@YAPEAX_K@Z     00000001800086ec f   Memory.obj
 0001:00007700       ?xf_calloc@@YAPEAX_K0@Z    0000000180008700 f   Memory.obj
 0001:0000771c       ?xf_free@@YAXPEAX@Z        000000018000871c f   Memory.obj
 0001:00007744       ??3@YAXPEAX@Z              0000000180008744 f   Memory.obj
 0001:0000774c       ?lstrdup@@YAPEA_WPEB_W@Z   000000018000874c f   Memory.obj
 0001:000077e0       wcschr                     00000001800087e0 f   libCRT64:strchr.obj
 0001:00007800       wcsrchr                    0000000180008800 f   libCRT64:strrchr.obj
 0001:00007830       wcsstr                     0000000180008830 f   libCRT64:strstr.obj
 0001:000078a0       memmove                    00000001800088a0 f   libCRT64:memmove.obj
 0001:00007ad0       wcstoul                    0000000180008ad0 f   libCRT64:strtol.obj
 0001:00007ae0       memset                     0000000180008ae0 f   libCRT64:memset.obj
 0001:00007b10       memcpy                     0000000180008b10 f   libCRT64:memcpy.obj
 0001:00007b36       VerQueryValueW             0000000180008b36 f   version:VERSION.dll
 0001:00007b3c       GetFileVersionInfoW        0000000180008b3c f   version:VERSION.dll
 0001:00007b42       GetFileVersionInfoSizeW    0000000180008b42 f   version:VERSION.dll
 0001:00007b60       _alloca_probe              0000000180008b60     chkstk.obj
 0001:00007b60       __chkstk                   0000000180008b60 f   chkstk.obj
 0002:00000000       __imp_RegSetValueExW       0000000180009000     advapi32:ADVAPI32.dll
 0002:00000008       __imp_RegOpenKeyExW        0000000180009008     advapi32:ADVAPI32.dll
 0002:00000010       __imp_RegQueryValueExW     0000000180009010     advapi32:ADVAPI32.dll
 0002:00000018       __imp_RegCloseKey          0000000180009018     advapi32:ADVAPI32.dll
 0002:00000020       __imp_RegCreateKeyExW      0000000180009020     advapi32:ADVAPI32.dll
 0002:00000028       \177ADVAPI32_NULL_THUNK_DATA 0000000180009028     advapi32:ADVAPI32.dll
 0002:00000030       __imp_DeleteDC             0000000180009030     gdi32:GDI32.dll
 0002:00000038       __imp_DeleteObject         0000000180009038     gdi32:GDI32.dll
 0002:00000040       __imp_SelectObject         0000000180009040     gdi32:GDI32.dll
 0002:00000048       __imp_CreateSolidBrush     0000000180009048     gdi32:GDI32.dll
 0002:00000050       __imp_BitBlt               0000000180009050     gdi32:GDI32.dll
 0002:00000058       __imp_CreateCompatibleBitmap 0000000180009058     gdi32:GDI32.dll
 0002:00000060       __imp_CreateCompatibleDC   0000000180009060     gdi32:GDI32.dll
 0002:00000068       __imp_SetTextColor         0000000180009068     gdi32:GDI32.dll
 0002:00000070       __imp_CreateFontIndirectW  0000000180009070     gdi32:GDI32.dll
 0002:00000078       __imp_StretchBlt           0000000180009078     gdi32:GDI32.dll
 0002:00000080       __imp_SetBkMode            0000000180009080     gdi32:GDI32.dll
 0002:00000088       \177GDI32_NULL_THUNK_DATA  0000000180009088     gdi32:GDI32.dll
 0002:00000090       __imp_WaitForSingleObject  0000000180009090     kernel32:KERNEL32.dll
 0002:00000098       __imp_CreateThread         0000000180009098     kernel32:KERNEL32.dll
 0002:000000a0       __imp_DeleteCriticalSection 00000001800090a0     kernel32:KERNEL32.dll
 0002:000000a8       __imp_LeaveCriticalSection 00000001800090a8     kernel32:KERNEL32.dll
 0002:000000b0       __imp_FindCloseChangeNotification 00000001800090b0     kernel32:KERNEL32.dll
 0002:000000b8       __imp_EnterCriticalSection 00000001800090b8     kernel32:KERNEL32.dll
 0002:000000c0       __imp_ReadConsoleOutputW   00000001800090c0     kernel32:KERNEL32.dll
 0002:000000c8       __imp_GetConsoleScreenBufferInfo 00000001800090c8     kernel32:KERNEL32.dll
 0002:000000d0       __imp_GetStdHandle         00000001800090d0     kernel32:KERNEL32.dll
 0002:000000d8       __imp_lstrcpynW            00000001800090d8     kernel32:KERNEL32.dll
 0002:000000e0       __imp_WideCharToMultiByte  00000001800090e0     kernel32:KERNEL32.dll
 0002:000000e8       __imp_FindNextChangeNotification 00000001800090e8     kernel32:KERNEL32.dll
 0002:000000f0       __imp_ReadFile             00000001800090f0     kernel32:KERNEL32.dll
 0002:000000f8       __imp_GetFileInformationByHandle 00000001800090f8     kernel32:KERNEL32.dll
 0002:00000100       __imp_CreateFileW          0000000180009100     kernel32:KERNEL32.dll
 0002:00000108       __imp_TerminateThread      0000000180009108     kernel32:KERNEL32.dll
 0002:00000110       __imp_ExpandEnvironmentStringsW 0000000180009110     kernel32:KERNEL32.dll
 0002:00000118       __imp_lstrcmpW             0000000180009118     kernel32:KERNEL32.dll
 0002:00000120       __imp_lstrcmpiW            0000000180009120     kernel32:KERNEL32.dll
 0002:00000128       __imp_GetTempPathW         0000000180009128     kernel32:KERNEL32.dll
 0002:00000130       __imp_OutputDebugStringW   0000000180009130     kernel32:KERNEL32.dll
 0002:00000138       __imp_GetDriveTypeW        0000000180009138     kernel32:KERNEL32.dll
 0002:00000140       __imp_GetDiskFreeSpaceExW  0000000180009140     kernel32:KERNEL32.dll
 0002:00000148       __imp_InitializeCriticalSection 0000000180009148     kernel32:KERNEL32.dll
 0002:00000150       __imp_MultiByteToWideChar  0000000180009150     kernel32:KERNEL32.dll
 0002:00000158       __imp_lstrlenA             0000000180009158     kernel32:KERNEL32.dll
 0002:00000160       __imp_lstrcpynA            0000000180009160     kernel32:KERNEL32.dll
 0002:00000168       __imp_lstrcpyA             0000000180009168     kernel32:KERNEL32.dll
 0002:00000170       __imp_HeapCreate           0000000180009170     kernel32:KERNEL32.dll
 0002:00000178       __imp_HeapDestroy          0000000180009178     kernel32:KERNEL32.dll
 0002:00000180       __imp_CloseHandle          0000000180009180     kernel32:KERNEL32.dll
 0002:00000188       __imp_LoadLibraryW         0000000180009188     kernel32:KERNEL32.dll
 0002:00000190       __imp_GetProcAddress       0000000180009190     kernel32:KERNEL32.dll
 0002:00000198       __imp_FreeLibrary          0000000180009198     kernel32:KERNEL32.dll
 0002:000001a0       __imp_GetCurrentProcessId  00000001800091a0     kernel32:KERNEL32.dll
 0002:000001a8       __imp_VirtualProtect       00000001800091a8     kernel32:KERNEL32.dll
 0002:000001b0       __imp_GetModuleFileNameW   00000001800091b0     kernel32:KERNEL32.dll
 0002:000001b8       __imp_lstrcpyW             00000001800091b8     kernel32:KERNEL32.dll
 0002:000001c0       __imp_GetLastError         00000001800091c0     kernel32:KERNEL32.dll
 0002:000001c8       __imp_lstrcatW             00000001800091c8     kernel32:KERNEL32.dll
 0002:000001d0       __imp_lstrlenW             00000001800091d0     kernel32:KERNEL32.dll
 0002:000001d8       __imp_GetLocalTime         00000001800091d8     kernel32:KERNEL32.dll
 0002:000001e0       __imp_SystemTimeToFileTime 00000001800091e0     kernel32:KERNEL32.dll
 0002:000001e8       __imp_HeapReAlloc          00000001800091e8     kernel32:KERNEL32.dll
 0002:000001f0       __imp_HeapAlloc            00000001800091f0     kernel32:KERNEL32.dll
 0002:000001f8       __imp_GetProcessHeap       00000001800091f8     kernel32:KERNEL32.dll
 0002:00000200       __imp_FindFirstChangeNotificationW 0000000180009200     kernel32:KERNEL32.dll
 0002:00000208       __imp_HeapFree             0000000180009208     kernel32:KERNEL32.dll
 0002:00000210       \177KERNEL32_NULL_THUNK_DATA 0000000180009210     kernel32:KERNEL32.dll
 0002:00000218       __imp_FillRect             0000000180009218     user32:USER32.dll
 0002:00000220       __imp_DrawTextW            0000000180009220     user32:USER32.dll
 0002:00000228       __imp_CharUpperBuffW       0000000180009228     user32:USER32.dll
 0002:00000230       __imp_GetDC                0000000180009230     user32:USER32.dll
 0002:00000238       __imp_CharLowerBuffW       0000000180009238     user32:USER32.dll
 0002:00000240       __imp_ReleaseDC            0000000180009240     user32:USER32.dll
 0002:00000248       __imp_MessageBoxW          0000000180009248     user32:USER32.dll
 0002:00000250       __imp_wsprintfW            0000000180009250     user32:USER32.dll
 0002:00000258       \177USER32_NULL_THUNK_DATA 0000000180009258     user32:USER32.dll
 0002:00000260       __imp_GetFileVersionInfoSizeW 0000000180009260     version:VERSION.dll
 0002:00000268       __imp_GetFileVersionInfoW  0000000180009268     version:VERSION.dll
 0002:00000270       __imp_VerQueryValueW       0000000180009270     version:VERSION.dll
 0002:00000278       \177VERSION_NULL_THUNK_DATA 0000000180009278     version:VERSION.dll
 0002:00000280       __imp_CoUninitialize       0000000180009280     ole32:ole32.dll
 0002:00000288       __imp_CoInitialize         0000000180009288     ole32:ole32.dll
 0002:00000290       \177ole32_NULL_THUNK_DATA  0000000180009290     ole32:ole32.dll
 0002:000002a0       ??_C@_1BO@DPOJIDLN@?$AAB?$AAa?$AAc?$AAk?$AAg?$AAr?$AAo?$AAu?$AAn?$AAd?$AA?4?$AAx?$AAm?$AAl?$AA?$AA@ 00000001800092a0     ConEmuBg.obj
 0002:000002c0       ??_C@_0L@DJCGGOCO@ConfigureW?$AA@ 00000001800092c0     ConEmuBg.obj
 0002:000002d0       ??_C@_08BCACMCCB@ExitFARW?$AA@ 00000001800092d0     ConEmuBg.obj
 0002:000002e0       ??_C@_1BM@NBLKFLKP@?$AAX?$AAm?$AAl?$AAC?$AAo?$AAn?$AAf?$AAi?$AAg?$AAF?$AAi?$AAl?$AAe?$AA?$AA@ 00000001800092e0     ConEmuBg.obj
 0002:00000300       ??_C@_1BM@GCLEPEKO@?$AAP?$AAl?$AAu?$AAg?$AAi?$AAn?$AAE?$AAn?$AAa?$AAb?$AAl?$AAe?$AAd?$AA?$AA@ 0000000180009300     ConEmuBg.obj
 0002:00000320       ??_7MStream@@6B@           0000000180009320     ConEmuBg.obj
 0002:00000390       ??_C@_1CA@GGFPMHLH@?$AA?6?$AAE?$AAr?$AAr?$AAC?$AAo?$AAd?$AAe?$AA?$DN?$AA0?$AAx?$AA?$CF?$AA0?$AA8?$AAX?$AA?$AA@ 0000000180009390     ConEmuBg.obj
 0002:000003b0       ??_C@_1FG@LNADFPCE@?$AAL?$AAo?$AAa?$AAd?$AAF?$AAa?$AAr?$AAV?$AAe?$AAr?$AAs?$AAi?$AAo?$AAn?$AA?4?$AAG?$AAe?$AAt?$AAM?$AAo?$AAd?$AAu?$AAl?$AAe?$AAF?$AAi?$AAl?$AAe?$AAN?$AAa?$AAm?$AAe@ 00000001800093b0     ConEmuBg.obj
 0002:00000410       ??_C@_1GC@COKOAMPP@?$AAL?$AAo?$AAa?$AAd?$AAF?$AAa?$AAr?$AAV?$AAe?$AAr?$AAs?$AAi?$AAo?$AAn?$AA?4?$AAG?$AAe?$AAt?$AAF?$AAi?$AAl?$AAe?$AAV?$AAe?$AAr?$AAs?$AAi?$AAo?$AAn?$AAI?$AAn?$AAf@ 0000000180009410     ConEmuBg.obj
 0002:00000480       ??_C@_1GC@BJIMIHFH@?$AAL?$AAo?$AAa?$AAd?$AAF?$AAa?$AAr?$AAV?$AAe?$AAr?$AAs?$AAi?$AAo?$AAn?$AA?5?$AAf?$AAa?$AAi?$AAl?$AAe?$AAd?$AA?$CB?$AA?5?$AAC?$AAa?$AAn?$AA?8?$AAt?$AA?5?$AAa?$AAl?$AAl@ 0000000180009480     ConEmuBg.obj
 0002:000004f0       ??_C@_1FK@EOBKNMNM@?$AAL?$AAo?$AAa?$AAd?$AAF?$AAa?$AAr?$AAV?$AAe?$AAr?$AAs?$AAi?$AAo?$AAn?$AA?4?$AAG?$AAe?$AAt?$AAF?$AAi?$AAl?$AAe?$AAV?$AAe?$AAr?$AAs?$AAi?$AAo?$AAn?$AAI?$AAn?$AAf@ 00000001800094f0     ConEmuBg.obj
 0002:00000550       ??_C@_1FG@LALGGOEO@?$AAL?$AAo?$AAa?$AAd?$AAF?$AAa?$AAr?$AAV?$AAe?$AAr?$AAs?$AAi?$AAo?$AAn?$AA?4?$AAV?$AAe?$AAr?$AAQ?$AAu?$AAe?$AAr?$AAy?$AAV?$AAa?$AAl?$AAu?$AAe?$AA?$CI?$AA?$CC?$AA?2?$AA?$CC@ 0000000180009550     ConEmuBg.obj
 0002:000005a8       ??_C@_13FPGAJAPJ@?$AA?2?$AA?$AA@ 00000001800095a8     ConEmuBg.obj
 0002:000005b0       ??_C@_1CC@JLFNPNCD@?$AAC?$AAo?$AAn?$AAE?$AAm?$AAu?$AAB?$AAg?$AA?0?$AA?5?$AAP?$AAI?$AAD?$AA?$DN?$AA?$CF?$AAu?$AA?$AA@ 00000001800095b0     ConEmuBg.obj
 0002:000005e0       ??_C@_1EG@ENHOOKPB@?$AAF?$AAu?$AAn?$AAc?$AAt?$AAi?$AAo?$AAn?$AAs?$AA?5?$AAn?$AAo?$AAt?$AA?5?$AAf?$AAo?$AAu?$AAn?$AAd?$AA?5?$AAi?$AAn?$AA?5?$AAG?$AAd?$AAi?$AAP?$AAl?$AAu?$AAs?$AA?4?$AAd@ 00000001800095e0     ConEmuBg.obj
 0002:00000628       ??_C@_1CM@JMKADHIE@?$AAG?$AAd?$AAi?$AAp?$AAl?$AAu?$AAs?$AAS?$AAt?$AAa?$AAr?$AAt?$AAu?$AAp?$AA?5?$AAf?$AAa?$AAi?$AAl?$AAe?$AAd?$AA?$AA@ 0000000180009628     ConEmuBg.obj
 0002:00000658       ??_C@_0BI@GEKGFIAG@GdipBitmapConvertFormat?$AA@ 0000000180009658     ConEmuBg.obj
 0002:00000670       ??_C@_0BM@MMIJHLFD@GdipGetImageGraphicsContext?$AA@ 0000000180009670     ConEmuBg.obj
 0002:00000690       ??_C@_0O@KHJJFDII@GdipReleaseDC?$AA@ 0000000180009690     ConEmuBg.obj
 0002:000006a0       ??_C@_09EJEFPMLL@GdipGetDC?$AA@ 00000001800096a0     ConEmuBg.obj
 0002:000006b0       ??_C@_0BD@MFGJCODH@GdipDeleteGraphics?$AA@ 00000001800096b0     ConEmuBg.obj
 0002:000006c8       ??_C@_0BC@PACDIGJN@GdipCreateFromHDC?$AA@ 00000001800096c8     ConEmuBg.obj
 0002:000006e0       ??_C@_0P@DANGKLEH@GdipDrawImageI?$AA@ 00000001800096e0     ConEmuBg.obj
 0002:000006f0       ??_C@_0BB@MGCHKKMH@GdipDisposeImage?$AA@ 00000001800096f0     ConEmuBg.obj
 0002:00000708       ??_C@_0BD@JIGBIPOH@GdipGetImageHeight?$AA@ 0000000180009708     ConEmuBg.obj
 0002:00000720       ??_C@_0BC@DPLNHGNM@GdipGetImageWidth?$AA@ 0000000180009720     ConEmuBg.obj
 0002:00000738       ??_C@_0BJ@IPKMAACN@GdipCreateBitmapFromFile?$AA@ 0000000180009738     ConEmuBg.obj
 0002:00000758       ??_C@_0BA@OMKIAPCJ@GdiplusShutdown?$AA@ 0000000180009758     ConEmuBg.obj
 0002:00000768       ??_C@_0P@NIGHOHPH@GdiplusStartup?$AA@ 0000000180009768     ConEmuBg.obj
 0002:00000778       ??_C@_1CO@CNEBCEFN@?$AAG?$AAd?$AAi?$AAP?$AAl?$AAu?$AAs?$AA?4?$AAd?$AAl?$AAl?$AA?5?$AAn?$AAo?$AAt?$AA?5?$AAf?$AAo?$AAu?$AAn?$AAd?$AA?$CB?$AA?$AA@ 0000000180009778     ConEmuBg.obj
 0002:000007a8       ??_C@_1BI@LOJECBFD@?$AAG?$AAd?$AAi?$AAP?$AAl?$AAu?$AAs?$AA?4?$AAd?$AAl?$AAl?$AA?$AA@ 00000001800097a8     ConEmuBg.obj
 0002:000007c0       ??_C@_1GC@KCIBPHOM@?$AAG?$AAe?$AAt?$AAM?$AAo?$AAd?$AAu?$AAl?$AAe?$AAF?$AAi?$AAl?$AAe?$AAN?$AAa?$AAm?$AAe?$AA?5?$AAf?$AAa?$AAi?$AAl?$AAe?$AAd?$AA?5?$AAi?$AAn?$AA?5?$AAG?$AAD?$AAI?$AAP@ 00000001800097c0     ConEmuBg.obj
 0002:00000824       ??_C@_11LOCGONAA@?$AA?$AA@ 0000000180009824     ConEmuBg.obj
 0002:00000830       ??_C@_1EE@FAACFJFL@?$AA?$CF?$AAs?$AA?5?$AAn?$AAo?$AAt?$AA?5?$AAf?$AAo?$AAu?$AAn?$AAd?$AA?5?$AAi?$AAn?$AA?5?$AAt?$AAh?$AAe?$AA?5?$AAp?$AAl?$AAu?$AAg?$AAi?$AAn?$AA?5?$AAf?$AAo?$AAl?$AAd?$AAe@ 0000000180009830     ConEmuBg.obj
 0002:00000878       ??_C@_1DI@GHPFDGCO@?$AAC?$AAa?$AAn?$AA?8?$AAt?$AA?5?$AAr?$AAe?$AAa?$AAd?$AA?5?$AA?$CF?$AAu?$AA?5?$AAb?$AAy?$AAt?$AAe?$AAs?$AA?5?$AAf?$AAr?$AAo?$AAm?$AA?5?$AA?$CF?$AAs?$AA?$AA@ 0000000180009878     ConEmuBg.obj
 0002:000008b0       ??_C@_1DO@FEGEOJKO@?$AAC?$AAa?$AAn?$AA?8?$AAt?$AA?5?$AAa?$AAl?$AAl?$AAo?$AAc?$AAa?$AAt?$AAe?$AA?5?$AA?$CF?$AAu?$AA?5?$AAb?$AAy?$AAt?$AAe?$AAs?$AA?5?$AAf?$AAo?$AAr?$AA?5?$AA?$CF?$AAs?$AA?$AA@ 00000001800098b0     ConEmuBg.obj
 0002:000008f0       ??_C@_1EM@KNLHNKFN@?$AA?$CF?$AAs?$AA?5?$AAf?$AAi?$AAl?$AAe?$AA?5?$AAi?$AAn?$AA?5?$AAt?$AAh?$AAe?$AA?5?$AAp?$AAl?$AAu?$AAg?$AAi?$AAn?$AA?5?$AAf?$AAo?$AAl?$AAd?$AAe?$AAr?$AA?5?$AAi?$AAs?$AA?5@ 00000001800098f0     ConEmuBg.obj
 0002:00000940       ??_C@_1EE@OPEIBADO@?$AAC?$AAa?$AAn?$AA?8?$AAt?$AA?5?$AAi?$AAn?$AAi?$AAt?$AAi?$AAa?$AAl?$AAi?$AAz?$AAe?$AA?5?$AAn?$AAa?$AAm?$AAe?$AA?5?$AAo?$AAf?$AA?5?$AAx?$AAm?$AAl?$AA?5?$AAf?$AAi?$AAl@ 0000000180009940     ConEmuBg.obj
 0002:00000990       ??_C@_1GC@JKFCNIDB@?$AAT?$AAo?$AAo?$AA?5?$AAl?$AAo?$AAn?$AAg?$AA?5?$AAx?$AAm?$AAl?$AA?5?$AAp?$AAa?$AAt?$AAh?$AA?5?$AAa?$AAf?$AAt?$AAe?$AAr?$AA?5?$AAE?$AAx?$AAp?$AAa?$AAn?$AAd?$AAE?$AAn@ 0000000180009990     ConEmuBg.obj
 0002:00000a00       ??_C@_1GM@NPCBAKPP@?$AAf?$AAu?$AAn?$AAc?$AAt?$AAi?$AAo?$AAn?$AA?5?$AAC?$AAr?$AAe?$AAa?$AAt?$AAe?$AAX?$AAm?$AAl?$AAR?$AAe?$AAa?$AAd?$AAe?$AAr?$AA?5?$AAi?$AAn?$AA?5?$AAt?$AAh?$AAe?$AA?5@ 0000000180009a00     ConEmuBg.obj
 0002:00000a70       ??_C@_0BA@EICHKACL@CreateXmlReader?$AA@ 0000000180009a70     ConEmuBg.obj
 0002:00000a80       ??_C@_1CM@BLKKKOJI@?$AAx?$AAm?$AAl?$AAl?$AAi?$AAt?$AAe?$AA?4?$AAd?$AAl?$AAl?$AA?5?$AAn?$AAo?$AAt?$AA?5?$AAf?$AAo?$AAu?$AAn?$AAd?$AA?$AA@ 0000000180009a80     ConEmuBg.obj
 0002:00000ab0       ??_C@_1BI@DCLCNAFM@?$AAx?$AAm?$AAl?$AAl?$AAi?$AAt?$AAe?$AA?4?$AAd?$AAl?$AAl?$AA?$AA@ 0000000180009ab0     ConEmuBg.obj
 0002:00000ad0       ??_C@_1HA@MHONNEJA@?$AAC?$AAr?$AAe?$AAa?$AAt?$AAe?$AAC?$AAo?$AAm?$AAp?$AAa?$AAt?$AAi?$AAb?$AAl?$AAe?$AA?$FL?$AAD?$AAC?$AA?$HM?$AAB?$AAi?$AAt?$AAm?$AAa?$AAp?$AA?$FN?$AA?5?$AAf?$AAa?$AAi?$AAl@ 0000000180009ad0     ConEmuBg.obj
 0002:00000b40       ??_C@_1EK@HIHBLDLC@?$AAC?$AAa?$AAn?$AA?8?$AAt?$AA?5?$AAa?$AAl?$AAl?$AAo?$AAc?$AAa?$AAt?$AAe?$AA?5?$AAm?$AAe?$AAm?$AAo?$AAr?$AAy?$AA?5?$AAf?$AAo?$AAr?$AA?5?$AAs?$AAz?$AAF?$AAu?$AAl?$AAl@ 0000000180009b40     ConEmuBg.obj
 0002:00000b90       ??_C@_1DO@BMBIALGO@?$AAG?$AAe?$AAt?$AAI?$AAm?$AAa?$AAg?$AAe?$AAS?$AAi?$AAz?$AAe?$AA?5?$AAf?$AAa?$AAi?$AAl?$AAe?$AAd?$AA?0?$AA?5?$AAE?$AAr?$AAr?$AA?$DN?$AA?$CF?$AAi?$AA?6?$AA?$CF?$AAs?$AA?$AA@ 0000000180009b90     ConEmuBg.obj
 0002:00000bd0       ??_C@_1EG@KBBKNBAB@?$AAC?$AAr?$AAe?$AAa?$AAt?$AAe?$AAC?$AAo?$AAm?$AAp?$AAa?$AAt?$AAi?$AAb?$AAl?$AAe?$AA?$FL?$AAD?$AAC?$AA?$HM?$AAB?$AAi?$AAt?$AAm?$AAa?$AAp?$AA?$FN?$AA?5?$AAf?$AAa?$AAi?$AAl@ 0000000180009bd0     ConEmuBg.obj
 0002:00000c18       ??_C@_1DI@COJKFCDM@?$AAG?$AAd?$AAi?$AAp?$AAG?$AAe?$AAt?$AAD?$AAC?$AA?5?$AAf?$AAa?$AAi?$AAl?$AAe?$AAd?$AA?0?$AA?5?$AAE?$AAr?$AAr?$AA?$DN?$AA?$CF?$AAi?$AA?6?$AA?$CF?$AAs?$AA?$AA@ 0000000180009c18     ConEmuBg.obj
 0002:00000c50       ??_C@_1EM@FGINKPEA@?$AAC?$AAa?$AAn?$AA?8?$AAt?$AA?5?$AAa?$AAl?$AAl?$AAo?$AAc?$AAa?$AAt?$AAe?$AA?5?$AAm?$AAe?$AAm?$AAo?$AAr?$AAy?$AA?5?$AAf?$AAo?$AAr?$AA?5?$AAC?$AAa?$AAc?$AAh?$AAe?$AAd@ 0000000180009c50     ConEmuBg.obj
 0002:00000ca0       ??_C@_1EC@FCMECJAF@?$AAG?$AAd?$AAi?$AAp?$AAD?$AAr?$AAa?$AAw?$AAI?$AAm?$AAa?$AAg?$AAe?$AAI?$AA?5?$AAf?$AAa?$AAi?$AAl?$AAe?$AAd?$AA?0?$AA?5?$AAE?$AAr?$AAr?$AA?$DN?$AA?$CF?$AAi?$AA?6?$AA?$CF?$AAs@ 0000000180009ca0     ConEmuBg.obj
 0002:00000cf0       ??_C@_1EI@MNPBDJFF@?$AAG?$AAd?$AAi?$AAp?$AAC?$AAr?$AAe?$AAa?$AAt?$AAe?$AAF?$AAr?$AAo?$AAm?$AAH?$AAD?$AAC?$AA?5?$AAf?$AAa?$AAi?$AAl?$AAe?$AAd?$AA?0?$AA?5?$AAE?$AAr?$AAr?$AA?$DN?$AA?$CF?$AAi@ 0000000180009cf0     ConEmuBg.obj
 0002:00000d38       ??_C@_1DI@MGMDCCIK@?$AAC?$AAa?$AAn?$AA?8?$AAt?$AA?5?$AAl?$AAo?$AAa?$AAd?$AA?5?$AAi?$AAm?$AAa?$AAg?$AAe?$AA?0?$AA?5?$AAE?$AAr?$AAr?$AA?$DN?$AA?$CF?$AAi?$AA?6?$AA?$CF?$AAs?$AA?$AA@ 0000000180009d38     ConEmuBg.obj
 0002:00000d70       ??_C@_17DCNMIAEN@?$AAr?$AAe?$AAf?$AA?$AA@ 0000000180009d70     ConEmuBg.obj
 0002:00000d78       ??_C@_17EHOCEIDI@?$AAi?$AAm?$AAg?$AA?$AA@ 0000000180009d78     ConEmuBg.obj
 0002:00000d80       ??_C@_1BI@FHFKHMCH@?$AAP?$AAA?$AAN?$AAE?$AAL?$AAF?$AAO?$AAR?$AAM?$AAA?$AAT?$AA?$AA@ 0000000180009d80     ConEmuBg.obj
 0002:00000d98       ??_C@_1BG@CACAJBGP@?$AAV?$AAO?$AAL?$AAU?$AAM?$AAE?$AAS?$AAI?$AAZ?$AAE?$AA?$AA@ 0000000180009d98     ConEmuBg.obj
 0002:00000db0       ??_C@_1O@DFDGIFKD@?$AAV?$AAO?$AAL?$AAU?$AAM?$AAE?$AA?$AA@ 0000000180009db0     ConEmuBg.obj
 0002:00000dc0       ??_C@_1M@CNKDNHCK@?$AA?5?$AA?7?$AA?$AN?$AA?6?$AA?$CL?$AA?$AA@ 0000000180009dc0     ConEmuBg.obj
 0002:00000dd0       ??_C@_1M@NFEAPLNL@?$AAt?$AAi?$AAt?$AAl?$AAe?$AA?$AA@ 0000000180009dd0     ConEmuBg.obj
 0002:00000de0       ??_C@_17FDPGNGBJ@?$AAo?$AAf?$AAf?$AA?$AA@ 0000000180009de0     ConEmuBg.obj
 0002:00000de8       ??_C@_1M@GACLNJGJ@?$AAl?$AAa?$AAr?$AAg?$AAe?$AA?$AA@ 0000000180009de8     ConEmuBg.obj
 0002:00000df8       ??_C@_1M@LPGODFOM@?$AAs?$AAp?$AAa?$AAc?$AAe?$AA?$AA@ 0000000180009df8     ConEmuBg.obj
 0002:00000e08       ??_C@_17IHBDLLG@?$AAy?$AAe?$AAs?$AA?$AA@ 0000000180009e08     ConEmuBg.obj
 0002:00000e10       ??_C@_1M@OAJKEOAM@?$AAs?$AAh?$AAi?$AAf?$AAt?$AA?$AA@ 0000000180009e10     ConEmuBg.obj
 0002:00000e20       ??_C@_1BE@OACCNEKL@?$AAb?$AAg?$AAr?$AA_?$AAl?$AAi?$AAg?$AAh?$AAt?$AA?$AA@ 0000000180009e20     ConEmuBg.obj
 0002:00000e38       ??_C@_1BC@JFCNIMOB@?$AAb?$AAg?$AAr?$AA_?$AAd?$AAa?$AAr?$AAk?$AA?$AA@ 0000000180009e38     ConEmuBg.obj
 0002:00000e50       ??_C@_17NMNENAKF@?$AAb?$AAg?$AAr?$AA?$AA@ 0000000180009e50     ConEmuBg.obj
 0002:00000e58       ??_C@_1BE@OGMDEBBA@?$AAr?$AAg?$AAb?$AA_?$AAl?$AAi?$AAg?$AAh?$AAt?$AA?$AA@ 0000000180009e58     ConEmuBg.obj
 0002:00000e70       ??_C@_1BC@NNDMOMJF@?$AAr?$AAg?$AAb?$AA_?$AAd?$AAa?$AAr?$AAk?$AA?$AA@ 0000000180009e70     ConEmuBg.obj
 0002:00000e88       ??_C@_17PAHGLGBB@?$AAr?$AAg?$AAb?$AA?$AA@ 0000000180009e88     ConEmuBg.obj
 0002:00000e90       ??_C@_1M@EENKLIPJ@?$AAc?$AAo?$AAl?$AAo?$AAr?$AA?$AA@ 0000000180009e90     ConEmuBg.obj
 0002:00000ea0       ??_C@_1BC@LGPIFEA@?$AAd?$AAi?$AAs?$AAa?$AAb?$AAl?$AAe?$AAd?$AA?$AA@ 0000000180009ea0     ConEmuBg.obj
 0002:00000eb8       ??_C@_1O@JODKLKCF@?$AAf?$AAo?$AAr?$AAm?$AAa?$AAt?$AA?$AA@ 0000000180009eb8     ConEmuBg.obj
 0002:00000ec8       ??_C@_1BE@FDJCBAKA@?$AAp?$AAa?$AAt?$AAh?$AAm?$AAa?$AAt?$AAc?$AAh?$AA?$AA@ 0000000180009ec8     ConEmuBg.obj
 0002:00000ee0       ??_C@_19LFDMGLCC@?$AAT?$AAE?$AAM?$AAP?$AA?$AA@ 0000000180009ee0     ConEmuBg.obj
 0002:00000ef0       ??_C@_1BC@FAFPDLON@?$AAp?$AAa?$AAt?$AAh?$AAt?$AAy?$AAp?$AAe?$AA?$AA@ 0000000180009ef0     ConEmuBg.obj
 0002:00000f08       ??_C@_1BA@EJELCCEN@?$AAR?$AAA?$AAM?$AAD?$AAI?$AAS?$AAK?$AA?$AA@ 0000000180009f08     ConEmuBg.obj
 0002:00000f18       ??_C@_1M@NEPFDHKI@?$AAC?$AAD?$AAR?$AAO?$AAM?$AA?$AA@ 0000000180009f18     ConEmuBg.obj
 0002:00000f28       ??_C@_1O@OAMNPHFH@?$AAR?$AAE?$AAM?$AAO?$AAT?$AAE?$AA?$AA@ 0000000180009f28     ConEmuBg.obj
 0002:00000f38       ??_C@_1M@PEPLLLCM@?$AAF?$AAI?$AAX?$AAE?$AAD?$AA?$AA@ 0000000180009f38     ConEmuBg.obj
 0002:00000f48       ??_C@_1BE@JMGCMLBE@?$AAR?$AAE?$AAM?$AAO?$AAV?$AAA?$AAB?$AAL?$AAE?$AA?$AA@ 0000000180009f48     ConEmuBg.obj
 0002:00000f60       ??_C@_1BI@BCACJIAB@?$AAN?$AAO?$AA_?$AAR?$AAO?$AAO?$AAT?$AA_?$AAD?$AAI?$AAR?$AA?$AA@ 0000000180009f60     ConEmuBg.obj
 0002:00000f78       ??_C@_1BE@FAHOEFOG@?$AAd?$AAr?$AAi?$AAv?$AAe?$AAt?$AAy?$AAp?$AAe?$AA?$AA@ 0000000180009f78     ConEmuBg.obj
 0002:00000f90       ??_C@_19FILLMKCG@?$AAI?$AAN?$AAF?$AAO?$AA?$AA@ 0000000180009f90     ConEmuBg.obj
 0002:00000fa0       ??_C@_1M@KIGDKMPO@?$AAQ?$AAV?$AAI?$AAE?$AAW?$AA?$AA@ 0000000180009fa0     ConEmuBg.obj
 0002:00000fb0       ??_C@_19EINGHGNA@?$AAT?$AAR?$AAE?$AAE?$AA?$AA@ 0000000180009fb0     ConEmuBg.obj
 0002:00000fc0       ??_C@_1O@BDNPEFIG@?$AAP?$AAL?$AAU?$AAG?$AAI?$AAN?$AA?$AA@ 0000000180009fc0     ConEmuBg.obj
 0002:00000fd0       ??_C@_1M@EKGBHJEJ@?$AAD?$AAR?$AAI?$AAV?$AAE?$AA?$AA@ 0000000180009fd0     ConEmuBg.obj
 0002:00000fe0       ??_C@_1O@EFKGOBLP@?$AAV?$AAI?$AAE?$AAW?$AAE?$AAR?$AA?$AA@ 0000000180009fe0     ConEmuBg.obj
 0002:00000ff0       ??_C@_1O@PEPCDNON@?$AAE?$AAD?$AAI?$AAT?$AAO?$AAR?$AA?$AA@ 0000000180009ff0     ConEmuBg.obj
 0002:00001000       ??_C@_1M@HLGJKDIH@?$AAP?$AAA?$AAN?$AAE?$AAL?$AA?$AA@ 000000018000a000     ConEmuBg.obj
 0002:00001010       ??_C@_1O@OCKFCHPL@?$AAP?$AAA?$AAN?$AAE?$AAL?$AAS?$AA?$AA@ 000000018000a010     ConEmuBg.obj
 0002:00001020       ??_C@_19FHBCDCCA@?$AAt?$AAy?$AAp?$AAe?$AA?$AA@ 000000018000a020     ConEmuBg.obj
 0002:00001030       ??_C@_1M@HCONLDPB@?$AAp?$AAa?$AAn?$AAe?$AAl?$AA?$AA@ 000000018000a030     ConEmuBg.obj
 0002:00001040       ??_C@_1O@IANIHGAM@?$AAw?$AAi?$AAn?$AAd?$AAo?$AAw?$AA?$AA@ 000000018000a040     ConEmuBg.obj
 0002:00001050       _GUID_7279fc81_709d_4095_b63d_69fe4b0d9030 000000018000a050     ConEmuBg.obj
 0002:00001060       ??_C@_1O@FLJJBOMO@?$AA?2?$AAT?$AAE?$AAM?$AAP?$AA?2?$AA?$AA@ 000000018000a060     ConEmuBg.obj
 0002:00001070       ??_C@_1EI@KDEPAOIE@?$AAC?$AAo?$AAn?$AAE?$AAm?$AAu?$AAB?$AAk?$AA?3?$AA?5?$AA?$CF?$AAs?$AA?5?$AA?9?$AA?5?$AA?$HL?$AA?$CF?$AAi?$AA?0?$AA?$CF?$AAi?$AA?0?$AA?$CF?$AAi?$AA?0?$AA?$CF?$AAi?$AA?$CJ?$AA?5?$AA?$CD?$AA?$CF?$AA0@ 000000018000a070     ConEmuBg.obj
 0002:000010b8       ??_C@_1DA@JALAODAO@?$AAi?$AAm?$AAg?$AA?1?$AAd?$AAr?$AAi?$AAv?$AAe?$AA_?$AAr?$AAe?$AAm?$AAo?$AAv?$AAa?$AAb?$AAl?$AAe?$AA?4?$AAp?$AAn?$AAg?$AA?$AA@ 000000018000a0b8     ConEmuBg.obj
 0002:000010e8       ??_C@_1CM@FDAGABBA@?$AAi?$AAm?$AAg?$AA?1?$AAd?$AAr?$AAi?$AAv?$AAe?$AA_?$AAn?$AAe?$AAt?$AAw?$AAo?$AAr?$AAk?$AA?4?$AAp?$AAn?$AAg?$AA?$AA@ 000000018000a0e8     ConEmuBg.obj
 0002:00001118       ??_C@_1CI@DLJJCGCI@?$AAi?$AAm?$AAg?$AA?1?$AAd?$AAr?$AAi?$AAv?$AAe?$AA_?$AAc?$AAd?$AAr?$AAo?$AAm?$AA?4?$AAp?$AAn?$AAg?$AA?$AA@ 000000018000a118     ConEmuBg.obj
 0002:00001140       ??_C@_1CM@NJAGAAPF@?$AAi?$AAm?$AAg?$AA?1?$AAd?$AAr?$AAi?$AAv?$AAe?$AA_?$AAr?$AAa?$AAm?$AAd?$AAi?$AAs?$AAk?$AA?4?$AAp?$AAn?$AAg?$AA?$AA@ 000000018000a140     ConEmuBg.obj
 0002:00001170       ??_C@_1CI@FIJFGDPK@?$AAi?$AAm?$AAg?$AA?1?$AAd?$AAr?$AAi?$AAv?$AAe?$AA_?$AAf?$AAi?$AAx?$AAe?$AAd?$AA?4?$AAp?$AAn?$AAg?$AA?$AA@ 000000018000a170     ConEmuBg.obj
 0002:00001198       ??_C@_1BO@KJOLJEJK@?$AAi?$AAm?$AAg?$AA?1?$AAp?$AAl?$AAu?$AAg?$AAi?$AAn?$AA?4?$AAp?$AAn?$AAg?$AA?$AA@ 000000018000a198     ConEmuBg.obj
 0002:000011b8       ??_C@_1M@MDEFCCAF@?$AA?$CF?$AAu?$AA?5?$AA?$CF?$AAs?$AA?$AA@ 000000018000a1b8     ConEmuBg.obj
 0002:000011c8       ??_C@_1BC@MFPHLBKH@?$AA?$CF?$AAu?$AA?4?$AA?$CF?$AAu?$AA?5?$AA?$CF?$AAs?$AA?$AA@ 000000018000a1c8     ConEmuBg.obj
 0002:000011e0       ??_C@_19DKAIAFPE@?$AAL?$AAe?$AAf?$AAt?$AA?$AA@ 000000018000a1e0     ConEmuBg.obj
 0002:000011f0       ??_C@_1FK@LJOGCJPM@?$AAC?$AAo?$AAn?$AAE?$AAm?$AAu?$AAB?$AAk?$AA?3?$AA?5?$AAD?$AAi?$AAs?$AAa?$AAb?$AAl?$AAe?$AAd?$AA?5?$AA?$CF?$AAs?$AA?5?$AA?9?$AA?5?$AA?$HL?$AA?$CF?$AAi?$AA?0?$AA?$CF?$AAi?$AA?0?$AA?$CF@ 000000018000a1f0     ConEmuBg.obj
 0002:00001250       ??_C@_1M@KDEMMBOH@?$AAR?$AAi?$AAg?$AAh?$AAt?$AA?$AA@ 000000018000a250     ConEmuBg.obj
 0002:0000125c       ??_C@_15HDKOMGBN@?$AAP?$AAB?$AA?$AA@ 000000018000a25c     ConEmuBg.obj
 0002:00001264       ??_C@_15OIDPIEAL@?$AAT?$AAB?$AA?$AA@ 000000018000a264     ConEmuBg.obj
 0002:0000126c       ??_C@_15GNHNPEDO@?$AAG?$AAB?$AA?$AA@ 000000018000a26c     ConEmuBg.obj
 0002:00001274       ??_C@_15MMOGNHFI@?$AAM?$AAB?$AA?$AA@ 000000018000a274     ConEmuBg.obj
 0002:0000127c       ??_C@_15BKLPDEEF@?$AAK?$AAB?$AA?$AA@ 000000018000a27c     ConEmuBg.obj
 0002:00001284       ??_C@_13OPKGLAFF@?$AAB?$AA?$AA@ 000000018000a284     ConEmuBg.obj
 0002:00001288       ??_C@_1M@KAKMLIHO@?$AAA?$AAr?$AAi?$AAa?$AAl?$AA?$AA@ 000000018000a288     ConEmuBg.obj
 0002:000012a0       ??_C@_1FG@IGPHDCHD@?$AAC?$AAo?$AAn?$AAE?$AAm?$AAu?$AAB?$AAk?$AA?3?$AA?5?$AAI?$AAn?$AAv?$AAi?$AAs?$AAi?$AAb?$AAl?$AAe?$AA?5?$AAR?$AAi?$AAg?$AAh?$AAt?$AA?5?$AA?9?$AA?5?$AA?$HL?$AA?$CF?$AAi?$AA?0@ 000000018000a2a0     ConEmuBg.obj
 0002:00001300       ??_C@_1FE@OJCEMPCK@?$AAC?$AAo?$AAn?$AAE?$AAm?$AAu?$AAB?$AAk?$AA?3?$AA?5?$AAI?$AAn?$AAv?$AAi?$AAs?$AAi?$AAb?$AAl?$AAe?$AA?5?$AAL?$AAe?$AAf?$AAt?$AA?5?$AA?9?$AA?5?$AA?$HL?$AA?$CF?$AAi?$AA?0?$AA?$CF@ 000000018000a300     ConEmuBg.obj
 0002:00001358       ??_C@_1BE@POBJGOHE@?$AAC?$AAo?$AAn?$AAE?$AAm?$AAu?$AAB?$AAg?$AA?2?$AA?$AA@ 000000018000a358     ConEmuBg995.obj
 0002:00001370       ??_C@_1DE@DJEAMLPH@?$AAC?$AAo?$AAn?$AAE?$AAm?$AAu?$AA?4?$AAM?$AAa?$AAx?$AAi?$AAm?$AAu?$AAs?$AA5?$AA?$EA?$AAg?$AAm?$AAa?$AAi?$AAl?$AA?4?$AAc?$AAo?$AAm?$AA?$AA@ 000000018000a370     ConEmuBg2800.obj
 0002:000013b0       ??_C@_1GC@GCGDBDMO@?$AAP?$AAa?$AAi?$AAn?$AAt?$AA?5?$AAF?$AAa?$AAr?$AA?5?$AAp?$AAa?$AAn?$AAe?$AAl?$AAs?$AA?5?$AAb?$AAa?$AAc?$AAk?$AAg?$AAr?$AAo?$AAu?$AAn?$AAd?$AA?5?$AAi?$AAn?$AA?5?$AAt@ 000000018000a3b0     ConEmuBg2800.obj
 0002:00001418       ??_C@_1CE@PJKCDLK@?$AAC?$AAo?$AAn?$AAE?$AAm?$AAu?$AA?5?$AAB?$AAa?$AAc?$AAk?$AAg?$AAr?$AAo?$AAu?$AAn?$AAd?$AA?$AA@ 000000018000a418     ConEmuBg2800.obj
 0002:00001440       IID_IUnknown               000000018000a440     uuid:unknwn_i.obj
 0002:00001450       IID_ISequentialStream      000000018000a450     uuid:objidl_i.obj
 0002:00001460       IID_IStream                000000018000a460     uuid:objidl_i.obj
 0002:000017c4       __IMPORT_DESCRIPTOR_KERNEL32 000000018000a7c4     kernel32:KERNEL32.dll
 0002:000017d8       __IMPORT_DESCRIPTOR_USER32 000000018000a7d8     user32:USER32.dll
 0002:000017ec       __IMPORT_DESCRIPTOR_GDI32  000000018000a7ec     gdi32:GDI32.dll
 0002:00001800       __IMPORT_DESCRIPTOR_ADVAPI32 000000018000a800     advapi32:ADVAPI32.dll
 0002:00001814       __IMPORT_DESCRIPTOR_ole32  000000018000a814     ole32:ole32.dll
 0002:00001828       __IMPORT_DESCRIPTOR_VERSION 000000018000a828     version:VERSION.dll
 0002:0000183c       __NULL_IMPORT_DESCRIPTOR   000000018000a83c     kernel32:KERNEL32.dll
 0003:00000000       ?gSettings@@3PAUConEmuBgSettings@@A 000000018000c000     ConEmuBg.obj
 0003:00000048       ?szDefaultXmlName@@3PEB_WEB 000000018000c048     ConEmuBg.obj
 0003:00000050       ?Far3Func@@3PAUExportFunc@@A 000000018000c050     ConEmuBg.obj
 0003:00000098       ?guid_ConEmuBg@@3U_GUID@@A 000000018000c098     ConEmuBg2800.obj
 0003:000000a8       ?guid_ConEmuBgCfgDlg@@3U_GUID@@A 000000018000c0a8     ConEmuBg2800.obj
 0003:000000b8       ?guid_ConEmuBgPluginMenu@@3U_GUID@@A 000000018000c0b8     ConEmuBg2800.obj
 0003:000000c8       ?guid_ConEmuBgPluginConfig@@3U_GUID@@A 000000018000c0c8     ConEmuBg2800.obj
 0003:000000e0       ?ghPluginModule@@3PEAUHINSTANCE__@@EA 000000018000c0e0     ConEmuBg.obj
 0003:000000e8       ?gFarVersion@@3UFarVersion@@A 000000018000c0e8     ConEmuBg.obj
 0003:000000f8       ?gbInStartPlugin@@3_NA     000000018000c0f8     ConEmuBg.obj
 0003:000000f9       ?gbSetStartupInfoOk@@3_NA  000000018000c0f9     ConEmuBg.obj
 0003:000000fa       ?gbGdiPlusInitialized@@3_NA 000000018000c0fa     ConEmuBg.obj
 0003:000000fc       ?gbBackgroundEnabled@@3HA  000000018000c0fc     ConEmuBg.obj
 0003:00000100       ?gsXmlConfigFile@@3PA_WA   000000018000c100     ConEmuBg.obj
 0003:00000308       ?gbMonitorFileChange@@3HA  000000018000c308     ConEmuBg.obj
 0003:0000030c       ?gbInfoW_OK@@3HA           000000018000c30c     ConEmuBg.obj
 0003:00000310       ?gfCreateXmlReader@@3P6AJAEBU_GUID@@PEAPEAXPEAX@ZEA 000000018000c310     ConEmuBg.obj
 0003:00000318       ?ghXmlLite@@3PEAUHINSTANCE__@@EA 000000018000c318     ConEmuBg.obj
 0003:00000320       ?XmlFile@@3UXmlConfigFile@@A 000000018000c320     ConEmuBg.obj
 0003:00000368       ?gpszXmlFile@@3PEA_WEA     000000018000c368     ConEmuBg.obj
 0003:00000370       ?gpszXmlFolder@@3PEA_WEA   000000018000c370     ConEmuBg.obj
 0003:00000378       ?ghXmlNotification@@3PEAXEA 000000018000c378     ConEmuBg.obj
 0003:00000380       ?gpDecoder@@3PEAUGDIPlusDecoder@@EA 000000018000c380     ConEmuBg.obj
 0003:00000390       ?InfoW995@@3PEAUPluginStartupInfo@@EA 000000018000c390     ConEmuBg995.obj
 0003:00000398       ?FSFW995@@3PEAUFarStandardFunctions@@EA 000000018000c398     ConEmuBg995.obj
 0003:000005b0       ?InfoW1900@@3PEAUPluginStartupInfo@@EA 000000018000c5b0     ConEmuBg1900.obj
 0003:000005b8       ?FSFW1900@@3PEAUFarStandardFunctions@@EA 000000018000c5b8     ConEmuBg1900.obj
 0003:000007d0       ?InfoW2800@@3PEAUPluginStartupInfo@@EA 000000018000c7d0     ConEmuBg2800.obj
 0003:000007d8       ?FSFW2800@@3PEAUFarStandardFunctions@@EA 000000018000c7d8     ConEmuBg2800.obj
 0003:000009f0       ?InfoA@@3PEAUPluginStartupInfo@@EA 000000018000c9f0     ConEmuBgA.obj
 0003:000009f8       ?FSFA@@3PEAUFarStandardFunctions@@EA 000000018000c9f8     ConEmuBgA.obj
 0003:00000b10       ?ghHeap@@3PEAXEA           000000018000cb10     Memory.obj

 entry point at        0001:00001e08

 Static symbols

 0001:0000040c       ?LoadFarVersion@@YA_NAEAUFarVersion@@AEAY0CAA@_W@Z 000000018000140c f   ConEmuBg.obj
 0001:0000062c       ?ChangeExports@@YA_NPEBUExportFunc@@PEAUHINSTANCE__@@@Z 000000018000162c f   ConEmuBg.obj
 0001:000051a4       ?ConfigDlgProc@@YA_JPEAXHH_J@Z 00000001800061a4 f   ConEmuBg995.obj
 0001:00005260       ?ConfigureProc@@YAHH@Z     0000000180006260 f   ConEmuBg995.obj
 0001:00005940       ?ConfigDlgProc@@YA_JPEAXHH0@Z 0000000180006940 f   ConEmuBg1900.obj
 0001:000059fc       ?ConfigureProc@@YAHH@Z     00000001800069fc f   ConEmuBg1900.obj
 0001:000064d0       ?ConfigDlgProc@@YA_JPEAX_J10@Z 00000001800074d0 f   ConEmuBg2800.obj
 0001:00006594       ?ConfigureProc@@YAHH@Z     0000000180007594 f   ConEmuBg2800.obj
 0001:0000705c       ?ConfigDlgProc@@YA_JPEAXHH_J@Z 000000018000805c f   ConEmuBgA.obj
 0001:00007128       ?ConfigureProc@@YAHH@Z     0000000180008128 f   ConEmuBgA.obj
 0001:00007900       ?strtoxl@@YAKPEB_WPEAPEA_WHH@Z 0000000180008900 f   libCRT64:strtol.obj
