 ConEmu

 Timestamp is 527c01e0 (Fri Nov 08 01:10:56 2013)

 Preferred load address is 10000000

 Start         Length     Name                   Class
 0001:00000000 0002cc26H .text                   CODE
 0002:00000000 00000348H .idata$5                DATA
 0002:00000350 00003998H .rdata                  DATA
 0002:00003ce8 00000078H .rdata$debug            DATA
 0002:00003d60 0000000cH .rdata$sxdata           DATA
 0002:00003d70 0000003cH .xdata$x                DATA
 0002:00003dac 00000078H .idata$2                DATA
 0002:00003e24 00000014H .idata$3                DATA
 0002:00003e38 00000348H .idata$4                DATA
 0002:00004180 00000ee4H .idata$6                DATA
 0002:00005070 00000337H .edata                  DATA
 0003:00000000 00000198H .data                   DATA
 0003:00000198 000023b0H .bss                    DATA
 0004:00000000 00000004H .CRT$XIC                DATA
 0005:00000000 00000058H .rsrc$01                DATA
 0005:00000060 00000290H .rsrc$02                DATA

  Address         Publics by Value              Rva+Base       Lib:Object

 0000:00000000       __except_list              00000000     <absolute>
 0000:00000003       ___safe_se_handler_count   00000003     <absolute>
 0000:00000000       ___ImageBase               10000000     <linker-defined>
 0001:00000000       ?StartupHooks@@YIHPAUHINSTANCE__@@@Z 10001000 f   ConEmuInjects.obj
 0001:00000360       ?ShutdownHooks@@YIXXZ      10001360 f   ConEmuInjects.obj
 0001:000004f0       ??$wcscpy_c@$0EA@@@YIHAAY0EA@_WPB_W@Z 100014f0 f i ConEmuInjects.obj
 0001:00000520       ?StringCchCopyW@@YGJPA_WIPB_W@Z 10001520 f i ConEmuInjects.obj
 0001:00000650       ?pcc_Selected@@YI_NW4PluginMenuCommands@@@Z 10001650 f   ConEmuPlugin.obj
 0001:000006c0       ?pcc_Disabled@@YI_NW4PluginMenuCommands@@@Z 100016c0 f   ConEmuPlugin.obj
 0001:00000770       ?GetPluginInfoWcmn@@YGXPAX@Z 10001770 f   ConEmuPlugin.obj
 0001:000007b0       ?CheckConEmuDetached@@YIXXZ 100017b0 f   ConEmuPlugin.obj
 0001:00000850       ??BHWND2@@QBEKXZ           10001850 f i ConEmuPlugin.obj
 0001:00000860       ?OpenPluginWcmn@@YIPAXHH_N@Z 10001860 f   ConEmuPlugin.obj
 0001:00000af0       _OpenPluginW@8             10001af0 f   ConEmuPlugin.obj
 0001:00000b30       ?TouchReadPeekConsoleInputs@@YIXH@Z 10001b30 f   ConEmuPlugin.obj
 0001:00000b70       ?OnMainThreadActivated@@YIXXZ 10001b70 f   ConEmuPlugin.obj
 0001:00000df0       ?IsFarLua@FarVersion@@QBE_NXZ 10001df0 f i ConEmuPlugin.obj
 0001:00000e40       ?OnConsolePeekReadInput@@YIXH@Z 10001e40 f   ConEmuPlugin.obj
 0001:00001030       ?ActiveServerPID@CESERVER_CONSOLE_MAPPING_HDR@@QBEKXZ 10002030 f i ConEmuPlugin.obj
 0001:00001070       ?OnPanelViewCallbacks@@YIHPAUHookCallbackArg@@P6GHPAXPAU_INPUT_RECORD@@KPAKPAH@Z5@Z 10002070 f   ConEmuPlugin.obj
 0001:00001150       ?OnShellExecuteExW_Except@@YGXPAUHookCallbackArg@@@Z 10002150 f   ConEmuPlugin.obj
 0001:00001190       ?OnGetNumberOfConsoleInputEventsPost@@YGXPAUHookCallbackArg@@@Z 10002190 f   ConEmuPlugin.obj
 0001:000011d0       ?UngetDummyMouseEvent@@YIHHPAUHookCallbackArg@@@Z 100021d0 f   ConEmuPlugin.obj
 0001:00001400       ??4HANDLE2@@QAEAAU0@PAX@Z  10002400 f i ConEmuPlugin.obj
 0001:00001420       ?OnConsolePeekInput@@YGHPAUHookCallbackArg@@@Z 10002420 f   ConEmuPlugin.obj
 0001:000014a0       ?OnConsolePeekInputPost@@YGXPAUHookCallbackArg@@@Z 100024a0 f   ConEmuPlugin.obj
 0001:000014e0       ?OnConsoleReadInputWork@@YIHPAUHookCallbackArg@@@Z 100024e0 f   ConEmuPlugin.obj
 0001:00001570       ?OnConsoleReadInput@@YGHPAUHookCallbackArg@@@Z 10002570 f   ConEmuPlugin.obj
 0001:00001580       ?OnConsoleReadInputPost@@YGXPAUHookCallbackArg@@@Z 10002580 f   ConEmuPlugin.obj
 0001:000017c0       ?OnWriteConsoleOutput@@YGHPAUHookCallbackArg@@@Z 100027c0 f   ConEmuPlugin.obj
 0001:000018a0       _ProcessSynchroEventW@8    100028a0 f   ConEmuPlugin.obj
 0001:00001950       ?ShutdownPluginStep@@YIXPB_WHHHH@Z 10002950 f   ConEmuPlugin.obj
 0001:00001970       _DllMain@12                10002970 f   ConEmuPlugin.obj
 0001:00001be0       ??_GMSection@@QAEPAXI@Z    10002be0 f i ConEmuPlugin.obj
 0001:00001c10       ??_GCPluginBackground@@QAEPAXI@Z 10002c10 f i ConEmuPlugin.obj
 0001:00001c40       __DllMainCRTStartup@12     10002c40 f   ConEmuPlugin.obj
 0001:00001c60       ?IsConsoleActive@@YGHXZ    10002c60 f   ConEmuPlugin.obj
 0001:00001cc0       ?GetFarHWND2@@YGPAUHWND__@@H@Z 10002cc0 f   ConEmuPlugin.obj
 0001:00001d30       ?GetFarHWND@@YGPAUHWND__@@XZ 10002d30 f   ConEmuPlugin.obj
 0001:00001d40       ?IsTerminalMode@@YGHXZ     10002d40 f   ConEmuPlugin.obj
 0001:00001d50       ?GetFarVersion@@YGXPAUFarVersion@@@Z 10002d50 f   ConEmuPlugin.obj
 0001:00001d80       ?LoadFarVersion@@YIHXZ     10002d80 f   ConEmuPlugin.obj
 0001:00002110       ?RegisterPanelView@@YGHPAUPanelViewInit@@@Z 10003110 f   ConEmuPlugin.obj
 0001:00002300       ?RegisterBackground@@YGHPAURegisterBackgroundArg@@@Z 10003300 f   ConEmuPlugin.obj
 0001:00002390       ?SyncExecute@@YGHPAUHINSTANCE__@@P6GXJ@ZJ@Z 10003390 f   ConEmuPlugin.obj
 0001:000023e0       ?ActivateConsole@@YGHXZ    100033e0 f   ConEmuPlugin.obj
 0001:00002470       ??BHWND2@@QBEPAUHWND__@@XZ 10003470 f i ConEmuPlugin.obj
 0001:00002480       ??4HWND2@@QAEAAU0@PAUHWND__@@@Z 10003480 f i ConEmuPlugin.obj
 0001:000024a0       ?ExecuteSynchro@@YIXXZ     100034a0 f   ConEmuPlugin.obj
 0001:00002560       ?ProcessCommand@@YIHKHPAXPAPAUCESERVER_REQ@@@Z 10003560 f   ConEmuPlugin.obj
 0001:000032f0       ?StringCchCatW@@YGJPA_WIPB_W@Z 100042f0 f i ConEmuPlugin.obj
 0001:000038c0       ?FarSetConsoleSize@@YIHFF@Z 100048c0 f   ConEmuPlugin.obj
 0001:000039d0       ?OnConsoleDetaching@@YGHPAUHookCallbackArg@@@Z 100049d0 f   ConEmuPlugin.obj
 0001:00003af0       ?OnConsoleWasAttached@@YGXPAUHookCallbackArg@@@Z 10004af0 f   ConEmuPlugin.obj
 0001:00003b50       ?MonitorThreadProcW@@YGKPAX@Z 10004b50 f   ConEmuPlugin.obj
 0001:00003ef0       ?CommonPluginStartup@@YIXXZ 10004ef0 f   ConEmuPlugin.obj
 0001:00004000       _SetStartupInfoW@4         10005000 f   ConEmuPlugin.obj
 0001:00004060       ?CloseMapHeader@@YIXXZ     10005060 f   ConEmuPlugin.obj
 0001:00004090       ?OpenMapHeader@@YIHXZ      10005090 f   ConEmuPlugin.obj
 0001:00004150       ?InitRootKey@@YIXXZ        10005150 f   ConEmuPlugin.obj
 0001:00004210       ?InitHWND@@YIXXZ           10005210 f   ConEmuPlugin.obj
 0001:00004720       ?ReloadFarInfo@@YIHH@Z     10005720 f   ConEmuPlugin.obj
 0001:00004b80       ?UpdateConEmuTabsW@@YI_NH_N0PAX@Z 10005b80 f   ConEmuPlugin.obj
 0001:00004c70       ?UpdateConEmuTabs@@YI_NH_N0PAX@Z 10005c70 f   ConEmuPlugin.obj
 0001:00004e80       ?CreateTabs@@YIHH@Z        10005e80 f   ConEmuPlugin.obj
 0001:00004f70       ?AddTab@@YIHAAH_N1HPB_W2HHHH@Z 10005f70 f   ConEmuPlugin.obj
 0001:00005390       _wmemcmp                   10006390 f i ConEmuPlugin.obj
 0001:000053f0       ?SendTabs@@YIXHH@Z         100063f0 f   ConEmuPlugin.obj
 0001:000055c0       _ProcessEditorInputW@4     100065c0 f   ConEmuPlugin.obj
 0001:00005600       _ProcessEditorEventW@8     10006600 f   ConEmuPlugin.obj
 0001:00005690       _ProcessViewerEventW@8     10006690 f   ConEmuPlugin.obj
 0001:00005710       ?FillLoadedParm@@YIXPAUConEmuLoadedArg@@PAUHINSTANCE__@@H@Z 10006710 f   ConEmuPlugin.obj
 0001:000057f0       ?NotifyConEmuUnloaded@@YIXXZ 100067f0 f   ConEmuPlugin.obj
 0001:00005930       ?StopThread@@YIXXZ         10006930 f   ConEmuPlugin.obj
 0001:00005c90       ??_G?$MFileMapping@UCESERVER_CONSOLE_MAPPING_HDR@@@@QAEPAXI@Z 10006c90 f i ConEmuPlugin.obj
 0001:00005cc0       _ProcessDialogEventW@8     10006cc0 f   ConEmuPlugin.obj
 0001:00005cd0       ?OpenW@@YGPAXPBX@Z         10006cd0 f   ConEmuPlugin.obj
 0001:00005d20       ?ProcessConsoleInputW@@YGHPAX@Z 10006d20 f   ConEmuPlugin.obj
 0001:00005d50       ?ProcessEditorEventW3@@YGHPAX@Z 10006d50 f   ConEmuPlugin.obj
 0001:00005d80       ?ProcessViewerEventW3@@YGHPAX@Z 10006d80 f   ConEmuPlugin.obj
 0001:00005db0       ?ProcessDialogEventW3@@YGHPAX@Z 10006db0 f   ConEmuPlugin.obj
 0001:00005de0       ?ProcessSynchroEventW3@@YGHPAX@Z 10006de0 f   ConEmuPlugin.obj
 0001:00005e10       ?ExitFarCmn@@YIXXZ         10006e10 f   ConEmuPlugin.obj
 0001:00005e50       _ExitFARW@0                10006e50 f   ConEmuPlugin.obj
 0001:00005ec0       ?ExitFARW3@@YGXPAX@Z       10006ec0 f   ConEmuPlugin.obj
 0001:00005f10       ?CheckResources@@YIXH@Z    10006f10 f   ConEmuPlugin.obj
 0001:00006070       ?InitResources@@YIXXZ      10007070 f   ConEmuPlugin.obj
 0001:00006340       ?StringCchCopyNW@@YGJPA_WIPB_WI@Z 10007340 f i ConEmuPlugin.obj
 0001:000063a0       ?CloseTabs@@YIXXZ          100073a0 f   ConEmuPlugin.obj
 0001:00006420       ?OutDataAlloc@@YIHK@Z      10007420 f   ConEmuPlugin.obj
 0001:00006490       ?OutDataRealloc@@YIHK@Z    10007490 f   ConEmuPlugin.obj
 0001:00006570       ?OutDataWrite@@YIHPAXK@Z   10007570 f   ConEmuPlugin.obj
 0001:00006640       ?ShowMessage@@YIHHH@Z      10007640 f   ConEmuPlugin.obj
 0001:000066b0       ?ShowMessage@@YIHPB_WH_N@Z 100076b0 f   ConEmuPlugin.obj
 0001:000067a0       ?ShowMessageGui@@YIHHH@Z   100077a0 f   ConEmuPlugin.obj
 0001:00006880       ?GetMsgW@@YIPB_WH@Z        10007880 f   ConEmuPlugin.obj
 0001:000068e0       ?PostMacro@@YIXPB_WPAU_INPUT_RECORD@@@Z 100078e0 f   ConEmuPlugin.obj
 0001:00006a40       ?ShowPluginMenu@@YIXW4PluginCallCommands@@@Z 10007a40 f   ConEmuPlugin.obj
 0001:00007470       ?FindServerCmd@@YIHKAAK_N@Z 10008470 f   ConEmuPlugin.obj
 0001:00007570       ?Attach2Gui@@YIHXZ         10008570 f   ConEmuPlugin.obj
 0001:00007a10       ?StartDebugger@@YIHXZ      10008a10 f   ConEmuPlugin.obj
 0001:00007d30       ?wcsrchr@@YAPA_WPA_W_W@Z   10008d30 f i ConEmuPlugin.obj
 0001:00007d50       ?IsMacroActive@@YIHXZ      10008d50 f   ConEmuPlugin.obj
 0001:00007dc0       ?GetMacroArea@@YIHXZ       10008dc0 f   ConEmuPlugin.obj
 0001:00007e20       ?RedrawAll@@YIXXZ          10008e20 f   ConEmuPlugin.obj
 0001:00007e80       ?GetEditorModifiedState@@YIKXZ 10008e80 f   ConEmuPlugin.obj
 0001:00007ed0       ?GetActiveWindowType@@YIHXZ 10008ed0 f   ConEmuPlugin.obj
 0001:00007f20       ?RunExternalProgramW@@YI_NPA_W0_N@Z 10008f20 f   ConEmuPlugin.obj
 0001:00008150       ?Disable@MWow64Disable@@QAEXXZ 10009150 f i ConEmuPlugin.obj
 0001:00008180       ?Restore@MWow64Disable@@QAEXXZ 10009180 f i ConEmuPlugin.obj
 0001:000081c0       ??0MWow64Disable@@QAE@XZ   100091c0 f i ConEmuPlugin.obj
 0001:00008240       ??1MWow64Disable@@QAE@XZ   10009240 f i ConEmuPlugin.obj
 0001:00008260       ?ShowConsoleInfo@@YIXXZ    10009260 f   ConEmuPlugin.obj
 0001:000083d0       ?GetMainThreadId@@YIKXZ    100093d0 f   ConEmuPlugin.obj
 0001:00008470       ?OnLibraryLoaded@@YGXPAUHINSTANCE__@@@Z 10009470 f   ConEmuPlugin.obj
 0001:000084f0       ?_calloc@@YIPAXII@Z        100094f0 f   ConEmuPlugin.obj
 0001:00008510       ?_malloc@@YIPAXI@Z         10009510 f   ConEmuPlugin.obj
 0001:00008530       ?_free@@YIXPAX@Z           10009530 f   ConEmuPlugin.obj
 0001:00008550       ?Ptr@?$MFileMapping@UCESERVER_CONSOLE_MAPPING_HDR@@@@QAEPAUCESERVER_CONSOLE_MAPPING_HDR@@XZ 10009550 f i ConEmuPlugin.obj
 0001:00008570       ?InitName@?$MFileMapping@UCESERVER_CONSOLE_MAPPING_HDR@@@@QAEPB_WPB_WKK@Z 10009570 f i ConEmuPlugin.obj
 0001:000085c0       ?CloseMap@?$MFileMapping@UCESERVER_CONSOLE_MAPPING_HDR@@@@QAEXXZ 100095c0 f i ConEmuPlugin.obj
 0001:00008630       ?Open@?$MFileMapping@UCESERVER_CONSOLE_MAPPING_HDR@@@@QAEPAUCESERVER_CONSOLE_MAPPING_HDR@@HH@Z 10009630 f i ConEmuPlugin.obj
 0001:00008650       ??0?$MFileMapping@UCESERVER_CONSOLE_MAPPING_HDR@@@@QAE@XZ 10009650 f i ConEmuPlugin.obj
 0001:000086b0       ??1?$MFileMapping@UCESERVER_CONSOLE_MAPPING_HDR@@@@QAE@XZ 100096b0 f i ConEmuPlugin.obj
 0001:000086d0       ?ClosePtr@?$MFileMapping@UCESERVER_CONSOLE_MAPPING_HDR@@@@QAEXXZ 100096d0 f i ConEmuPlugin.obj
 0001:00008700       ?InternalOpenCreate@?$MFileMapping@UCESERVER_CONSOLE_MAPPING_HDR@@@@IAEPAUCESERVER_CONSOLE_MAPPING_HDR@@HHH@Z 10009700 f i ConEmuPlugin.obj
 0001:000088f0       ??$wcscpy_c@$0BBE@@@YIHAAY0BBE@_WPB_W@Z 100098f0 f i ConEmuPlugin.obj
 0001:00008920       ??$wcscat_c@$0BBE@@@YIHAAY0BBE@_WPB_W@Z 10009920 f i ConEmuPlugin.obj
 0001:00008950       ??$wcscat_c@$0CAE@@@YIHAAY0CAE@_WPB_W@Z 10009950 f i ConEmuPlugin.obj
 0001:00008980       ??$wcscpy_c@$0CAI@@@YIHAAY0CAI@_WPB_W@Z 10009980 f i ConEmuPlugin.obj
 0001:000089b0       _GetMinFarVersionW@0       100099b0 f   ConEmuPlugin995.obj
 0001:000089c0       ?GetPluginInfoW995@@YIXPAX@Z 100099c0 f   ConEmuPlugin995.obj
 0001:00008a50       ?ProcessDragFromW995@@YIXXZ 10009a50 f   ConEmuPlugin995.obj
 0001:00009250       ?ProcessDragToW995@@YIXXZ  1000a250 f   ConEmuPlugin995.obj
 0001:00009710       ?SetStartupInfoW995@@YIXPAX@Z 1000a710 f   ConEmuPlugin995.obj
 0001:00009910       ?GetEditorModifiedStateW995@@YIKXZ 1000a910 f   ConEmuPlugin995.obj
 0001:00009950       ?ProcessEditorInputW995@@YIHPBX@Z 1000a950 f   ConEmuPlugin995.obj
 0001:000099c0       ?UpdateConEmuTabsW995@@YI_NH_N0PAX@Z 1000a9c0 f   ConEmuPlugin995.obj
 0001:00009df0       ?ExitFARW995@@YIXXZ        1000adf0 f   ConEmuPlugin995.obj
 0001:00009e70       ?ShowMessageW995@@YIHPB_WH_N@Z 1000ae70 f   ConEmuPlugin995.obj
 0001:00009ef0       ?ShowMessageW995@@YIHHH@Z  1000aef0 f   ConEmuPlugin995.obj
 0001:00009f50       ?GetMsgW995@@YIPB_WH@Z     1000af50 f   ConEmuPlugin995.obj
 0001:00009f90       ?SetWindowW995@@YIXH@Z     1000af90 f   ConEmuPlugin995.obj
 0001:0000a000       ?PostMacroW995@@YIXPB_WPAU_INPUT_RECORD@@@Z 1000b000 f   ConEmuPlugin995.obj
 0001:0000a0a0       ?ShowPluginMenuW995@@YIHPAUConEmuPluginMenuItem@@H@Z 1000b0a0 f   ConEmuPlugin995.obj
 0001:0000a230       ?EditOutputW995@@YIHPB_WH@Z 1000b230 f   ConEmuPlugin995.obj
 0001:0000a2f0       ?ExecuteSynchroW995@@YIHXZ 1000b2f0 f   ConEmuPlugin995.obj
 0001:0000a380       ?WaitEndSynchroW995@@YIXXZ 1000b380 f   ConEmuPlugin995.obj
 0001:0000a510       ?StopWaitEndSynchroW995@@YIXXZ 1000b510 f   ConEmuPlugin995.obj
 0001:0000a540       ?IsMacroActiveW995@@YIHXZ  1000b540 f   ConEmuPlugin995.obj
 0001:0000a5a0       ?GetMacroAreaW995@@YIHXZ   1000b5a0 f   ConEmuPlugin995.obj
 0001:0000a5e0       ?RedrawAllW995@@YIXXZ      1000b5e0 f   ConEmuPlugin995.obj
 0001:0000a610       ?LoadPluginW995@@YI_NPA_W@Z 1000b610 f   ConEmuPlugin995.obj
 0001:0000a640       ?RunExternalProgramW995@@YI_NPA_W@Z 1000b640 f   ConEmuPlugin995.obj
 0001:0000a930       ?wcschr@@YAPA_WPA_W_W@Z    1000b930 f i ConEmuPlugin995.obj
 0001:0000a950       ?wcsstr@@YAPA_WPA_WPB_W@Z  1000b950 f i ConEmuPlugin995.obj
 0001:0000a970       ?ProcessCommandLineW995@@YI_NPA_W@Z 1000b970 f   ConEmuPlugin995.obj
 0001:0000a9c0       ?LoadFarColorsW995@@YIXAAY0BAA@E@Z 1000b9c0 f   ConEmuPlugin995.obj
 0001:0000aab0       ?ReloadFarInfoW995@@YIHXZ  1000bab0 f   ConEmuPlugin995.obj
 0001:0000ace0       ?ExecuteQuitFar995@@YIXXZ  1000bce0 f   ConEmuPlugin995.obj
 0001:0000ad30       ?CheckBufferEnabledW995@@YIHXZ 1000bd30 f   ConEmuPlugin995.obj
 0001:0000add0       ?FillUpdateBackgroundW995@@YIXPAUPaintBackgroundArg@@@Z 1000bdd0 f   ConEmuPlugin995.obj
 0001:0000b1a0       ?GetActiveWindowTypeW995@@YIHXZ 1000c1a0 f   ConEmuPlugin995.obj
 0001:0000b270       ?GuiMacroDlgW995@@YIXXZ    1000c270 f   ConEmuPlugin995.obj
 0001:0000b780       ?GetPluginInfoW1900@@YIXPAX@Z 1000c780 f   ConEmuPlugin1900.obj
 0001:0000b7f0       ?ProcessDragFromW1900@@YIXXZ 1000c7f0 f   ConEmuPlugin1900.obj
 0001:0000c120       ?ProcessDragToW1900@@YIXXZ 1000d120 f   ConEmuPlugin1900.obj
 0001:0000c6b0       ?SetStartupInfoW1900@@YIXPAX@Z 1000d6b0 f   ConEmuPlugin1900.obj
 0001:0000c820       ?GetEditorModifiedStateW1900@@YIKXZ 1000d820 f   ConEmuPlugin1900.obj
 0001:0000c860       ?ProcessEditorEventW1900@@YGHPAX@Z 1000d860 f   ConEmuPlugin1900.obj
 0001:0000c890       ?ProcessViewerEventW1900@@YGHPAX@Z 1000d890 f   ConEmuPlugin1900.obj
 0001:0000c8c0       ?ProcessDialogEventW1900@@YGHPAX@Z 1000d8c0 f   ConEmuPlugin1900.obj
 0001:0000c8f0       ?ProcessSynchroEventW1900@@YGHPAX@Z 1000d8f0 f   ConEmuPlugin1900.obj
 0001:0000c920       ?ProcessEditorInputW1900@@YIHPBX@Z 1000d920 f   ConEmuPlugin1900.obj
 0001:0000c9a0       ?UpdateConEmuTabsW1900@@YI_NH_N0PAX@Z 1000d9a0 f   ConEmuPlugin1900.obj
 0001:0000d100       ?ExitFARW1900@@YIXXZ       1000e100 f   ConEmuPlugin1900.obj
 0001:0000d180       ?ShowMessageW1900@@YIHPB_WH_N@Z 1000e180 f   ConEmuPlugin1900.obj
 0001:0000d270       ?ShowMessageW1900@@YIHHH@Z 1000e270 f   ConEmuPlugin1900.obj
 0001:0000d2d0       ?GetMsgW1900@@YIPB_WH@Z    1000e2d0 f   ConEmuPlugin1900.obj
 0001:0000d310       ?SetWindowW1900@@YIXH@Z    1000e310 f   ConEmuPlugin1900.obj
 0001:0000d370       ?PostMacroW1900@@YIXPB_WPAU_INPUT_RECORD@@@Z 1000e370 f   ConEmuPlugin1900.obj
 0001:0000da60       ?ShowPluginMenuW1900@@YIHPAUConEmuPluginMenuItem@@H@Z 1000ea60 f   ConEmuPlugin1900.obj
 0001:0000dc80       ?EditOutputW1900@@YIHPB_WH@Z 1000ec80 f   ConEmuPlugin1900.obj
 0001:0000dd40       ?ExecuteSynchroW1900@@YIHXZ 1000ed40 f   ConEmuPlugin1900.obj
 0001:0000ddd0       ?WaitEndSynchroW1900@@YIXXZ 1000edd0 f   ConEmuPlugin1900.obj
 0001:0000dde0       ?StopWaitEndSynchroW1900@@YIXXZ 1000ede0 f   ConEmuPlugin1900.obj
 0001:0000de10       ?IsMacroActiveW1900@@YIHXZ 1000ee10 f   ConEmuPlugin1900.obj
 0001:0000de50       ?GetMacroAreaW1900@@YIHXZ  1000ee50 f   ConEmuPlugin1900.obj
 0001:0000de80       ?RedrawAllW1900@@YIXXZ     1000ee80 f   ConEmuPlugin1900.obj
 0001:0000deb0       ?LoadPluginW1900@@YI_NPA_W@Z 1000eeb0 f   ConEmuPlugin1900.obj
 0001:0000dee0       ?RunExternalProgramW1900@@YI_NPA_W@Z 1000eee0 f   ConEmuPlugin1900.obj
 0001:0000e1c0       ?ProcessCommandLineW1900@@YI_NPA_W@Z 1000f1c0 f   ConEmuPlugin1900.obj
 0001:0000e210       ?LoadFarColorsW1900@@YIXAAY0BAA@E@Z 1000f210 f   ConEmuPlugin1900.obj
 0001:0000e3a0       ?FarColor_3_2@@YIEABUFarColor@@@Z 1000f3a0 f i ConEmuPlugin1900.obj
 0001:0000e4a0       ?Color2FgIndex@Far3Color@@SIXKAAG@Z 1000f4a0 f i ConEmuPlugin1900.obj
 0001:0000e5e0       ?Max@Far3Color@@SIHHH@Z    1000f5e0 f i ConEmuPlugin1900.obj
 0001:0000e610       ?GetStdIndex@Far3Color@@SIHK@Z 1000f610 f i ConEmuPlugin1900.obj
 0001:0000e6c0       ?Color2BgIndex@Far3Color@@SIXKHAAG@Z 1000f6c0 f i ConEmuPlugin1900.obj
 0001:0000e830       ?ReloadFarInfoW1900@@YIHXZ 1000f830 f   ConEmuPlugin1900.obj
 0001:0000ebf0       ?ExecuteQuitFarW1900@@YIXXZ 1000fbf0 f   ConEmuPlugin1900.obj
 0001:0000ec40       ?CheckBufferEnabledW1900@@YIHXZ 1000fc40 f   ConEmuPlugin1900.obj
 0001:0000ece0       ?FillUpdateBackgroundW1900@@YIXPAUPaintBackgroundArg@@@Z 1000fce0 f   ConEmuPlugin1900.obj
 0001:0000f200       ?GetActiveWindowTypeW1900@@YIHXZ 10010200 f   ConEmuPlugin1900.obj
 0001:0000f2c0       ?GuiMacroDlgW1900@@YIXXZ   100102c0 f   ConEmuPlugin1900.obj
 0001:0000f880       ?OpenW1900@@YGPAXPBX@Z     10010880 f   ConEmuPlugin1900.obj
 0001:0000f9a0       ?ProcessConsoleInputW1900@@YGHPAX@Z 100109a0 f   ConEmuPlugin1900.obj
 0001:0000f9c0       ?GetPluginInfoW2800@@YIXPAX@Z 100109c0 f   ConEmuPlugin2800.obj
 0001:0000fa30       ?ProcessDragFromW2800@@YIXXZ 10010a30 f   ConEmuPlugin2800.obj
 0001:00010360       ?ProcessDragToW2800@@YIXXZ 10011360 f   ConEmuPlugin2800.obj
 0001:000108f0       ?SetStartupInfoW2800@@YIXPAX@Z 100118f0 f   ConEmuPlugin2800.obj
 0001:00010a60       ?GetEditorModifiedStateW2800@@YIKXZ 10011a60 f   ConEmuPlugin2800.obj
 0001:00010aa0       ?ProcessEditorEventW2800@@YGHPAX@Z 10011aa0 f   ConEmuPlugin2800.obj
 0001:00010ad0       ?ProcessViewerEventW2800@@YGHPAX@Z 10011ad0 f   ConEmuPlugin2800.obj
 0001:00010b00       ?ProcessDialogEventW2800@@YGHPAX@Z 10011b00 f   ConEmuPlugin2800.obj
 0001:00010b30       ?ProcessSynchroEventW2800@@YGHPAX@Z 10011b30 f   ConEmuPlugin2800.obj
 0001:00010b60       ?ProcessEditorInputW2800@@YIHPBX@Z 10011b60 f   ConEmuPlugin2800.obj
 0001:00010be0       ?UpdateConEmuTabsW2800@@YI_NH_N0PAX@Z 10011be0 f   ConEmuPlugin2800.obj
 0001:000113d0       ?ExitFARW2800@@YIXXZ       100123d0 f   ConEmuPlugin2800.obj
 0001:00011450       ?ShowMessageW2800@@YIHPB_WH_N@Z 10012450 f   ConEmuPlugin2800.obj
 0001:00011540       ?ShowMessageW2800@@YIHHH@Z 10012540 f   ConEmuPlugin2800.obj
 0001:000115a0       ?GetMsgW2800@@YIPB_WH@Z    100125a0 f   ConEmuPlugin2800.obj
 0001:000115e0       ?SetWindowW2800@@YIXH@Z    100125e0 f   ConEmuPlugin2800.obj
 0001:00011640       ?BackgroundMacroError@@YGKPAX@Z 10012640 f   ConEmuPlugin2800.obj
 0001:00011690       ?PostMacroW2800@@YIXPB_WPAU_INPUT_RECORD@@@Z 10012690 f   ConEmuPlugin2800.obj
 0001:00011a00       ?ShowPluginMenuW2800@@YIHPAUConEmuPluginMenuItem@@H@Z 10012a00 f   ConEmuPlugin2800.obj
 0001:00011c20       ?EditOutputW2800@@YIHPB_WH@Z 10012c20 f   ConEmuPlugin2800.obj
 0001:00011ce0       ?ExecuteSynchroW2800@@YIHXZ 10012ce0 f   ConEmuPlugin2800.obj
 0001:00011d70       ?WaitEndSynchroW2800@@YIXXZ 10012d70 f   ConEmuPlugin2800.obj
 0001:00011d80       ?StopWaitEndSynchroW2800@@YIXXZ 10012d80 f   ConEmuPlugin2800.obj
 0001:00011db0       ?IsMacroActiveW2800@@YIHXZ 10012db0 f   ConEmuPlugin2800.obj
 0001:00011df0       ?GetMacroAreaW2800@@YIHXZ  10012df0 f   ConEmuPlugin2800.obj
 0001:00011e20       ?RedrawAllW2800@@YIXXZ     10012e20 f   ConEmuPlugin2800.obj
 0001:00011e50       ?LoadPluginW2800@@YI_NPA_W@Z 10012e50 f   ConEmuPlugin2800.obj
 0001:00011e80       ?RunExternalProgramW2800@@YI_NPA_W@Z 10012e80 f   ConEmuPlugin2800.obj
 0001:00012160       ?ProcessCommandLineW2800@@YI_NPA_W@Z 10013160 f   ConEmuPlugin2800.obj
 0001:000121b0       ?LoadFarColorsW2800@@YIXAAY0BAA@E@Z 100131b0 f   ConEmuPlugin2800.obj
 0001:00012340       ?ReloadFarInfoW2800@@YIHXZ 10013340 f   ConEmuPlugin2800.obj
 0001:00012700       ?ExecuteQuitFarW2800@@YIXXZ 10013700 f   ConEmuPlugin2800.obj
 0001:00012750       ?CheckBufferEnabledW2800@@YIHXZ 10013750 f   ConEmuPlugin2800.obj
 0001:000127f0       ?FillUpdateBackgroundW2800@@YIXPAUPaintBackgroundArg@@@Z 100137f0 f   ConEmuPlugin2800.obj
 0001:00012d10       ?GetActiveWindowTypeW2800@@YIHXZ 10013d10 f   ConEmuPlugin2800.obj
 0001:00012dd0       ?GuiMacroDlgW2800@@YIXXZ   10013dd0 f   ConEmuPlugin2800.obj
 0001:00013320       _GetGlobalInfoW@4          10014320 f   ConEmuPlugin2800.obj
 0001:00013500       ?OpenW2800@@YGPAXPBX@Z     10014500 f   ConEmuPlugin2800.obj
 0001:00013640       ?ProcessConsoleInputW2800@@YGHPAX@Z 10014640 f   ConEmuPlugin2800.obj
 0001:00013660       _GetMinFarVersion@0        10014660 f   ConEmuPluginA.obj
 0001:000136b0       _OpenPlugin@8              100146b0 f   ConEmuPluginA.obj
 0001:00013720       ?ProcessDragFromA@@YIXXZ   10014720 f   ConEmuPluginA.obj
 0001:00013e10       ?ProcessDragToA@@YIXXZ     10014e10 f   ConEmuPluginA.obj
 0001:000142c0       _SetStartupInfo@4          100152c0 f   ConEmuPluginA.obj
 0001:00014500       _GetPluginInfo@4           10015500 f   ConEmuPluginA.obj
 0001:000145b0       ?GetEditorModifiedStateA@@YIKXZ 100155b0 f   ConEmuPluginA.obj
 0001:000145f0       _ProcessEditorInput@4      100155f0 f   ConEmuPluginA.obj
 0001:00014660       _ProcessEditorEvent@8      10015660 f   ConEmuPluginA.obj
 0001:000146f0       _ProcessViewerEvent@8      100156f0 f   ConEmuPluginA.obj
 0001:00014770       ?UpdateConEmuTabsA@@YI_NH_N0PAX@Z 10015770 f   ConEmuPluginA.obj
 0001:00014b40       _ProcessDialogEvent@8      10015b40 f   ConEmuPluginA.obj
 0001:00014b50       _ExitFAR@0                 10015b50 f   ConEmuPluginA.obj
 0001:00014bd0       ?ShowMessageA@@YIHPBDH_N@Z 10015bd0 f   ConEmuPluginA.obj
 0001:00014c50       ?ShowMessageA@@YIHHH@Z     10015c50 f   ConEmuPluginA.obj
 0001:00014cb0       ?SetWindowA@@YIXH@Z        10015cb0 f   ConEmuPluginA.obj
 0001:00014d20       ?PostMacroA@@YIXPADPAU_INPUT_RECORD@@@Z 10015d20 f   ConEmuPluginA.obj
 0001:00014dc0       ?ShowPluginMenuA@@YIHPAUConEmuPluginMenuItem@@H@Z 10015dc0 f   ConEmuPluginA.obj
 0001:00014fb0       ?EditOutputA@@YIHPB_WH@Z   10015fb0 f   ConEmuPluginA.obj
 0001:000150d0       ?GetMsgA@@YIXHAAY0BAE@_W@Z 100160d0 f   ConEmuPluginA.obj
 0001:00015180       ?IsMacroActiveA@@YIHXZ     10016180 f   ConEmuPluginA.obj
 0001:000151e0       ?RedrawAllA@@YIXXZ         100161e0 f   ConEmuPluginA.obj
 0001:00015210       ?RunExternalProgramA@@YI_NPAD@Z 10016210 f   ConEmuPluginA.obj
 0001:000154b0       ?ProcessCommandLineA@@YI_NPAD@Z 100164b0 f   ConEmuPluginA.obj
 0001:00015500       ?LoadFarColorsA@@YIXAAY0BAA@E@Z 10016500 f   ConEmuPluginA.obj
 0001:000155f0       ?ReloadFarInfoA@@YIHXZ     100165f0 f   ConEmuPluginA.obj
 0001:00015760       ?ExecuteQuitFarA@@YIXXZ    10016760 f   ConEmuPluginA.obj
 0001:00015780       ?FillUpdateBackgroundA@@YIXPAUPaintBackgroundArg@@@Z 10016780 f   ConEmuPluginA.obj
 0001:00015a90       ?GetActiveWindowTypeA@@YIHXZ 10016a90 f   ConEmuPluginA.obj
 0001:00015b10       ?GuiMacroDlgA@@YIXXZ       10016b10 f   ConEmuPluginA.obj
 0001:00016160       ??0CPluginBackground@@QAE@XZ 10017160 f   PluginBackground.obj
 0001:000163a0       ??1CPluginBackground@@QAE@XZ 100173a0 f   PluginBackground.obj
 0001:000165f0       ?RegisterSubplugin@CPluginBackground@@QAEHPAURegisterBackgroundArg@@@Z 100175f0 f   PluginBackground.obj
 0001:000168e0       ?ReallocItems@CPluginBackground@@IAEXH@Z 100178e0 f   PluginBackground.obj
 0001:00016960       ?OnMainThreadActivated@CPluginBackground@@QAEXHH@Z 10017960 f   PluginBackground.obj
 0001:00016a80       ?SetForceCheck@CPluginBackground@@QAEXXZ 10017a80 f   PluginBackground.obj
 0001:00016ab0       ?SetForceUpdate@CPluginBackground@@QAEX_N@Z 10017ab0 f   PluginBackground.obj
 0001:00016af0       ?SetForceThLoad@CPluginBackground@@QAEXXZ 10017af0 f   PluginBackground.obj
 0001:00016b30       ?IsParmChanged@CPluginBackground@@IAE_NPAUPaintBackgroundArg@@0@Z 10017b30 f   PluginBackground.obj
 0001:00016e10       ?CheckPanelFolders@CPluginBackground@@IAEXH@Z 10017e10 f   PluginBackground.obj
 0001:00016f70       ?SetDcPanelRect@CPluginBackground@@IAEXPAUtagRECT@@PAUtag_BkPanelInfo@PaintBackgroundArg@@PAU4@@Z 10017f70 f   PluginBackground.obj
 0001:000170b0       ?UpdateBackground_Exec@CPluginBackground@@KIXPAURegisterBackgroundArg@@PAUPaintBackgroundArg@@@Z 100180b0 f   PluginBackground.obj
 0001:000170f0       ?UpdateBackground@CPluginBackground@@IAEXXZ 100180f0 f   PluginBackground.obj
 0001:00017f50       ?LoadThSet@CPluginBackground@@IAEHH@Z 10018f50 f   PluginBackground.obj
 0001:00018170       ?MonitorBackground@CPluginBackground@@QAEXXZ 10019170 f   PluginBackground.obj
 0001:00018210       ?GetTo@?$MFileMapping@UPanelViewSetMapping@@@@QAE_NPAUPanelViewSetMapping@@H@Z 10019210 f i PluginBackground.obj
 0001:00018260       ?InitName@?$MFileMapping@UPanelViewSetMapping@@@@QAEPB_WPB_WKK@Z 10019260 f i PluginBackground.obj
 0001:000182b0       ?CloseMap@?$MFileMapping@UPanelViewSetMapping@@@@QAEXXZ 100192b0 f i PluginBackground.obj
 0001:00018320       ?Open@?$MFileMapping@UPanelViewSetMapping@@@@QAEPAUPanelViewSetMapping@@HH@Z 10019320 f i PluginBackground.obj
 0001:00018340       ??0?$MFileMapping@UPanelViewSetMapping@@@@QAE@XZ 10019340 f i PluginBackground.obj
 0001:000183a0       ??1?$MFileMapping@UPanelViewSetMapping@@@@QAE@XZ 100193a0 f i PluginBackground.obj
 0001:000183c0       ?IsValid@?$MFileMapping@UPanelViewSetMapping@@@@QAE_NXZ 100193c0 f i PluginBackground.obj
 0001:000183e0       ?ClosePtr@?$MFileMapping@UPanelViewSetMapping@@@@QAEXXZ 100193e0 f i PluginBackground.obj
 0001:00018410       ?InternalOpenCreate@?$MFileMapping@UPanelViewSetMapping@@@@IAEPAUPanelViewSetMapping@@HHH@Z 10019410 f i PluginBackground.obj
 0001:000186e0       ?PlugServerInit@@YIXXZ     100196e0 f   PluginSrv.obj
 0001:000186f0       ?PlugServerStart@@YI_NXZ   100196f0 f   PluginSrv.obj
 0001:000187e0       ?PlugServerStop@@YIX_N@Z   100197e0 f   PluginSrv.obj
 0001:00018830       ?PlugServerCommand@@YGHPAXPAUCESERVER_REQ@@AAPAU1@AAK3J@Z 10019830 f   PluginSrv.obj
 0001:00018df0       ?PlugServerFree@@YGXPAUCESERVER_REQ@@J@Z 10019df0 f   PluginSrv.obj
 0001:00018e00       ?SetOverlapped@?$PipeServer@UCESERVER_REQ@@@@QAEX_N@Z 10019e00 f i PluginSrv.obj
 0001:00018e20       ?SetLoopCommands@?$PipeServer@UCESERVER_REQ@@@@QAEX_N@Z 10019e20 f i PluginSrv.obj
 0001:00018e40       ?SetDummyAnswerSize@?$PipeServer@UCESERVER_REQ@@@@QAEXH@Z 10019e40 f i PluginSrv.obj
 0001:00018e60       ?SetMaxCount@?$PipeServer@UCESERVER_REQ@@@@QAEXH@Z 10019e60 f i PluginSrv.obj
 0001:00018eb0       ?StartPipeServer@?$PipeServer@UCESERVER_REQ@@@@QAE_NPB_WJPAU_SECURITY_ATTRIBUTES@@P6GHPAXPAUCESERVER_REQ@@AAPAU3@AAK5J@ZP6GX3J@ZP6GH2J@Z88@Z 10019eb0 f i PluginSrv.obj
 0001:00019090       ?StopPipeServer@?$PipeServer@UCESERVER_REQ@@@@QAEX_N@Z 1001a090 f i PluginSrv.obj
 0001:000195b0       ?BreakConnection@?$PipeServer@UCESERVER_REQ@@@@QAEXPAX@Z 1001a5b0 f i PluginSrv.obj
 0001:000195d0       ?DumpError@?$PipeServer@UCESERVER_REQ@@@@IAEXPAUPipeInst@1@PB_WH@Z 1001a5d0 f i PluginSrv.obj
 0001:000196c0       ?_Disconnect@?$PipeServer@UCESERVER_REQ@@@@IAEXPAUPipeInst@1@_N11@Z 1001a6c0 f i PluginSrv.obj
 0001:00019740       ?StartPipeInstance@?$PipeServer@UCESERVER_REQ@@@@IAE_NPAUPipeInst@1@@Z 1001a740 f i PluginSrv.obj
 0001:00019840       ?_PipeServerThread@?$PipeServer@UCESERVER_REQ@@@@KGKPAX@Z 1001a840 f i PluginSrv.obj
 0001:000198c0       ?PipeServerThread@?$PipeServer@UCESERVER_REQ@@@@IAEKPAUPipeInst@1@@Z 1001a8c0 f i PluginSrv.obj
 0001:00019c50       ?PipeServerRead@?$PipeServer@UCESERVER_REQ@@@@IAEHPAUPipeInst@1@@Z 1001ac50 f i PluginSrv.obj
 0001:00019fb0       ?PipeServerWrite@?$PipeServer@UCESERVER_REQ@@@@IAEHPAUPipeInst@1@PBXKPAKH@Z 1001afb0 f i PluginSrv.obj
 0001:0001a150       ?WaitForClient@?$PipeServer@UCESERVER_REQ@@@@IAE_NPAUPipeInst@1@AAH1@Z 1001b150 f i PluginSrv.obj
 0001:0001a530       ?WriteDummyAnswer@?$PipeServer@UCESERVER_REQ@@@@IAEHPAUPipeInst@1@@Z 1001b530 f i PluginSrv.obj
 0001:0001a5b0       ?WaitOverlapped@?$PipeServer@UCESERVER_REQ@@@@IAEHPAUPipeInst@1@PAK@Z 1001b5b0 f i PluginSrv.obj
 0001:0001a7e0       ?AllocRequestBuf@PipeInst@?$PipeServer@UCESERVER_REQ@@@@QAEPAUCESERVER_REQ@@K@Z 1001b7e0 f i PluginSrv.obj
 0001:0001a860       ??$wcscpy_c@$0BAE@@@YIHAAY0BAE@_WPB_W@Z 1001b860 f i PluginSrv.obj
 0001:0001a970       ?PackInputRecord@@YIHPBU_INPUT_RECORD@@PAUMsgStr@MSG64@@@Z 1001b970 f   Common.obj
 0001:0001ab80       ?UnpackInputRecord@@YIHPBUMsgStr@MSG64@@PAU_INPUT_RECORD@@@Z 1001bb80 f   Common.obj
 0001:0001ade0       ?TranslateKeyPress@@YIXGK_WHPAU_INPUT_RECORD@@1@Z 1001bde0 f   Common.obj
 0001:0001af50       ?CommonShutdown@@YIXXZ     1001bf50 f   Common.obj
 0001:0001af80       ?GetImageSubsystem@@YI_NPB_WAAK11@Z 1001bf80 f   Execute.obj
 0001:0001b2d0       ?GetImageSubsystem@@YI_NAAK0@Z 1001c2d0 f   Execute.obj
 0001:0001b380       ?GetImageSubsystem@@YI_NU_PROCESS_INFORMATION@@AAK1@Z 1001c380 f   Execute.obj
 0001:0001b570       ?GetEnclosingSectionHeader@@YIPAU_IMAGE_SECTION_HEADER@@KPAUIMAGE_MAPPING@@@Z 1001c570 f   Execute.obj
 0001:0001b600       ?GetPtrFromRVA@@YIPAXKPAUIMAGE_MAPPING@@@Z 1001c600 f   Execute.obj
 0001:0001b660       ?FindImageSubsystem@@YI_NPB_WAAK11@Z 1001c660 f   Execute.obj
 0001:0001bf30       ?ModuleName@@YIPB_WPB_W@Z  1001cf30 f   ConEmuCheck.obj
 0001:0001c010       ?ExecuteOpenPipe@@YIPAXPB_WAAY0CAI@_W0KKHPAX@Z 1001d010 f   ConEmuCheck.obj
 0001:0001c240       ?ExecutePrepareCmd@@YIXPAUCESERVER_REQ@@KI@Z 1001d240 f   ConEmuCheck.obj
 0001:0001c290       ?ExecutePrepareCmd@@YIXPAUCESERVER_REQ_HDR@@KI@Z 1001d290 f   ConEmuCheck.obj
 0001:0001c330       ?ExecuteNewCmd@@YIPAUCESERVER_REQ@@KI@Z 1001d330 f   ConEmuCheck.obj
 0001:0001c390       ?ExecuteNewCmd@@YIHAAPAUCESERVER_REQ@@AAKKI@Z 1001d390 f   ConEmuCheck.obj
 0001:0001c410       ?LoadSrvMapping@@YIHPAUHWND__@@AAUCESERVER_CONSOLE_MAPPING_HDR@@@Z 1001d410 f   ConEmuCheck.obj
 0001:0001c530       ?LoadGuiMapping@@YIHKAAUConEmuGuiMapping@@@Z 1001d530 f   ConEmuCheck.obj
 0001:0001c650       ?ExecuteNewCmdOnCreate@@YIPAUCESERVER_REQ@@PAUCESERVER_CONSOLE_MAPPING_HDR@@PAUHWND__@@W4CmdOnCreateType@@PB_W33PAK444HHPAX55@Z 1001d650 f   ConEmuCheck.obj
 0001:0001cac0       ?ExecuteGuiCmd@@YIPAUCESERVER_REQ@@PAUHWND__@@PAU1@0H@Z 1001dac0 f   ConEmuCheck.obj
 0001:0001cb50       ?ExecuteSrvCmd@@YIPAUCESERVER_REQ@@KPAU1@PAUHWND__@@HK@Z 1001db50 f   ConEmuCheck.obj
 0001:0001cbf0       ?ExecuteHkCmd@@YIPAUCESERVER_REQ@@KPAU1@PAUHWND__@@H@Z 1001dbf0 f   ConEmuCheck.obj
 0001:0001cc90       ?ExecuteCmd@@YIPAUCESERVER_REQ@@PB_WPAU1@KPAUHWND__@@HK@Z 1001dc90 f   ConEmuCheck.obj
 0001:0001cf50       ?ExecuteFreeResult@@YIXAAPAUCESERVER_REQ@@@Z 1001df50 f   ConEmuCheck.obj
 0001:0001cf90       ?myGetConsoleWindow@@YIPAUHWND__@@XZ 1001df90 f   ConEmuCheck.obj
 0001:0001d010       ?GetConEmuHWND@@YIPAUHWND__@@H@Z 1001e010 f   ConEmuCheck.obj
 0001:0001d1c0       ?ConEmuCheck@@YIHPAPAUHWND__@@@Z 1001e1c0 f   ConEmuCheck.obj
 0001:0001d200       ?GuiMessageBox@@YIHPAUHWND__@@PB_W1H@Z 1001e200 f   ConEmuCheck.obj
 0001:0001d3c0       ?InitName@?$MFileMapping@UConEmuGuiMapping@@@@QAEPB_WPB_WKK@Z 1001e3c0 f i ConEmuCheck.obj
 0001:0001d410       ?CloseMap@?$MFileMapping@UConEmuGuiMapping@@@@QAEXXZ 1001e410 f i ConEmuCheck.obj
 0001:0001d480       ?Open@?$MFileMapping@UConEmuGuiMapping@@@@QAEPAUConEmuGuiMapping@@HH@Z 1001e480 f i ConEmuCheck.obj
 0001:0001d4a0       ??0?$MFileMapping@UConEmuGuiMapping@@@@QAE@XZ 1001e4a0 f i ConEmuCheck.obj
 0001:0001d500       ??1?$MFileMapping@UConEmuGuiMapping@@@@QAE@XZ 1001e500 f i ConEmuCheck.obj
 0001:0001d520       ?ClosePtr@?$MFileMapping@UConEmuGuiMapping@@@@QAEXXZ 1001e520 f i ConEmuCheck.obj
 0001:0001d550       ?InternalOpenCreate@?$MFileMapping@UConEmuGuiMapping@@@@IAEPAUConEmuGuiMapping@@HHH@Z 1001e550 f i ConEmuCheck.obj
 0001:0001d740       ??$wcscpy_c@$0CA@@@YIHAAY0CA@_WPB_W@Z 1001e740 f i ConEmuCheck.obj
 0001:0001d770       ?LoadGuiMapping@@YIHPAUHWND__@@AAUConEmuGuiMapping@@@Z 1001e770 f   ConEmuCheckEx.obj
 0001:0001d7b0       ?IsConEmuExeExist@@YIHPB_WAAY0BAF@_W@Z 1001e7b0 f   ConEmuCheckEx.obj
 0001:0001d860       ?FindConEmuBaseDir@@YIHAAY0BAF@_W0PAUHINSTANCE__@@@Z 1001e860 f   ConEmuCheckEx.obj
 0001:0001de00       ??$wcscpy_c@$0BAF@@@YIHAAY0BAF@_WPB_W@Z 1001ee00 f i ConEmuCheckEx.obj
 0001:0001df10       ??$wcscpy_add@$0BAF@@@YIHPA_WAAY0BAF@_WPB_W@Z 1001ef10 f i ConEmuCheckEx.obj
 0001:0001df60       ??$wcscat_c@$0BAF@@@YIHAAY0BAF@_WPB_W@Z 1001ef60 f i ConEmuCheckEx.obj
 0001:0001e050       ?HeapInitialize@@YI_NXZ    1001f050 f   Memory.obj
 0001:0001e080       ?HeapDeinitialize@@YIXXZ   1001f080 f   Memory.obj
 0001:0001e0b0       ?xf_malloc@@YAPAXI@Z       1001f0b0 f   Memory.obj
 0001:0001e0e0       ?xf_calloc@@YAPAXII@Z      1001f0e0 f   Memory.obj
 0001:0001e110       ?xf_realloc@@YAPAXPAXI@Z   1001f110 f   Memory.obj
 0001:0001e140       ?xf_free@@YAXPAX@Z         1001f140 f   Memory.obj
 0001:0001e170       ?xf_validate@@YA_NPAX@Z    1001f170 f   Memory.obj
 0001:0001e1a0       ??2@YAPAXI@Z               1001f1a0 f   Memory.obj
 0001:0001e1c0       ??_U@YAPAXI@Z              1001f1c0 f   Memory.obj
 0001:0001e1e0       ??3@YAXPAX@Z               1001f1e0 f   Memory.obj
 0001:0001e200       ??_V@YAXPAX@Z              1001f200 f   Memory.obj
 0001:0001e220       ?lstrdup@@YIPADPBD@Z       1001f220 f   Memory.obj
 0001:0001e290       ?StringCchCopyA@@YGJPADIPBD@Z 1001f290 f i Memory.obj
 0001:0001e3b0       ?lstrdup@@YIPA_WPB_W@Z     1001f3b0 f   Memory.obj
 0001:0001e500       ?lstrdupW@@YIPA_WPBDI@Z    1001f500 f   Memory.obj
 0001:0001e580       ?lstrmerge@@YIPA_WPB_W000@Z 1001f580 f   Memory.obj
 0001:0001e6a0       ?lstrmerge@@YI_NPAPA_WPB_W11@Z 1001f6a0 f   Memory.obj
 0001:0001e700       ?FindMonitorsWorkspace@@YGHPAUHMONITOR__@@PAUHDC__@@PAUtagRECT@@J@Z 1001f700 f   Monitors.obj
 0001:0001e780       ?GetAllMonitorsWorkspace@@YI?AUtagRECT@@XZ 1001f780 f   Monitors.obj
 0001:0001e800       ?FindPrimaryMonitor@@YGHPAUHMONITOR__@@PAUHDC__@@PAUtagRECT@@J@Z 1001f800 f   Monitors.obj
 0001:0001e880       ?GetMonitorInfoSafe@@YI_NPAUHMONITOR__@@AAUtagMONITORINFO@@@Z 1001f880 f   Monitors.obj
 0001:0001e8d0       ?GetPrimaryMonitorInfo@@YIPAUHMONITOR__@@PAUtagMONITORINFO@@@Z 1001f8d0 f   Monitors.obj
 0001:0001e980       ?GetNearestMonitorInfo@@YIPAUHMONITOR__@@PAUtagMONITORINFO@@PAU1@PBUtagRECT@@PAUHWND__@@@Z 1001f980 f   Monitors.obj
 0001:0001ea70       ?EnumAllMonitors@@YGHPAUHMONITOR__@@PAUHDC__@@PAUtagRECT@@J@Z 1001fa70 f   Monitors.obj
 0001:0001eae0       ?MonitorSortCallback@@YIHAAU_FindAllMonitorsItem@@0@Z 1001fae0 f   Monitors.obj
 0001:0001eb50       ?GetNextMonitorInfo@@YIPAUHMONITOR__@@PAUtagMONITORINFO@@PBUtagRECT@@_N@Z 1001fb50 f   Monitors.obj
 0001:0001ed60       ??0_FindAllMonitors@@QAE@XZ 1001fd60 f i Monitors.obj
 0001:0001ed80       ??1_FindAllMonitors@@QAE@XZ 1001fd80 f i Monitors.obj
 0001:0001eda0       ??0?$MArray@U_FindAllMonitorsItem@@@@QAE@XZ 1001fda0 f i Monitors.obj
 0001:0001ede0       ??1?$MArray@U_FindAllMonitorsItem@@@@QAE@XZ 1001fde0 f i Monitors.obj
 0001:0001ee00       ??A?$MArray@U_FindAllMonitorsItem@@@@QAEAAU_FindAllMonitorsItem@@H@Z 1001fe00 f i Monitors.obj
 0001:0001ee20       ?push_back@?$MArray@U_FindAllMonitorsItem@@@@QAEHABU_FindAllMonitorsItem@@@Z 1001fe20 f i Monitors.obj
 0001:0001eeb0       ?size@?$MArray@U_FindAllMonitorsItem@@@@QBEHXZ 1001feb0 f i Monitors.obj
 0001:0001eed0       ?sort@?$MArray@U_FindAllMonitorsItem@@@@QAEXP6IHAAU_FindAllMonitorsItem@@0@Z@Z 1001fed0 f i Monitors.obj
 0001:0001efc0       ?clear@?$MArray@U_FindAllMonitorsItem@@@@QAEXXZ 1001ffc0 f i Monitors.obj
 0001:0001f010       ?addsize@?$MArray@U_FindAllMonitorsItem@@@@QAEXH@Z 10020010 f i Monitors.obj
 0001:0001f100       ?NullSecurity@@YIPAU_SECURITY_ATTRIBUTES@@XZ 10020100 f   MSecurity.obj
 0001:0001f150       ??0MNullDesc@@QAE@XZ       10020150 f i MSecurity.obj
 0001:0001f1b0       ?NullSecurity@MNullDesc@@QAEPAU_SECURITY_ATTRIBUTES@@XZ 100201b0 f i MSecurity.obj
 0001:0001f2b0       ?LoadAdvApi@MNullDesc@@IAEHXZ 100202b0 f i MSecurity.obj
 0001:0001f4d0       ?UnloadAdvApi@MNullDesc@@IAEXXZ 100204d0 f i MSecurity.obj
 0001:0001f500       ?LocalSecurity@@YIPAU_SECURITY_ATTRIBUTES@@XZ 10020500 f   MSecurity.obj
 0001:0001f550       ?LocalSecurity@MNullDesc@@QAEPAU_SECURITY_ATTRIBUTES@@XZ 10020550 f i MSecurity.obj
 0001:0001f770       ?ShutdownSecurity@@YIXXZ   10020770 f   MSecurity.obj
 0001:0001f7c0       ??_GMNullDesc@@QAEPAXI@Z   100207c0 f i MSecurity.obj
 0001:0001f7f0       ??1MNullDesc@@QAE@XZ       100207f0 f i MSecurity.obj
 0001:0001f850       ?msprintf@@YAPB_WPA_WIPB_WZZ 10020850 f   MStrSafe.obj
 0001:0001fd60       ?msprintf@@YAPBDPADIPBDZZ  10020d60 f   MStrSafe.obj
 0001:000201c0       ?lstrcmpni@@YIHPB_W0H@Z    100211c0 f   MStrSafe.obj
 0001:00020260       ?SetConEmuEnvHWND@@YIXPB_WPAUHWND__@@@Z 10021260 f   SetEnvVar.obj
 0001:000202b0       ?SetConEmuEnvVar@@YIXPAUHWND__@@@Z 100212b0 f   SetEnvVar.obj
 0001:00020320       ?SetConEmuEnvVarChild@@YIXPAUHWND__@@0@Z 10021320 f   SetEnvVar.obj
 0001:00020350       ?ShutdownConsole@@YGXXZ    10021350 f   WinConsole.obj
 0001:000203a0       ?SetConsoleInfo@@YIHPAUHWND__@@PAU_CONSOLE_INFO@@@Z 100213a0 f   WinConsole.obj
 0001:00020680       ?ChangeScreenBufferSize@@YIXAAU_CONSOLE_SCREEN_BUFFER_INFO@@FFFF@Z 10021680 f   WinConsole.obj
 0001:00020790       ?GetConWindowSize@@YIHABU_CONSOLE_SCREEN_BUFFER_INFO@@HHKPAH1PAK@Z 10021790 f   WinConsole.obj
 0001:000208e0       ?GetConsoleSizeInfo@@YIXPAU_CONSOLE_INFO@@@Z 100218e0 f   WinConsole.obj
 0001:00020990       ?apiGetConsoleScreenBufferInfoEx@@YIHPAXPAUMY_CONSOLE_SCREEN_BUFFER_INFOEX@@@Z 10021990 f   WinConsole.obj
 0001:00020a00       ?apiSetConsoleScreenBufferInfoEx@@YIHPAXPAUMY_CONSOLE_SCREEN_BUFFER_INFOEX@@@Z 10021a00 f   WinConsole.obj
 0001:00020a80       ?apiGetConsoleFontSize@@YIHPAXAAH1AAY0CA@_W@Z 10021a80 f   WinConsole.obj
 0001:00020b20       ?apiSetConsoleFontSize@@YIHPAXHHPB_W@Z 10021b20 f   WinConsole.obj
 0001:00020bd0       ?apiFixFontSizeForBufferSize@@YIHPAXU_COORD@@@Z 10021bd0 f   WinConsole.obj
 0001:000210c0       ?SetConsoleFontSizeTo@@YIXPAUHWND__@@HHPB_WGG@Z 100220c0 f   WinConsole.obj
 0001:00021610       ?EvaluateDefaultFontWidth@@YIHHPB_W@Z 10022610 f   WinConsole.obj
 0001:00021750       ?SetUserFriendlyFont@@YIXPAUHWND__@@@Z 10022750 f   WinConsole.obj
 0001:00021be0       ?CorrectConsolePos@@YIXPAUHWND__@@@Z 10022be0 f   WinConsole.obj
 0001:00021d20       ?EmergencyShow@@YIXPAUHWND__@@@Z 10022d20 f   WinConsole.obj
 0001:00021dd0       ?getWindowInfo@@YIXPAUHWND__@@AAY0EAA@_W@Z 10022dd0 f   WinObjects.obj
 0001:00021f30       ?apiSetForegroundWindow@@YIHPAUHWND__@@@Z 10022f30 f   WinObjects.obj
 0001:00021f50       ?apiShowWindow@@YIHPAUHWND__@@H@Z 10022f50 f   WinObjects.obj
 0001:00021f80       ?apiShowWindowAsync@@YIHPAUHWND__@@H@Z 10022f80 f   WinObjects.obj
 0001:00021fb0       ?isWindow@@YIHPAUHWND__@@@Z 10022fb0 f   WinObjects.obj
 0001:00022020       ?FileCompare@@YI_NPB_W0@Z  10023020 f   WinObjects.obj
 0001:00022240       ?FileExists@@YI_NPB_WPAK@Z 10023240 f   WinObjects.obj
 0001:00022410       ?FileExistsSearch@@YI_NPA_WI@Z 10023410 f   WinObjects.obj
 0001:00022650       ?DirectoryExists@@YI_NPB_W@Z 10023650 f   WinObjects.obj
 0001:00022740       ?MyCreateDirectory@@YI_NPA_W@Z 10023740 f   WinObjects.obj
 0001:00022850       ?IsFilePath@@YI_NPB_W@Z    10023850 f   WinObjects.obj
 0001:00022930       ?IsPathNeedQuot@@YI_NPB_W@Z 10023930 f   WinObjects.obj
 0001:00022960       ?GetShortFileName@@YIHPB_WHPA_WH@Z 10023960 f   WinObjects.obj
 0001:00022b70       ?GetShortFileNameEx@@YIPA_WPB_WH@Z 10023b70 f   WinObjects.obj
 0001:00022f80       ?IsUserAdmin@@YI_NXZ       10023f80 f   WinObjects.obj
 0001:00023040       ?GetLogonSID@@YI_NPAXPAPA_W@Z 10024040 f   WinObjects.obj
 0001:00023160       ?IsWine@@YI_NXZ            10024160 f   WinObjects.obj
 0001:000231f0       ?IsDbcs@@YI_NXZ            100241f0 f   WinObjects.obj
 0001:00023210       ?IsWindows64@@YI_NXZ       10024210 f   WinObjects.obj
 0001:000232a0       ?IsHwFullScreenAvailable@@YI_NXZ 100242a0 f   WinObjects.obj
 0001:00023300       ?IsVsNetHostExe@@YI_NPB_W@Z 10024300 f   WinObjects.obj
 0001:00023380       ?GetProcessBits@@YIHKPAX@Z 10024380 f   WinObjects.obj
 0001:00023460       ?GetProcessInfo@@YI_NKPAUtagPROCESSENTRY32W@@@Z 10024460 f   WinObjects.obj
 0001:00023540       ?isTerminalMode@@YI_NXZ    10024540 f   WinObjects.obj
 0001:00023860       ?IsModuleValid@@YI_NPAUHINSTANCE__@@@Z 10024860 f   WinObjects.obj
 0001:000238f0       ?CheckCallbackPtr@@YI_NPAUHINSTANCE__@@IPAP6GHXZHH@Z 100248f0 f   WinObjects.obj
 0001:00023a40       ?RemoveOldComSpecC@@YIXXZ  10024a40 f   WinObjects.obj
 0001:00023b70       ?PointToName@@YIPB_WPB_W@Z 10024b70 f   WinObjects.obj
 0001:00023bc0       ?PointToName@@YIPBDPBD@Z   10024bc0 f   WinObjects.obj
 0001:00023c00       ?PointToExt@@YIPB_WPB_W@Z  10024c00 f   WinObjects.obj
 0001:00023c40       ?Unquote@@YIPB_WPA_W_N@Z   10024c40 f   WinObjects.obj
 0001:00023cd0       ?ExpandMacroValues@@YIPA_WPB_WPAPB_WI@Z 10024cd0 f   WinObjects.obj
 0001:00023e90       ?ExpandEnvStr@@YIPA_WPB_W@Z 10024e90 f   WinObjects.obj
 0001:00023f70       ?GetFullPathNameEx@@YIPA_WPB_W@Z 10024f70 f   WinObjects.obj
 0001:00024040       ??0MConHandle@@QAE@PB_W@Z  10025040 f   WinObjects.obj
 0001:000240c0       ?LogHandle@MConHandle@@AAEXIPAX@Z 100250c0 f   WinObjects.obj
 0001:00024130       ??1MConHandle@@QAE@XZ      10025130 f   WinObjects.obj
 0001:00024150       ?SetBufferPtr@MConHandle@@QAEXPAPAX@Z 10025150 f   WinObjects.obj
 0001:00024170       ??BMConHandle@@QAEQAXXZ    10025170 f   WinObjects.obj
 0001:00024460       ?strrchr@@YAPADPADH@Z      10025460 f i WinObjects.obj
 0001:00024480       ?Close@MConHandle@@QAEXXZ  10025480 f   WinObjects.obj
 0001:00024530       ??0MEvent@@QAE@XZ          10025530 f   WinObjects.obj
 0001:00024560       ??1MEvent@@QAE@XZ          10025560 f   WinObjects.obj
 0001:00024580       ?Close@MEvent@@QAEXXZ      10025580 f   WinObjects.obj
 0001:000245d0       ?InitName@MEvent@@QAEXPB_WK@Z 100255d0 f   WinObjects.obj
 0001:00024620       ?Open@MEvent@@QAEPAXXZ     10025620 f   WinObjects.obj
 0001:000246a0       ?Wait@MEvent@@QAEKKH@Z     100256a0 f   WinObjects.obj
 0001:00024700       ?GetHandle@MEvent@@QAEPAXXZ 10025700 f   WinObjects.obj
 0001:00024720       ??0MSetter@@QAE@PAH@Z      10025720 f   WinObjects.obj
 0001:00024760       ??0MSetter@@QAE@PA_N@Z     10025760 f   WinObjects.obj
 0001:000247a0       ??0MSetter@@QAE@PAKK@Z     100257a0 f   WinObjects.obj
 0001:000247e0       ??1MSetter@@QAE@XZ         100257e0 f   WinObjects.obj
 0001:00024800       ?Unlock@MSetter@@QAEXXZ    10025800 f   WinObjects.obj
 0001:00024870       ??0MSection@@QAE@XZ        10025870 f   WinObjects.obj
 0001:00024910       ??1MSection@@QAE@XZ        10025910 f   WinObjects.obj
 0001:000249a0       ?Process_Lock@MSection@@IAEXXZ 100259a0 f   WinObjects.obj
 0001:000249c0       ?Process_Unlock@MSection@@IAEXXZ 100259c0 f   WinObjects.obj
 0001:000249e0       ?ThreadTerminated@MSection@@QAEXK@Z 100259e0 f   WinObjects.obj
 0001:00024a30       ?AddRef@MSection@@IAEXK@Z  10025a30 f   WinObjects.obj
 0001:00024b20       ?ReleaseRef@MSection@@IAEHK@Z 10025b20 f   WinObjects.obj
 0001:00024bf0       ?WaitUnlocked@MSection@@IAEXKK@Z 10025bf0 f   WinObjects.obj
 0001:00024c90       ?MyEnterCriticalSection@MSection@@IAE_NK@Z 10025c90 f   WinObjects.obj
 0001:00024e60       ?Lock@MSection@@IAEHHK@Z   10025e60 f   WinObjects.obj
 0001:00024fb0       ?Unlock@MSection@@IAEXH@Z  10025fb0 f   WinObjects.obj
 0001:00025020       ?isLockedExclusive@MSection@@QAE_NXZ 10026020 f   WinObjects.obj
 0001:00025070       ??0MSectionThread@@QAE@PAVMSection@@@Z 10026070 f   WinObjects.obj
 0001:000250a0       ??1MSectionThread@@QAE@XZ  100260a0 f   WinObjects.obj
 0001:000250d0       ??0MSectionLock@@QAE@XZ    100260d0 f   WinObjects.obj
 0001:00025100       ??1MSectionLock@@QAE@XZ    10026100 f   WinObjects.obj
 0001:00025130       ?Lock@MSectionLock@@QAEHPAVMSection@@HK@Z 10026130 f   WinObjects.obj
 0001:000251b0       ?RelockExclusive@MSectionLock@@QAEHK@Z 100261b0 f   WinObjects.obj
 0001:00025220       ?Unlock@MSectionLock@@QAEXXZ 10026220 f   WinObjects.obj
 0001:00025260       ?isLocked@MSectionLock@@QAEHH@Z 10026260 f   WinObjects.obj
 0001:000252b0       ??0MSectionLockSimple@@QAE@XZ 100262b0 f   WinObjects.obj
 0001:000252d0       ??1MSectionLockSimple@@QAE@XZ 100262d0 f   WinObjects.obj
 0001:000252f0       ?Lock@MSectionLockSimple@@QAEHPAU_RTL_CRITICAL_SECTION@@K@Z 100262f0 f   WinObjects.obj
 0001:00025390       ?Unlock@MSectionLockSimple@@QAEXXZ 10026390 f   WinObjects.obj
 0001:000253d0       ?isLocked@MSectionLockSimple@@QAEHXZ 100263d0 f   WinObjects.obj
 0001:000253f0       ??0MFileLog@@QAE@PB_W0K@Z  100263f0 f   WinObjects.obj
 0001:00025460       ?InitFileName@MFileLog@@IAEJPB_WK@Z 10026460 f   WinObjects.obj
 0001:000254f0       ??1MFileLog@@QAE@XZ        100264f0 f   WinObjects.obj
 0001:00025540       ?CloseLogFile@MFileLog@@QAEXXZ 10026540 f   WinObjects.obj
 0001:000255d0       ?CreateLogFile@MFileLog@@QAEJPB_WKK@Z 100265d0 f   WinObjects.obj
 0001:00025c40       ?GetLogFileName@MFileLog@@QAEPB_WXZ 10026c40 f   WinObjects.obj
 0001:00025c80       ?LogString@MFileLog@@QAEXPBD_N01I@Z 10026c80 f   WinObjects.obj
 0001:00025dd0       ?LogString@MFileLog@@QAEXPB_W_N01@Z 10026dd0 f   WinObjects.obj
 0001:000260d0       ?MonitorEnumProc@MFileLog@@KGHPAUHMONITOR__@@PAUHDC__@@PAUtagRECT@@J@Z 100270d0 f   WinObjects.obj
 0001:00026200       ?LogStartEnv@MFileLog@@QAEXPAUCEStartupEnv@@@Z 10027200 f   WinObjects.obj
 0001:00026be0       ??0CToolTip@@QAE@XZ        10027be0 f   WinObjects.obj
 0001:00026c50       ??_GCToolTip@@UAEPAXI@Z    10027c50 f i WinObjects.obj
 0001:00026c50       ??_ECToolTip@@UAEPAXI@Z    10027c50 f i WinObjects.obj
 0001:00026c80       ??1CToolTip@@UAE@XZ        10027c80 f   WinObjects.obj
 0001:00026d20       ?ShowTip@CToolTip@@QAEXPAUHWND__@@0PB_WHUtagPOINT@@PAUHINSTANCE__@@@Z 10027d20 f   WinObjects.obj
 0001:00027000       ?HideTip@CToolTip@@QAEXXZ  10028000 f   WinObjects.obj
 0001:00027070       ??0CTimer@@QAE@XZ          10028070 f   WinObjects.obj
 0001:000270b0       ??1CTimer@@QAE@XZ          100280b0 f   WinObjects.obj
 0001:000270d0       ?IsStarted@CTimer@@QAE_NXZ 100280d0 f   WinObjects.obj
 0001:000270f0       ?Start@CTimer@@QAEXI@Z     100280f0 f   WinObjects.obj
 0001:00027150       ?Stop@CTimer@@QAEXXZ       10028150 f   WinObjects.obj
 0001:00027180       ?Restart@CTimer@@QAEXI@Z   10028180 f   WinObjects.obj
 0001:000271b0       ?Init@CTimer@@QAEXPAUHWND__@@II@Z 100281b0 f   WinObjects.obj
 0001:000271e0       ?MyGetLargestConsoleWindowSize@@YI?AU_COORD@@PAX@Z 100281e0 f   WinObjects.obj
 0001:00027260       ?DuplicateProcessHandle@@YIPAXK@Z 10028260 f   WinObjects.obj
 0001:000272d0       ?FindComspec@@YIXPAUConEmuComspec@@_N@Z 100282d0 f   WinObjects.obj
 0001:00027c30       ?GetEnvVar@@YIPA_WPB_WK@Z  10028c30 f   WinObjects.obj
 0001:00027d40       ?UpdateComspec@@YIXPAUConEmuComspec@@_N@Z 10028d40 f   WinObjects.obj
 0001:00028080       ?SetEnvVarExpanded@@YIXPB_W0@Z 10029080 f   WinObjects.obj
 0001:00028180       ?GetComspecFromEnvVar@@YIPB_WPA_WKW4ComSpecBits@@@Z 10029180 f   WinObjects.obj
 0001:00028340       ?GetComspec@@YIPA_WPBUConEmuComspec@@@Z 10029340 f   WinObjects.obj
 0001:00028580       ?IsExportEnvVarAllowed@@YI_NPB_W@Z 10029580 f   WinObjects.obj
 0001:000285f0       ?ApplyExportEnvVar@@YIXPB_W@Z 100295f0 f   WinObjects.obj
 0001:00028670       ?CopyToClipboard@@YI_NPB_W@Z 10029670 f   WinObjects.obj
 0001:00028720       ??$wcscpy_c@$0EAA@@@YIHAAY0EAA@_WPB_W@Z 10029720 f i WinObjects.obj
 0001:00028750       ??$wcscpy_c@$0BAA@@@YIHAAY0BAA@_WPB_W@Z 10029750 f i WinObjects.obj
 0001:00028780       ??$wcscpy_c@$0EBA@@@YIHAAY0EBA@_WPB_W@Z 10029780 f i WinObjects.obj
 0001:000287a8       _GetProcAddress@8          100297a8 f   kernel32:KERNEL32.dll
 0001:000287ae       _GetCurrentProcessId@0     100297ae f   kernel32:KERNEL32.dll
 0001:000287b4       _GetLastError@0            100297b4 f   kernel32:KERNEL32.dll
 0001:000287ba       _LoadLibraryW@4            100297ba f   kernel32:KERNEL32.dll
 0001:000287c0       _GetModuleHandleW@4        100297c0 f   kernel32:KERNEL32.dll
 0001:000287c6       _IsDebuggerPresent@0       100297c6 f   kernel32:KERNEL32.dll
 0001:000287cc       _SetEvent@4                100297cc f   kernel32:KERNEL32.dll
 0001:000287d2       _lstrcpyW@8                100297d2 f   kernel32:KERNEL32.dll
 0001:000287d8       _lstrlenW@4                100297d8 f   kernel32:KERNEL32.dll
 0001:000287de       _SetEnvironmentVariableW@8 100297de f   kernel32:KERNEL32.dll
 0001:000287e4       _IsBadStringPtrW@8         100297e4 f   kernel32:KERNEL32.dll
 0001:000287ea       _GetNumberOfConsoleInputEvents@8 100297ea f   kernel32:KERNEL32.dll
 0001:000287f0       _GetStdHandle@4            100297f0 f   kernel32:KERNEL32.dll
 0001:000287f6       _GetTickCount@0            100297f6 f   kernel32:KERNEL32.dll
 0001:000287fc       _SetLastError@4            100297fc f   kernel32:KERNEL32.dll
 0001:00028802       _GetCurrentThreadId@0      10029802 f   kernel32:KERNEL32.dll
 0001:00028808       _ReadConsoleInputW@16      10029808 f   kernel32:KERNEL32.dll
 0001:0002880e       _PeekConsoleInputW@16      1002980e f   kernel32:KERNEL32.dll
 0001:00028814       _lstrcatW@8                10029814 f   kernel32:KERNEL32.dll
 0001:0002881a       _GetModuleFileNameW@12     1002981a f   kernel32:KERNEL32.dll
 0001:00028820       _WriteConsoleInputW@16     10029820 f   kernel32:KERNEL32.dll
 0001:00028826       _WaitForSingleObject@8     10029826 f   kernel32:KERNEL32.dll
 0001:0002882c       _ReleaseSemaphore@12       1002982c f   kernel32:KERNEL32.dll
 0001:00028832       _WaitForMultipleObjects@16 10029832 f   kernel32:KERNEL32.dll
 0001:00028838       _ResetEvent@4              10029838 f   kernel32:KERNEL32.dll
 0001:0002883e       _InterlockedDecrement@4    1002983e f   kernel32:KERNEL32.dll
 0001:00028844       _InterlockedIncrement@4    10029844 f   kernel32:KERNEL32.dll
 0001:0002884a       _GetConsoleScreenBufferInfo@8 1002984a f   kernel32:KERNEL32.dll
 0001:00028850       _SuspendThread@4           10029850 f   kernel32:KERNEL32.dll
 0001:00028856       _ResumeThread@4            10029856 f   kernel32:KERNEL32.dll
 0001:0002885c       _TerminateProcess@8        1002985c f   kernel32:KERNEL32.dll
 0001:00028862       _GetCurrentProcess@0       10029862 f   kernel32:KERNEL32.dll
 0001:00028868       _CloseHandle@4             10029868 f   kernel32:KERNEL32.dll
 0001:0002886e       _Module32NextW@8           1002986e f   kernel32:KERNEL32.dll
 0001:00028874       _Module32FirstW@8          10029874 f   kernel32:KERNEL32.dll
 0001:0002887a       _CreateToolhelp32Snapshot@8 1002987a f   kernel32:KERNEL32.dll
 0001:00028880       _GetEnvironmentVariableW@12 10029880 f   kernel32:KERNEL32.dll
 0001:00028886       _CreateThread@24           10029886 f   kernel32:KERNEL32.dll
 0001:0002888c       _CreateSemaphoreW@16       1002988c f   kernel32:KERNEL32.dll
 0001:00028892       _CreateEventW@16           10029892 f   kernel32:KERNEL32.dll
 0001:00028898       _OpenFileMappingW@12       10029898 f   kernel32:KERNEL32.dll
 0001:0002889e       _VirtualProtect@16         1002989e f   kernel32:KERNEL32.dll
 0001:000288a4       _MapViewOfFile@20          100298a4 f   kernel32:KERNEL32.dll
 0001:000288aa       _CreateFileMappingW@24     100298aa f   kernel32:KERNEL32.dll
 0001:000288b0       _lstrcmpW@8                100298b0 f   kernel32:KERNEL32.dll
 0001:000288b6       _lstrcpynW@12              100298b6 f   kernel32:KERNEL32.dll
 0001:000288bc       _lstrcmpiW@8               100298bc f   kernel32:KERNEL32.dll
 0001:000288c2       _UnmapViewOfFile@4         100298c2 f   kernel32:KERNEL32.dll
 0001:000288c8       _TerminateThread@8         100298c8 f   kernel32:KERNEL32.dll
 0001:000288ce       _SetConsoleTitleW@4        100298ce f   kernel32:KERNEL32.dll
 0001:000288d4       _GetConsoleTitleW@8        100298d4 f   kernel32:KERNEL32.dll
 0001:000288da       _WideCharToMultiByte@32    100298da f   kernel32:KERNEL32.dll
 0001:000288e0       _DeleteFileW@4             100298e0 f   kernel32:KERNEL32.dll
 0001:000288e6       _CreateProcessW@40         100298e6 f   kernel32:KERNEL32.dll
 0001:000288ec       _GetExitCodeProcess@8      100298ec f   kernel32:KERNEL32.dll
 0001:000288f2       _SetConsoleMode@8          100298f2 f   kernel32:KERNEL32.dll
 0001:000288f8       _GetConsoleMode@8          100298f8 f   kernel32:KERNEL32.dll
 0001:000288fe       _GetConsoleCursorInfo@8    100298fe f   kernel32:KERNEL32.dll
 0001:00028904       _Thread32Next@8            10029904 f   kernel32:KERNEL32.dll
 0001:0002890a       _Thread32First@8           1002990a f   kernel32:KERNEL32.dll
 0001:00028910       _ExpandEnvironmentStringsW@12 10029910 f   kernel32:KERNEL32.dll
 0001:00028916       _lstrcmpA@8                10029916 f   kernel32:KERNEL32.dll
 0001:0002891c       _MultiByteToWideChar@24    1002991c f   kernel32:KERNEL32.dll
 0001:00028922       _lstrlenA@4                10029922 f   kernel32:KERNEL32.dll
 0001:00028928       _lstrcpynA@12              10029928 f   kernel32:KERNEL32.dll
 0001:0002892e       _GetCurrentDirectoryW@8    1002992e f   kernel32:KERNEL32.dll
 0001:00028934       _lstrcpyA@8                10029934 f   kernel32:KERNEL32.dll
 0001:0002893a       _DisconnectNamedPipe@4     1002993a f   kernel32:KERNEL32.dll
 0001:00028940       _SetThreadPriority@8       10029940 f   kernel32:KERNEL32.dll
 0001:00028946       _Sleep@4                   10029946 f   kernel32:KERNEL32.dll
 0001:0002894c       _FlushFileBuffers@4        1002994c f   kernel32:KERNEL32.dll
 0001:00028952       _ReadFile@20               10029952 f   kernel32:KERNEL32.dll
 0001:00028958       _GetOverlappedResult@16    10029958 f   kernel32:KERNEL32.dll
 0001:0002895e       _WriteFile@20              1002995e f   kernel32:KERNEL32.dll
 0001:00028964       _ConnectNamedPipe@8        10029964 f   kernel32:KERNEL32.dll
 0001:0002896a       _CreateNamedPipeW@32       1002996a f   kernel32:KERNEL32.dll
 0001:00028970       _SetFilePointer@16         10029970 f   kernel32:KERNEL32.dll
 0001:00028976       _GetFileInformationByHandle@8 10029976 f   kernel32:KERNEL32.dll
 0001:0002897c       _CreateFileW@28            1002997c f   kernel32:KERNEL32.dll
 0001:00028982       _ReadProcessMemory@20      10029982 f   kernel32:KERNEL32.dll
 0001:00028988       _FreeLibrary@4             10029988 f   kernel32:KERNEL32.dll
 0001:0002898e       _GetVersionExW@4           1002998e f   kernel32:KERNEL32.dll
 0001:00028994       _SearchPathW@24            10029994 f   kernel32:KERNEL32.dll
 0001:0002899a       _DebugBreak@0              1002999a f   kernel32:KERNEL32.dll
 0001:000289a0       _SetNamedPipeHandleState@16 100299a0 f   kernel32:KERNEL32.dll
 0001:000289a6       _WaitNamedPipeW@8          100299a6 f   kernel32:KERNEL32.dll
 0001:000289ac       _TransactNamedPipe@28      100299ac f   kernel32:KERNEL32.dll
 0001:000289b2       _GetConsoleWindow@0        100299b2 f   kernel32:KERNEL32.dll
 0001:000289b8       _HeapCreate@12             100299b8 f   kernel32:KERNEL32.dll
 0001:000289be       _HeapDestroy@4             100299be f   kernel32:KERNEL32.dll
 0001:000289c4       _HeapAlloc@12              100299c4 f   kernel32:KERNEL32.dll
 0001:000289ca       _HeapReAlloc@16            100299ca f   kernel32:KERNEL32.dll
 0001:000289d0       _HeapFree@12               100299d0 f   kernel32:KERNEL32.dll
 0001:000289d6       _HeapValidate@12           100299d6 f   kernel32:KERNEL32.dll
 0001:000289dc       _LocalFree@4               100299dc f   kernel32:KERNEL32.dll
 0001:000289e2       _LocalAlloc@8              100299e2 f   kernel32:KERNEL32.dll
 0001:000289e8       _SetConsoleWindowInfo@12   100299e8 f   kernel32:KERNEL32.dll
 0001:000289ee       _GetConsoleOutputCP@0      100299ee f   kernel32:KERNEL32.dll
 0001:000289f4       _GetFileSizeEx@8           100299f4 f   kernel32:KERNEL32.dll
 0001:000289fa       _FindClose@4               100299fa f   kernel32:KERNEL32.dll
 0001:00028a00       _FindNextFileW@8           10029a00 f   kernel32:KERNEL32.dll
 0001:00028a06       _FindFirstFileW@8          10029a06 f   kernel32:KERNEL32.dll
 0001:00028a0c       _CreateDirectoryW@8        10029a0c f   kernel32:KERNEL32.dll
 0001:00028a12       _OpenProcess@12            10029a12 f   kernel32:KERNEL32.dll
 0001:00028a18       _Process32NextW@8          10029a18 f   kernel32:KERNEL32.dll
 0001:00028a1e       _Process32FirstW@8         10029a1e f   kernel32:KERNEL32.dll
 0001:00028a24       _IsBadReadPtr@8            10029a24 f   kernel32:KERNEL32.dll
 0001:00028a2a       _GetFullPathNameW@16       10029a2a f   kernel32:KERNEL32.dll
 0001:00028a30       _GetModuleFileNameA@12     10029a30 f   kernel32:KERNEL32.dll
 0001:00028a36       _OpenEventW@12             10029a36 f   kernel32:KERNEL32.dll
 0001:00028a3c       _InitializeCriticalSection@4 10029a3c f   kernel32:KERNEL32.dll
 0001:00028a42       _DeleteCriticalSection@4   10029a42 f   kernel32:KERNEL32.dll
 0001:00028a48       _EnterCriticalSection@4    10029a48 f   kernel32:KERNEL32.dll
 0001:00028a4e       _LeaveCriticalSection@4    10029a4e f   kernel32:KERNEL32.dll
 0001:00028a54       _TryEnterCriticalSection@4 10029a54 f   kernel32:KERNEL32.dll
 0001:00028a5a       _OpenThread@12             10029a5a f   kernel32:KERNEL32.dll
 0001:00028a60       _GetLocalTime@4            10029a60 f   kernel32:KERNEL32.dll
 0001:00028a66       _GetLargestConsoleWindowSize@4 10029a66 f   kernel32:KERNEL32.dll
 0001:00028a6c       _DuplicateHandle@28        10029a6c f   kernel32:KERNEL32.dll
 0001:00028a72       _GetWindowsDirectoryW@8    10029a72 f   kernel32:KERNEL32.dll
 0001:00028a78       _GlobalUnlock@4            10029a78 f   kernel32:KERNEL32.dll
 0001:00028a7e       _GlobalLock@4              10029a7e f   kernel32:KERNEL32.dll
 0001:00028a84       _GlobalAlloc@8             10029a84 f   kernel32:KERNEL32.dll
 0001:00028a8a       _MessageBoxW@16            10029a8a f   user32:USER32.dll
 0001:00028a90       _wsprintfW                 10029a90 f   user32:USER32.dll
 0001:00028a96       _IsWindow@4                10029a96 f   user32:USER32.dll
 0001:00028a9c       _GetWindowLongW@8          10029a9c f   user32:USER32.dll
 0001:00028aa2       _GetParent@4               10029aa2 f   user32:USER32.dll
 0001:00028aa8       _PostMessageW@16           10029aa8 f   user32:USER32.dll
 0001:00028aae       _RegisterWindowMessageW@4  10029aae f   user32:USER32.dll
 0001:00028ab4       _GetWindowThreadProcessId@8 10029ab4 f   user32:USER32.dll
 0001:00028aba       _IsWindowVisible@4         10029aba f   user32:USER32.dll
 0001:00028ac0       _CharUpperBuffW@8          10029ac0 f   user32:USER32.dll
 0001:00028ac6       _FillRect@12               10029ac6 f   user32:USER32.dll
 0001:00028acc       _ReleaseDC@8               10029acc f   user32:USER32.dll
 0001:00028ad2       _GetDC@4                   10029ad2 f   user32:USER32.dll
 0001:00028ad8       _ActivateKeyboardLayout@8  10029ad8 f   user32:USER32.dll
 0001:00028ade       _LoadKeyboardLayoutW@8     10029ade f   user32:USER32.dll
 0001:00028ae4       _MapVirtualKeyW@8          10029ae4 f   user32:USER32.dll
 0001:00028aea       _VkKeyScanW@4              10029aea f   user32:USER32.dll
 0001:00028af0       _FindWindowW@8             10029af0 f   user32:USER32.dll
 0001:00028af6       _GetSystemMetrics@4        10029af6 f   user32:USER32.dll
 0001:00028afc       _IsRectEmpty@4             10029afc f   user32:USER32.dll
 0001:00028b02       _EnumDisplayMonitors@16    10029b02 f   user32:USER32.dll
 0001:00028b08       _GetMonitorInfoW@8         10029b08 f   user32:USER32.dll
 0001:00028b0e       _SystemParametersInfoW@16  10029b0e f   user32:USER32.dll
 0001:00028b14       _MonitorFromWindow@8       10029b14 f   user32:USER32.dll
 0001:00028b1a       _MonitorFromRect@8         10029b1a f   user32:USER32.dll
 0001:00028b20       _SetWindowPos@28           10029b20 f   user32:USER32.dll
 0001:00028b26       _ShowWindow@8              10029b26 f   user32:USER32.dll
 0001:00028b2c       _SendMessageW@16           10029b2c f   user32:USER32.dll
 0001:00028b32       _GetWindowRect@8           10029b32 f   user32:USER32.dll
 0001:00028b38       _EnableWindow@8            10029b38 f   user32:USER32.dll
 0001:00028b3e       _IsWindowEnabled@4         10029b3e f   user32:USER32.dll
 0001:00028b44       _SetForegroundWindow@4     10029b44 f   user32:USER32.dll
 0001:00028b4a       _ShowWindowAsync@8         10029b4a f   user32:USER32.dll
 0001:00028b50       _wsprintfA                 10029b50 f   user32:USER32.dll
 0001:00028b56       _GetCursorPos@4            10029b56 f   user32:USER32.dll
 0001:00028b5c       _GetWindowTextW@12         10029b5c f   user32:USER32.dll
 0001:00028b62       _GetClassNameW@12          10029b62 f   user32:USER32.dll
 0001:00028b68       _GetForegroundWindow@0     10029b68 f   user32:USER32.dll
 0001:00028b6e       _GetKeyboardLayoutList@8   10029b6e f   user32:USER32.dll
 0001:00028b74       _GetKeyboardLayout@4       10029b74 f   user32:USER32.dll
 0001:00028b7a       _DestroyWindow@4           10029b7a f   user32:USER32.dll
 0001:00028b80       _GetClientRect@8           10029b80 f   user32:USER32.dll
 0001:00028b86       _CreateWindowExW@48        10029b86 f   user32:USER32.dll
 0001:00028b8c       _SetTimer@16               10029b8c f   user32:USER32.dll
 0001:00028b92       _KillTimer@8               10029b92 f   user32:USER32.dll
 0001:00028b98       _CloseClipboard@0          10029b98 f   user32:USER32.dll
 0001:00028b9e       _SetClipboardData@8        10029b9e f   user32:USER32.dll
 0001:00028ba4       _EmptyClipboard@0          10029ba4 f   user32:USER32.dll
 0001:00028baa       _OpenClipboard@4           10029baa f   user32:USER32.dll
 0001:00028bb0       _DeleteEnhMetaFile@4       10029bb0 f   gdi32:GDI32.dll
 0001:00028bb6       _GetEnhMetaFileBits@12     10029bb6 f   gdi32:GDI32.dll
 0001:00028bbc       _CloseEnhMetaFile@4        10029bbc f   gdi32:GDI32.dll
 0001:00028bc2       _GdiFlush@0                10029bc2 f   gdi32:GDI32.dll
 0001:00028bc8       _SelectObject@8            10029bc8 f   gdi32:GDI32.dll
 0001:00028bce       _DeleteDC@4                10029bce f   gdi32:GDI32.dll
 0001:00028bd4       _DeleteObject@4            10029bd4 f   gdi32:GDI32.dll
 0001:00028bda       _CreateSolidBrush@4        10029bda f   gdi32:GDI32.dll
 0001:00028be0       _CreateDIBSection@24       10029be0 f   gdi32:GDI32.dll
 0001:00028be6       _CreateCompatibleDC@4      10029be6 f   gdi32:GDI32.dll
 0001:00028bec       _CreateEnhMetaFileW@16     10029bec f   gdi32:GDI32.dll
 0001:00028bf2       _GetDeviceCaps@8           10029bf2 f   gdi32:GDI32.dll
 0001:00028bf8       _GetTextMetricsW@8         10029bf8 f   gdi32:GDI32.dll
 0001:00028bfe       _CreateFontIndirectW@4     10029bfe f   gdi32:GDI32.dll
 0001:00028c04       _RegCloseKey@4             10029c04 f   advapi32:ADVAPI32.dll
 0001:00028c0a       _RegQueryValueExW@24       10029c0a f   advapi32:ADVAPI32.dll
 0001:00028c10       _RegOpenKeyExW@20          10029c10 f   advapi32:ADVAPI32.dll
 0001:00028c16       _RegCreateKeyExW@36        10029c16 f   advapi32:ADVAPI32.dll
 0001:00028c1c       _FreeSid@4                 10029c1c f   advapi32:ADVAPI32.dll
 0001:00028c22       _CheckTokenMembership@12   10029c22 f   advapi32:ADVAPI32.dll
 0001:00028c28       _AllocateAndInitializeSid@44 10029c28 f   advapi32:ADVAPI32.dll
 0001:00028c2e       _ConvertSidToStringSidW@8  10029c2e f   advapi32:ADVAPI32.dll
 0001:00028c34       _GetTokenInformation@20    10029c34 f   advapi32:ADVAPI32.dll
 0001:00028c3a       _OpenProcessToken@12       10029c3a f   advapi32:ADVAPI32.dll
 0001:00028c40       _RegEnumKeyExW@32          10029c40 f   advapi32:ADVAPI32.dll
 0001:00028c46       _SHGetFolderPathW@20       10029c46 f   shell32:SHELL32.dll
 0001:00028c4c       _VerQueryValueW@16         10029c4c f   version:VERSION.dll
 0001:00028c52       _GetFileVersionInfoW@16    10029c52 f   version:VERSION.dll
 0001:00028c58       _GetFileVersionInfoSizeW@8 10029c58 f   version:VERSION.dll
 0001:00028c60       __chkstk                   10029c60 f   LIBCMT:chkstk.obj
 0001:00028c60       __alloca_probe             10029c60     LIBCMT:chkstk.obj
 0001:00028c90       _memset                    10029c90 f   LIBCMT:memset.obj
 0001:0002a280       _memcmp                    1002b280 f   LIBCMT:memcmp.obj
 0001:0002b900       _memcpy                    1002c900 f   LIBCMT:memcpy.obj
 0001:0002bc65       _wcsrchr                   1002cc65 f   LIBCMT:wcsrchr.obj
 0001:0002bca0       _memmove                   1002cca0 f   LIBCMT:memmove.obj
 0001:0002c005       _wcschr                    1002d005 f   LIBCMT:wcschr.obj
 0001:0002c02b       _wcsstr                    1002d02b f   LIBCMT:wcsstr.obj
 0001:0002c090       __ftol2_sse                1002d090 f   LIBCMT:ftol2.obj
 0001:0002c099       __ftol2_pentium4           1002d099 f   LIBCMT:ftol2.obj
 0001:0002c0ac       __ftol2_sse_excpt          1002d0ac f   LIBCMT:ftol2.obj
 0001:0002c0c6       __ftol2                    1002d0c6 f   LIBCMT:ftol2.obj
 0001:0002c13b       _wcsncmp                   1002d13b f   LIBCMT:wcsncmp.obj
 0001:0002c172       _wcspbrk                   1002d172 f   LIBCMT:wcspbrk.obj
 0001:0002c1c0       _strrchr                   1002d1c0 f   LIBCMT:strrchr.obj
 0001:0002c244       __VEC_memzero              1002d244 f   LIBCMT:p4_memset.obj
 0001:0002c323       __get_sse2_info            1002d323 f   LIBCMT:cpu_disp.obj
 0001:0002c385       ___sse2_available_init     1002d385 f   LIBCMT:cpu_disp.obj
 0001:0002c419       __VEC_memcpy               1002d419 f   LIBCMT:p4_memcpy.obj
 0001:0002c4fc       __SEH_prolog4              1002d4fc f   LIBCMT:sehprolg4.obj
 0001:0002c541       __SEH_epilog4              1002d541 f   LIBCMT:sehprolg4.obj
 0001:0002c590       __except_handler4          1002d590 f   LIBCMT:chandler4.obj
 0001:0002c71c       @__security_check_cookie@4 1002d71c f   LIBCMT:secchk.obj
 0001:0002c72c       __local_unwind4            1002d72c f   LIBCMT:exsup4.obj
 0001:0002c802       __seh_longjmp_unwind4@4    1002d802 f   LIBCMT:exsup4.obj
 0001:0002c81e       @_EH4_CallFilterFunc@8     1002d81e f   LIBCMT:exsup4.obj
 0001:0002c835       @_EH4_TransferToHandler@8  1002d835 f   LIBCMT:exsup4.obj
 0001:0002c84e       @_EH4_GlobalUnwind@4       1002d84e f   LIBCMT:exsup4.obj
 0001:0002c868       @_EH4_LocalUnwind@16       1002d868 f   LIBCMT:exsup4.obj
 0001:0002c880       __ValidateImageBase        1002d880 f   LIBCMT:pesect.obj
 0001:0002c8c0       __FindPESection            1002d8c0 f   LIBCMT:pesect.obj
 0001:0002c910       __IsNonwritableInCurrentImage 1002d910 f   LIBCMT:pesect.obj
 0001:0002c9cd       ___report_gsfailure        1002d9cd f   LIBCMT:gs_report.obj
 0001:0002cad4       __global_unwind2           1002dad4 f   LIBCMT:exsup.obj
 0001:0002cb39       __local_unwind2            1002db39 f   LIBCMT:exsup.obj
 0001:0002cbbd       __abnormal_termination     1002dbbd f   LIBCMT:exsup.obj
 0001:0002cbe0       __NLG_Notify1              1002dbe0 f   LIBCMT:exsup.obj
 0001:0002cbe9       __NLG_Notify               1002dbe9 f   LIBCMT:exsup.obj
 0001:0002cc00       __NLG_Dispatch2            1002dc00     LIBCMT:exsup.obj
 0001:0002cc00       __NLG_Dispatch             1002dc00     LIBCMT:exsup.obj
 0001:0002cc08       __NLG_Call                 1002dc08 f   LIBCMT:exsup.obj
 0001:0002cc0a       __NLG_Return2              1002dc0a     LIBCMT:exsup.obj
 0001:0002cc0b       __crt_debugger_hook        1002dc0b f   LIBCMT:dbghook.obj
 0001:0002cc14       _RtlUnwind@16              1002dc14 f   kernel32:KERNEL32.dll
 0001:0002cc1a       _UnhandledExceptionFilter@4 1002dc1a f   kernel32:KERNEL32.dll
 0001:0002cc20       _SetUnhandledExceptionFilter@4 1002dc20 f   kernel32:KERNEL32.dll
 0002:00000000       __imp__OpenProcessToken@12 1002e000     advapi32:ADVAPI32.dll
 0002:00000004       __imp__GetTokenInformation@20 1002e004     advapi32:ADVAPI32.dll
 0002:00000008       __imp__ConvertSidToStringSidW@8 1002e008     advapi32:ADVAPI32.dll
 0002:0000000c       __imp__AllocateAndInitializeSid@44 1002e00c     advapi32:ADVAPI32.dll
 0002:00000010       __imp__CheckTokenMembership@12 1002e010     advapi32:ADVAPI32.dll
 0002:00000014       __imp__FreeSid@4           1002e014     advapi32:ADVAPI32.dll
 0002:00000018       __imp__RegCreateKeyExW@36  1002e018     advapi32:ADVAPI32.dll
 0002:0000001c       __imp__RegOpenKeyExW@20    1002e01c     advapi32:ADVAPI32.dll
 0002:00000020       __imp__RegQueryValueExW@24 1002e020     advapi32:ADVAPI32.dll
 0002:00000024       __imp__RegCloseKey@4       1002e024     advapi32:ADVAPI32.dll
 0002:00000028       __imp__RegEnumKeyExW@32    1002e028     advapi32:ADVAPI32.dll
 0002:0000002c       \177ADVAPI32_NULL_THUNK_DATA 1002e02c     advapi32:ADVAPI32.dll
 0002:00000030       __imp__GetTextMetricsW@8   1002e030     gdi32:GDI32.dll
 0002:00000034       __imp__GetDeviceCaps@8     1002e034     gdi32:GDI32.dll
 0002:00000038       __imp__CreateEnhMetaFileW@16 1002e038     gdi32:GDI32.dll
 0002:0000003c       __imp__CreateCompatibleDC@4 1002e03c     gdi32:GDI32.dll
 0002:00000040       __imp__CreateDIBSection@24 1002e040     gdi32:GDI32.dll
 0002:00000044       __imp__CreateSolidBrush@4  1002e044     gdi32:GDI32.dll
 0002:00000048       __imp__DeleteObject@4      1002e048     gdi32:GDI32.dll
 0002:0000004c       __imp__DeleteDC@4          1002e04c     gdi32:GDI32.dll
 0002:00000050       __imp__SelectObject@8      1002e050     gdi32:GDI32.dll
 0002:00000054       __imp__GdiFlush@0          1002e054     gdi32:GDI32.dll
 0002:00000058       __imp__CloseEnhMetaFile@4  1002e058     gdi32:GDI32.dll
 0002:0000005c       __imp__CreateFontIndirectW@4 1002e05c     gdi32:GDI32.dll
 0002:00000060       __imp__DeleteEnhMetaFile@4 1002e060     gdi32:GDI32.dll
 0002:00000064       __imp__GetEnhMetaFileBits@12 1002e064     gdi32:GDI32.dll
 0002:00000068       \177GDI32_NULL_THUNK_DATA  1002e068     gdi32:GDI32.dll
 0002:0000006c       __imp__GetConsoleScreenBufferInfo@8 1002e06c     kernel32:KERNEL32.dll
 0002:00000070       __imp__SuspendThread@4     1002e070     kernel32:KERNEL32.dll
 0002:00000074       __imp__ResumeThread@4      1002e074     kernel32:KERNEL32.dll
 0002:00000078       __imp__TerminateProcess@8  1002e078     kernel32:KERNEL32.dll
 0002:0000007c       __imp__GetCurrentProcess@0 1002e07c     kernel32:KERNEL32.dll
 0002:00000080       __imp__CloseHandle@4       1002e080     kernel32:KERNEL32.dll
 0002:00000084       __imp__Module32NextW@8     1002e084     kernel32:KERNEL32.dll
 0002:00000088       __imp__Module32FirstW@8    1002e088     kernel32:KERNEL32.dll
 0002:0000008c       __imp__CreateToolhelp32Snapshot@8 1002e08c     kernel32:KERNEL32.dll
 0002:00000090       __imp__GetEnvironmentVariableW@12 1002e090     kernel32:KERNEL32.dll
 0002:00000094       __imp__CreateThread@24     1002e094     kernel32:KERNEL32.dll
 0002:00000098       __imp__CreateSemaphoreW@16 1002e098     kernel32:KERNEL32.dll
 0002:0000009c       __imp__CreateEventW@16     1002e09c     kernel32:KERNEL32.dll
 0002:000000a0       __imp__OpenFileMappingW@12 1002e0a0     kernel32:KERNEL32.dll
 0002:000000a4       __imp__VirtualProtect@16   1002e0a4     kernel32:KERNEL32.dll
 0002:000000a8       __imp__MapViewOfFile@20    1002e0a8     kernel32:KERNEL32.dll
 0002:000000ac       __imp__CreateFileMappingW@24 1002e0ac     kernel32:KERNEL32.dll
 0002:000000b0       __imp__lstrcmpW@8          1002e0b0     kernel32:KERNEL32.dll
 0002:000000b4       __imp__lstrcpynW@12        1002e0b4     kernel32:KERNEL32.dll
 0002:000000b8       __imp__lstrcmpiW@8         1002e0b8     kernel32:KERNEL32.dll
 0002:000000bc       __imp__UnmapViewOfFile@4   1002e0bc     kernel32:KERNEL32.dll
 0002:000000c0       __imp__TerminateThread@8   1002e0c0     kernel32:KERNEL32.dll
 0002:000000c4       __imp__SetConsoleTitleW@4  1002e0c4     kernel32:KERNEL32.dll
 0002:000000c8       __imp__GetConsoleTitleW@8  1002e0c8     kernel32:KERNEL32.dll
 0002:000000cc       __imp__WideCharToMultiByte@32 1002e0cc     kernel32:KERNEL32.dll
 0002:000000d0       __imp__DeleteFileW@4       1002e0d0     kernel32:KERNEL32.dll
 0002:000000d4       __imp__CreateProcessW@40   1002e0d4     kernel32:KERNEL32.dll
 0002:000000d8       __imp__GetExitCodeProcess@8 1002e0d8     kernel32:KERNEL32.dll
 0002:000000dc       __imp__SetConsoleMode@8    1002e0dc     kernel32:KERNEL32.dll
 0002:000000e0       __imp__GetConsoleMode@8    1002e0e0     kernel32:KERNEL32.dll
 0002:000000e4       __imp__GetConsoleCursorInfo@8 1002e0e4     kernel32:KERNEL32.dll
 0002:000000e8       __imp__Thread32Next@8      1002e0e8     kernel32:KERNEL32.dll
 0002:000000ec       __imp__Thread32First@8     1002e0ec     kernel32:KERNEL32.dll
 0002:000000f0       __imp__ExpandEnvironmentStringsW@12 1002e0f0     kernel32:KERNEL32.dll
 0002:000000f4       __imp__lstrcmpA@8          1002e0f4     kernel32:KERNEL32.dll
 0002:000000f8       __imp__MultiByteToWideChar@24 1002e0f8     kernel32:KERNEL32.dll
 0002:000000fc       __imp__lstrlenA@4          1002e0fc     kernel32:KERNEL32.dll
 0002:00000100       __imp__lstrcpynA@12        1002e100     kernel32:KERNEL32.dll
 0002:00000104       __imp__GetCurrentDirectoryW@8 1002e104     kernel32:KERNEL32.dll
 0002:00000108       __imp__lstrcpyA@8          1002e108     kernel32:KERNEL32.dll
 0002:0000010c       __imp__DisconnectNamedPipe@4 1002e10c     kernel32:KERNEL32.dll
 0002:00000110       __imp__SetThreadPriority@8 1002e110     kernel32:KERNEL32.dll
 0002:00000114       __imp__Sleep@4             1002e114     kernel32:KERNEL32.dll
 0002:00000118       __imp__FlushFileBuffers@4  1002e118     kernel32:KERNEL32.dll
 0002:0000011c       __imp__ReadFile@20         1002e11c     kernel32:KERNEL32.dll
 0002:00000120       __imp__GetOverlappedResult@16 1002e120     kernel32:KERNEL32.dll
 0002:00000124       __imp__WriteFile@20        1002e124     kernel32:KERNEL32.dll
 0002:00000128       __imp__ConnectNamedPipe@8  1002e128     kernel32:KERNEL32.dll
 0002:0000012c       __imp__CreateNamedPipeW@32 1002e12c     kernel32:KERNEL32.dll
 0002:00000130       __imp__InterlockedIncrement@4 1002e130     kernel32:KERNEL32.dll
 0002:00000134       __imp__GetFileInformationByHandle@8 1002e134     kernel32:KERNEL32.dll
 0002:00000138       __imp__CreateFileW@28      1002e138     kernel32:KERNEL32.dll
 0002:0000013c       __imp__ReadProcessMemory@20 1002e13c     kernel32:KERNEL32.dll
 0002:00000140       __imp__FreeLibrary@4       1002e140     kernel32:KERNEL32.dll
 0002:00000144       __imp__GetVersionExW@4     1002e144     kernel32:KERNEL32.dll
 0002:00000148       __imp__SearchPathW@24      1002e148     kernel32:KERNEL32.dll
 0002:0000014c       __imp__DebugBreak@0        1002e14c     kernel32:KERNEL32.dll
 0002:00000150       __imp__SetNamedPipeHandleState@16 1002e150     kernel32:KERNEL32.dll
 0002:00000154       __imp__WaitNamedPipeW@8    1002e154     kernel32:KERNEL32.dll
 0002:00000158       __imp__TransactNamedPipe@28 1002e158     kernel32:KERNEL32.dll
 0002:0000015c       __imp__GetConsoleWindow@0  1002e15c     kernel32:KERNEL32.dll
 0002:00000160       __imp__HeapCreate@12       1002e160     kernel32:KERNEL32.dll
 0002:00000164       __imp__HeapDestroy@4       1002e164     kernel32:KERNEL32.dll
 0002:00000168       __imp__HeapAlloc@12        1002e168     kernel32:KERNEL32.dll
 0002:0000016c       __imp__HeapReAlloc@16      1002e16c     kernel32:KERNEL32.dll
 0002:00000170       __imp__HeapFree@12         1002e170     kernel32:KERNEL32.dll
 0002:00000174       __imp__HeapValidate@12     1002e174     kernel32:KERNEL32.dll
 0002:00000178       __imp__LocalFree@4         1002e178     kernel32:KERNEL32.dll
 0002:0000017c       __imp__LocalAlloc@8        1002e17c     kernel32:KERNEL32.dll
 0002:00000180       __imp__SetConsoleWindowInfo@12 1002e180     kernel32:KERNEL32.dll
 0002:00000184       __imp__GetConsoleOutputCP@0 1002e184     kernel32:KERNEL32.dll
 0002:00000188       __imp__GetFileSizeEx@8     1002e188     kernel32:KERNEL32.dll
 0002:0000018c       __imp__FindClose@4         1002e18c     kernel32:KERNEL32.dll
 0002:00000190       __imp__FindNextFileW@8     1002e190     kernel32:KERNEL32.dll
 0002:00000194       __imp__FindFirstFileW@8    1002e194     kernel32:KERNEL32.dll
 0002:00000198       __imp__CreateDirectoryW@8  1002e198     kernel32:KERNEL32.dll
 0002:0000019c       __imp__OpenProcess@12      1002e19c     kernel32:KERNEL32.dll
 0002:000001a0       __imp__Process32NextW@8    1002e1a0     kernel32:KERNEL32.dll
 0002:000001a4       __imp__Process32FirstW@8   1002e1a4     kernel32:KERNEL32.dll
 0002:000001a8       __imp__IsBadReadPtr@8      1002e1a8     kernel32:KERNEL32.dll
 0002:000001ac       __imp__GetFullPathNameW@16 1002e1ac     kernel32:KERNEL32.dll
 0002:000001b0       __imp__GetModuleFileNameA@12 1002e1b0     kernel32:KERNEL32.dll
 0002:000001b4       __imp__OpenEventW@12       1002e1b4     kernel32:KERNEL32.dll
 0002:000001b8       __imp__InitializeCriticalSection@4 1002e1b8     kernel32:KERNEL32.dll
 0002:000001bc       __imp__DeleteCriticalSection@4 1002e1bc     kernel32:KERNEL32.dll
 0002:000001c0       __imp__EnterCriticalSection@4 1002e1c0     kernel32:KERNEL32.dll
 0002:000001c4       __imp__LeaveCriticalSection@4 1002e1c4     kernel32:KERNEL32.dll
 0002:000001c8       __imp__TryEnterCriticalSection@4 1002e1c8     kernel32:KERNEL32.dll
 0002:000001cc       __imp__OpenThread@12       1002e1cc     kernel32:KERNEL32.dll
 0002:000001d0       __imp__GetLocalTime@4      1002e1d0     kernel32:KERNEL32.dll
 0002:000001d4       __imp__GetLargestConsoleWindowSize@4 1002e1d4     kernel32:KERNEL32.dll
 0002:000001d8       __imp__DuplicateHandle@28  1002e1d8     kernel32:KERNEL32.dll
 0002:000001dc       __imp__GetWindowsDirectoryW@8 1002e1dc     kernel32:KERNEL32.dll
[...]
 0002:000036dc       ??_C@_0BO@KDJDCIBJ@GetConsoleKeyboardLayoutNameW?$AA@ 100316dc     WinObjects.obj
 0002:00003700       ??_C@_1CGI@DFIMAEBM@?$AAS?$AAt?$AAa?$AAr?$AAt?$AAu?$AAp?$AA?5?$AAi?$AAn?$AAf?$AAo?$AA?$AN?$AA?6?$AA?7?$AAO?$AAs?$AAV?$AAe?$AAr?$AA?3?$AA?5?$AA?$CF?$AAu?$AA?4?$AA?$CF?$AAu?$AA?4?$AA?$CF?$AAu?$AA?4?$AAx@ 10031700     WinObjects.obj
 0002:00003968       ??_C@_1EO@MPDKFAPM@?$AAL?$AAo?$AAg?$AAS?$AAt?$AAa?$AAr?$AAt?$AAE?$AAn?$AAv?$AA?5?$AAf?$AAa?$AAi?$AAl?$AAe?$AAd?$AA?0?$AA?5?$AAi?$AAn?$AAv?$AAa?$AAl?$AAi?$AAd?$AA?5?$AAa?$AAp?$AAS?$AAt@ 10031968     WinObjects.obj
 0002:000039b8       ??_7CToolTip@@6B@          100319b8     WinObjects.obj
 0002:000039bc       ??_C@_1CC@KPOKNCMJ@?$AAt?$AAo?$AAo?$AAl?$AAt?$AAi?$AAp?$AAs?$AA_?$AAc?$AAl?$AAa?$AAs?$AAs?$AA3?$AA2?$AA?$AA@ 100319bc     WinObjects.obj
 0002:000039e0       ??_C@_1FA@BFJDIMLC@?$AAC?$AA?3?$AA?2?$AAP?$AAr?$AAo?$AAg?$AAr?$AAa?$AAm?$AA?5?$AAF?$AAi?$AAl?$AAe?$AAs?$AA?2?$AAJ?$AAP?$AAS?$AAo?$AAf?$AAt?$AA?2?$AAT?$AAC?$AAC?$AAL?$AAE?$AA1?$AA3?$AA?2@ 100319e0     WinObjects.obj
 0002:00003a30       ??_C@_1EO@GBOKIPHE@?$AAC?$AA?3?$AA?2?$AAP?$AAr?$AAo?$AAg?$AAr?$AAa?$AAm?$AA?5?$AAF?$AAi?$AAl?$AAe?$AAs?$AA?2?$AAJ?$AAP?$AAS?$AAo?$AAf?$AAt?$AA?2?$AAT?$AAC?$AAM?$AAD?$AA1?$AA3?$AA?2?$AAt@ 10031a30     WinObjects.obj
 0002:00003a80       ??_C@_1CA@CBMLAMC@?$AAI?$AAn?$AAs?$AAt?$AAa?$AAl?$AAl?$AAL?$AAo?$AAc?$AAa?$AAt?$AAi?$AAo?$AAn?$AA?$AA@ 10031a80     WinObjects.obj
 0002:00003aa0       ??_C@_1BI@NAAHPGNK@?$AAJ?$AAP?$AA?5?$AAS?$AAo?$AAf?$AAt?$AAw?$AAa?$AAr?$AAe?$AA?$AA@ 10031aa0     WinObjects.obj
 0002:00003ab8       ??_C@_1BE@CCMLAJPM@?$AAP?$AAu?$AAb?$AAl?$AAi?$AAs?$AAh?$AAe?$AAr?$AA?$AA@ 10031ab8     WinObjects.obj
 0002:00003ad0       ??_C@_1GI@BAAGFBH@?$AAS?$AAO?$AAF?$AAT?$AAW?$AAA?$AAR?$AAE?$AA?2?$AAM?$AAi?$AAc?$AAr?$AAo?$AAs?$AAo?$AAf?$AAt?$AA?2?$AAW?$AAi?$AAn?$AAd?$AAo?$AAw?$AAs?$AA?2?$AAC?$AAu?$AAr?$AAr?$AAe@ 10031ad0     WinObjects.obj
 0002:00003b38       ??_C@_1BA@JFHFEKBP@?$AAt?$AAc?$AAc?$AA?4?$AAe?$AAx?$AAe?$AA?$AA@ 10031b38     WinObjects.obj
 0002:00003b48       ??_C@_1BE@BGAOJFLF@?$AA?2?$AAt?$AAc?$AAm?$AAd?$AA?4?$AAe?$AAx?$AAe?$AA?$AA@ 10031b48     WinObjects.obj
 0002:00003b5c       ??_C@_19NHABCBNP@?$AAP?$AAa?$AAt?$AAh?$AA?$AA@ 10031b5c     WinObjects.obj
 0002:00003b68       ??_C@_1CK@HMKJOJBO@?$AAS?$AAO?$AAF?$AAT?$AAW?$AAA?$AAR?$AAE?$AA?2?$AAJ?$AAP?$AA?5?$AAS?$AAo?$AAf?$AAt?$AAw?$AAa?$AAr?$AAe?$AA?$AA@ 10031b68     WinObjects.obj
 0002:00003b94       ??_C@_1DA@EMHAGABM@?$AA?$CF?$AAC?$AAo?$AAn?$AAE?$AAm?$AAu?$AAB?$AAa?$AAs?$AAe?$AAD?$AAi?$AAr?$AA?$CF?$AA?2?$AAt?$AAc?$AAc?$AA?4?$AAe?$AAx?$AAe?$AA?$AA@ 10031b94     WinObjects.obj
 0002:00003bc4       ??_C@_13PJJBFPED@?$AA?$DL?$AA?$AA@ 10031bc4     WinObjects.obj
 0002:00003bc8       ??_C@_1BA@DBKIDAPL@?$AAc?$AAm?$AAd?$AA?4?$AAe?$AAx?$AAe?$AA?$AA@ 10031bc8     WinObjects.obj
 0002:00003bd8       ??_C@_1CE@ECCAMEKN@?$AA?2?$AAS?$AAy?$AAs?$AAW?$AAO?$AAW?$AA6?$AA4?$AA?2?$AAc?$AAm?$AAd?$AA?4?$AAe?$AAx?$AAe?$AA?$AA@ 10031bd8     WinObjects.obj
 0002:00003bfc       ??_C@_1CC@PDLBBEEF@?$AAS?$AAy?$AAs?$AAW?$AAO?$AAW?$AA6?$AA4?$AA?2?$AAc?$AAm?$AAd?$AA?4?$AAe?$AAx?$AAe?$AA?$AA@ 10031bfc     WinObjects.obj
 0002:00003c20       ??_C@_1CE@PMNGKNKL@?$AA?2?$AAS?$AAy?$AAs?$AAt?$AAe?$AAm?$AA3?$AA2?$AA?2?$AAc?$AAm?$AAd?$AA?4?$AAe?$AAx?$AAe?$AA?$AA@ 10031c20     WinObjects.obj
 0002:00003c44       ??_C@_1CC@ENEHHNED@?$AAS?$AAy?$AAs?$AAt?$AAe?$AAm?$AA3?$AA2?$AA?2?$AAc?$AAm?$AAd?$AA?4?$AAe?$AAx?$AAe?$AA?$AA@ 10031c44     WinObjects.obj
 0002:00003c68       ??_C@_1CK@OLMGMMDO@?$AAC?$AAo?$AAn?$AAE?$AAm?$AAu?$AAS?$AAl?$AAe?$AAe?$AAp?$AAI?$AAn?$AAd?$AAi?$AAc?$AAa?$AAt?$AAo?$AAr?$AA?$AA@ 10031c68     WinObjects.obj
 0002:00003ca0       __load_config_used         10031ca0     LIBCMT:loadcfg.obj
 0002:00003d60       ___safe_se_handler_table   10031d60     <linker-defined>
 0002:00003dac       __IMPORT_DESCRIPTOR_KERNEL32 10031dac     kernel32:KERNEL32.dll
 0002:00003dc0       __IMPORT_DESCRIPTOR_USER32 10031dc0     user32:USER32.dll
 0002:00003dd4       __IMPORT_DESCRIPTOR_GDI32  10031dd4     gdi32:GDI32.dll
 0002:00003de8       __IMPORT_DESCRIPTOR_ADVAPI32 10031de8     advapi32:ADVAPI32.dll
 0002:00003dfc       __IMPORT_DESCRIPTOR_SHELL32 10031dfc     shell32:SHELL32.dll
 0002:00003e10       __IMPORT_DESCRIPTOR_VERSION 10031e10     version:VERSION.dll
 0002:00003e24       __NULL_IMPORT_DESCRIPTOR   10031e24     kernel32:KERNEL32.dll
 0003:00000000       ?gnPluginOpenFrom@@3HA     10034000     ConEmuPlugin.obj
 0003:00000004       ?gnReqCommand@@3KA         10034004     ConEmuPlugin.obj
 0003:00000008       ?lastModifiedStateW@@3HA   10034008     ConEmuPlugin.obj
 0003:0000000c       ?gFarMode@@3UHookModeFar@@A 1003400c     ConEmuPlugin.obj
 0003:00000028       ?gpPluginMenu@@3PAUPluginAndMenuCommands@@A 10034028     ConEmuPlugin.obj
 0003:000000e0       ?Far3Func@@3PAUExportFunc@@A 100340e0     ConEmuPlugin.obj
 0003:00000128       ?guid_ConEmu@@3U_GUID@@A   10034128     ConEmuPlugin2800.obj
 0003:00000138       ?guid_ConEmuPluginItems@@3U_GUID@@A 10034138     ConEmuPlugin2800.obj
 0003:00000148       ?guid_ConEmuPluginMenu@@3U_GUID@@A 10034148     ConEmuPlugin2800.obj
 0003:00000158       ?guid_ConEmuGuiMacroDlg@@3U_GUID@@A 10034158     ConEmuPlugin2800.obj
 0003:00000168       ?guid_ConEmuWaitEndSynchro@@3U_GUID@@A 10034168     ConEmuPlugin2800.obj
 0003:00000180       ___security_cookie         10034180     LIBCMT:gs_cookie.obj
 0003:00000184       ___security_cookie_complement 10034184     LIBCMT:gs_cookie.obj
 0003:00000188       __NLG_Destination          10034188     LIBCMT:exsup.obj
 0003:00000198       ?ghHooksModule@@3PAUHINSTANCE__@@A 10034198     ConEmuInjects.obj
 0003:0000019c       ?gbHooksModuleLoaded@@3HA  1003419c     ConEmuInjects.obj
 0003:000001a0       ?SetHookCallbacks@@3P6G_NPBDPB_WPAUHINSTANCE__@@P6GHPAUHookCallbackArg@@@ZP6GX3@Z5@ZA 100341a0     ConEmuInjects.obj
 0003:000001a4       ?SetLoadLibraryCallback@@3P6GXPAUHINSTANCE__@@P6GX0@Z1@ZA 100341a4     ConEmuInjects.obj
 0003:000001a8       ?SetFarHookMode@@3P6GXPAUHookModeFar@@@ZA 100341a8     ConEmuInjects.obj
 0003:000001b0       ?gszDir2@@3PA_WA           100341b0     ConEmuPlugin.obj
 0003:000009b0       ?gpConMap@@3PAV?$MFileMapping@UCESERVER_CONSOLE_MAPPING_HDR@@@@A 100349b0     ConEmuPlugin.obj
 0003:000009b8       ?gszRootKey@@3PA_WA        100349b8     ConEmuPlugin.obj
 0003:00000dc8       ?gsbiDetached@@3U_CONSOLE_SCREEN_BUFFER_INFO@@A 10034dc8     ConEmuPlugin.obj
 0003:00000de0       ?gszDir1@@3PA_WA           10034de0     ConEmuPlugin.obj
 0003:000015e0       ?ghPluginModule@@3PAUHINSTANCE__@@A 100355e0     ConEmuPlugin.obj
 0003:000015e4       ?ConEmuHwnd@@3PAUHWND__@@A 100355e4     ConEmuPlugin.obj
 0003:000015e8       ?gdwPreDetachGuiPID@@3KA   100355e8     ConEmuPlugin.obj
 0003:000015ec       ?gdwServerPID@@3KA         100355ec     ConEmuPlugin.obj
 0003:000015f0       ?TerminalMode@@3HA         100355f0     ConEmuPlugin.obj
 0003:000015f4       ?FarHwnd@@3PAUHWND__@@A    100355f4     ConEmuPlugin.obj
 0003:000015f8       ?gnMainThreadId@@3KA       100355f8     ConEmuPlugin.obj
 0003:000015fc       ?gnMainThreadIdInitial@@3KA 100355fc     ConEmuPlugin.obj
 0003:00001600       ?ghMonitorThread@@3PAXA    10035600     ConEmuPlugin.obj
 0003:00001604       ?gnMonitorThreadId@@3KA    10035604     ConEmuPlugin.obj
 0003:00001608       ?ghSetWndSendTabsEvent@@3PAXA 10035608     ConEmuPlugin.obj
 0003:0000160c       ?gFarVersion@@3UFarVersion@@A 1003560c     ConEmuPlugin.obj
 0003:00001614       ?maxTabCount@@3HA          10035614     ConEmuPlugin.obj
 0003:00001618       ?lastWindowCount@@3HA      10035618     ConEmuPlugin.obj
 0003:0000161c       ?gnCurTabCount@@3HA        1003561c     ConEmuPlugin.obj
 0003:00001620       ?gpTabs@@3PAUCESERVER_REQ@@A 10035620     ConEmuPlugin.obj
 0003:00001624       ?gbIgnoreUpdateTabs@@3HA   10035624     ConEmuPlugin.obj
 0003:00001628       ?gbRequestUpdateTabs@@3HA  10035628     ConEmuPlugin.obj
 0003:0000162c       ?gbClosingModalViewerEditor@@3HA 1003562c     ConEmuPlugin.obj
 0003:00001630       ?gLastMouseReadEvent@@3U_MOUSE_EVENT_RECORD@@A 10035630     ConEmuPlugin.obj
 0003:00001640       ?gbUngetDummyMouseEvent@@3HA 10035640     ConEmuPlugin.obj
 0003:00001644       ?gnAllowDummyMouseEvent@@3JA 10035644     ConEmuPlugin.obj
 0003:00001648       ?gnDummyMouseEventFromMacro@@3JA 10035648     ConEmuPlugin.obj
 0003:0000164c       ?csData@@3PAVMSection@@A   1003564c     ConEmuPlugin.obj
 0003:00001650       ?gpCmdRet@@3PAUCESERVER_REQ@@A 10035650     ConEmuPlugin.obj
 0003:00001654       ?gpData@@3PAEA             10035654     ConEmuPlugin.obj
 0003:00001658       ?gpCursor@@3PAEA           10035658     ConEmuPlugin.obj
 0003:0000165c       ?gnDataSize@@3KA           1003565c     ConEmuPlugin.obj
 0003:00001660       ?gpReqCommandData@@3PAXA   10035660     ConEmuPlugin.obj
 0003:0000166c       ?gnMsgTabChanged@@3IA      1003566c     ConEmuPlugin.obj
 0003:00001670       ?csTabs@@3PAVMSection@@A   10035670     ConEmuPlugin.obj
 0003:00001674       ?gbPlugKeyChanged@@3HA     10035674     ConEmuPlugin.obj
 0003:00001678       ?ghRegMonitorKey@@3PAUHKEY__@@A 10035678     ConEmuPlugin.obj
 0003:0000167c       ?ghRegMonitorEvt@@3PAXA    1003567c     ConEmuPlugin.obj
 0003:00001680       ?ghPluginSemaphore@@3PAXA  10035680     ConEmuPlugin.obj
 0003:00001684       ?gbNeedPostTabSend@@3HA    10035684     ConEmuPlugin.obj
 0003:00001688       ?gsFarLang@@3PA_WA         10035688     ConEmuPlugin.obj
 0003:00001708       ?gbNeedPostEditCheck@@3HA  10035708     ConEmuPlugin.obj
 0003:0000170c       ?gbNeedPostReloadFarInfo@@3HA 1003570c     ConEmuPlugin.obj
 0003:00001710       ?gnNeedPostTabSendTick@@3KA 10035710     ConEmuPlugin.obj
 0003:00001714       ?gpConMapInfo@@3PBUCESERVER_CONSOLE_MAPPING_HDR@@B 10035714     ConEmuPlugin.obj
 0003:00001718       ?gbStartedUnderConsole2@@3HA 10035718     ConEmuPlugin.obj
 0003:0000171c       ?gnSelfPID@@3KA            1003571c     ConEmuPlugin.obj
 0003:00001720       ?ghFarInfoMapping@@3PAXA   10035720     ConEmuPlugin.obj
 0003:00001724       ?gpFarInfo@@3PAUCEFAR_INFO_MAPPING@@A 10035724     ConEmuPlugin.obj
 0003:00001728       ?gpFarInfoMapping@@3PAUCEFAR_INFO_MAPPING@@A 10035728     ConEmuPlugin.obj
 0003:0000172c       ?ghFarAliveEvent@@3PAXA    1003572c     ConEmuPlugin.obj
 0003:00001730       ?gPanelRegLeft@@3Utag_PanelViewRegInfo@@A 10035730     ConEmuPlugin.obj
 0003:00001748       ?gPanelRegRight@@3Utag_PanelViewRegInfo@@A 10035748     ConEmuPlugin.obj
 0003:00001760       ?ghConEmuCtrlPressed@@3PAXA 10035760     ConEmuPlugin.obj
 0003:00001764       ?ghConEmuShiftPressed@@3PAXA 10035764     ConEmuPlugin.obj
 0003:00001768       ?gbWaitConsoleInputEmpty@@3HA 10035768     ConEmuPlugin.obj
 0003:0000176c       ?gbWaitConsoleWrite@@3HA   1003576c     ConEmuPlugin.obj
 0003:00001770       ?ghConsoleInputEmpty@@3PAXA 10035770     ConEmuPlugin.obj
 0003:00001774       ?ghConsoleWrite@@3PAXA     10035774     ConEmuPlugin.obj
 0003:00001778       ?gnSynchroCount@@3HA       10035778     ConEmuPlugin.obj
 0003:0000177c       ?gbSynchroProhibited@@3_NA 1003577c     ConEmuPlugin.obj
 0003:0000177d       ?gbInputSynchroPending@@3_NA 1003577d     ConEmuPlugin.obj
 0003:00001780       ?gbInfoW_OK@@3HA           10035780     ConEmuPlugin.obj
 0003:00001784       ?gnPeekReadCount@@3KA      10035784     ConEmuPlugin.obj
 0003:00001788       ?gbExitFarCalled@@3HA      10035788     ConEmuPlugin.obj
 0003:00001794       ?gbWasDetached@@3HA        10035794     ConEmuPlugin.obj
 0003:000017a4       ?InfoW995@@3PAUPluginStartupInfo@@A 100357a4     ConEmuPlugin995.obj
 0003:000017a8       ?FSFW995@@3PAUFarStandardFunctions@@A 100357a8     ConEmuPlugin995.obj
 0003:000019b8       ?InfoW1900@@3PAUPluginStartupInfo@@A 100359b8     ConEmuPlugin1900.obj
 0003:000019bc       ?FSFW1900@@3PAUFarStandardFunctions@@A 100359bc     ConEmuPlugin1900.obj
 0003:00001bf8       ?LastIndex@?1??Color2FgIndex@Far3Color@@SIXKAAG@Z@4HA 10035bf8     ConEmuPlugin1900.obj
 0003:00001bfc       ?LastColor@?1??Color2FgIndex@Far3Color@@SIXKAAG@Z@4KA 10035bfc     ConEmuPlugin1900.obj
 0003:00001c00       ?LastIndex@?1??Color2BgIndex@Far3Color@@SIXKHAAG@Z@4HA 10035c00     ConEmuPlugin1900.obj
 0003:00001c04       ?LastColor@?1??Color2BgIndex@Far3Color@@SIXKHAAG@Z@4KA 10035c04     ConEmuPlugin1900.obj
 0003:00001c0c       ?InfoW2800@@3PAUPluginStartupInfo@@A 10035c0c     ConEmuPlugin2800.obj
 0003:00001c10       ?FSFW2800@@3PAUFarStandardFunctions@@A 10035c10     ConEmuPlugin2800.obj
 0003:00001e4c       ?InfoA@@3PAUPluginStartupInfo@@A 10035e4c     ConEmuPluginA.obj
 0003:00001e50       ?FSFA@@3PAUFarStandardFunctions@@A 10035e50     ConEmuPluginA.obj
 0003:00001f5c       ?gbNeedBgActivate@@3HA     10035f5c     PluginBackground.obj
 0003:00001f60       ?gbBgPluginsAllowed@@3HA   10035f60     PluginBackground.obj
 0003:00001f64       ?gpBgPlugin@@3PAVCPluginBackground@@A 10035f64     PluginBackground.obj
 0003:00001f68       ?gszPluginServerPipe@@3PA_WA 10035f68     PluginSrv.obj
 0003:00002170       ?gpPlugServer@@3PAU?$PipeServer@UCESERVER_REQ@@@@A 10036170     PluginSrv.obj
 0003:00002174       ?ghServerTerminateEvent@@3PAXA 10036174     PluginSrv.obj
 0003:00002178       ?gbInCommonShutdown@@3HA   10036178     Common.obj
 0003:0000217c       ?OnShutdownConsole@@3P6GXXZA 1003617c     Common.obj
 0003:00002180       ?gpLocalSecurity@@3PAU_SECURITY_ATTRIBUTES@@A 10036180     ConEmuCheck.obj
 0003:00002188       ?ghWorkingModule@@3_KA     10036188     ConEmuCheck.obj
 0003:000021dc       ?ghHeap@@3PAXA             100361dc     Memory.obj
 0003:000021e0       ?gNullDesc@@3PAVMNullDesc@@A 100361e0     MSecurity.obj
 0003:000021e4       ?gpConsoleInfoStr@@3PAU_CONSOLE_INFO@@A 100361e4     WinConsole.obj
 0003:000021e8       ?ghConsoleSection@@3PAXA   100361e8     WinConsole.obj
 0003:000021fc       ?Is_Window@@3P6GHPAUHWND__@@@ZA 100361fc     WinObjects.obj
 0003:0000253c       __debugger_hook_dummy      1003653c     <common>
 0003:00002540       __pDestructExceptionObject 10036540     <common>
 0003:00002544       ___sse2_available          10036544     <common>

 entry point at        0001:00001c40

 Static symbols

 0001:00000570       ?StringValidateDestW@@YGJPB_WII@Z 10001570 f   ConEmuInjects.obj
 0001:000005a0       ?StringCopyWorkerW@@YGJPA_WIPAIPB_WI@Z 100015a0 f   ConEmuInjects.obj
 0001:00001e20       ?LoadFarVersion@@YI_NAAUFarVersion@@AAY0CAA@_W@Z 10002e20 f   ConEmuPlugin.obj
 0001:00003350       ?StringValidateDestW@@YGJPB_WII@Z 10004350 f   ConEmuPlugin.obj
 0001:00003380       ?StringValidateDestAndLengthW@@YGJPB_WIPAII@Z 10004380 f   ConEmuPlugin.obj
 0001:000033d0       ?StringLengthWorkerW@@YGJPB_WIPAI@Z 100043d0 f   ConEmuPlugin.obj
 0001:00003440       ?StringCopyWorkerW@@YGJPA_WIPAIPB_WI@Z 10004440 f   ConEmuPlugin.obj
 0001:000034f0       ?ActivatePlugin@@YIHKPAXK@Z 100044f0 f   ConEmuPlugin.obj
 0001:00003780       ?WaitPluginActivateion@@YIKKPAPAXHK@Z 10004780 f   ConEmuPlugin.obj
 0001:00004520       ?ChangeExports@@YI_NPBUExportFunc@@PAUHINSTANCE__@@@Z 10005520 f   ConEmuPlugin.obj
 0001:000091e0       ?GetPanelDir@@YIPA_WPAX@Z  1000a1e0 f   ConEmuPlugin995.obj
 0001:0000ac70       ?LoadFarSettingsW995@@YIXPAUCEFarInterfaceSettings@@PAUCEFarPanelSettings@@@Z 1000bc70 f   ConEmuPlugin995.obj
 0001:0000b090       ?CopyPanelInfoW@@YIXPAUPanelInfo@@PAUtag_BkPanelInfo@PaintBackgroundArg@@@Z 1000c090 f   ConEmuPlugin995.obj
 0001:0000b280       ?CallGuiMacroProc@@YIXXZ   1000c280 f   ConEmuPlugin995.obj
 0001:0000b5a0       ?CallGuiMacroDlg@@YGJPAXHHJ@Z 1000c5a0 f   ConEmuPlugin995.obj
 0001:0000c060       ?GetPanelDir@@YIPA_WPAX@Z  1000d060 f   ConEmuPlugin1900.obj
 0001:0000e9e0       ?LoadFarSettingsW1900@@YIXPAUCEFarInterfaceSettings@@PAUCEFarPanelSettings@@@Z 1000f9e0 f   ConEmuPlugin1900.obj
 0001:0000eb70       ?GetFarSetting@@YIHPAXIPB_W@Z 1000fb70 f   ConEmuPlugin1900.obj
 0001:0000eff0       ?CopyPanelInfoW@@YIXPAUPanelInfo@@PAUtag_BkPanelInfo@PaintBackgroundArg@@@Z 1000fff0 f   ConEmuPlugin1900.obj
 0001:0000f2d0       ?CallGuiMacroProc@@YIXXZ   100102d0 f   ConEmuPlugin1900.obj
 0001:0000f680       ?CallGuiMacroDlg@@YGHPAXHH0@Z 10010680 f   ConEmuPlugin1900.obj
 0001:000102a0       ?GetPanelDir@@YIPA_WPAX@Z  100112a0 f   ConEmuPlugin2800.obj
 0001:000124f0       ?LoadFarSettingsW2800@@YIXPAUCEFarInterfaceSettings@@PAUCEFarPanelSettings@@@Z 100134f0 f   ConEmuPlugin2800.obj
 0001:00012680       ?GetFarSetting@@YIHPAXIPB_W@Z 10013680 f   ConEmuPlugin2800.obj
 0001:00012b00       ?CopyPanelInfoW@@YIXPAUPanelInfo@@PAUtag_BkPanelInfo@PaintBackgroundArg@@@Z 10013b00 f   ConEmuPlugin2800.obj
 0001:00012de0       ?CallGuiMacroProc@@YIXXZ   10013de0 f   ConEmuPlugin2800.obj
 0001:00013120       ?CallGuiMacroDlg@@YGHPAXHH0@Z 10014120 f   ConEmuPlugin2800.obj
 0001:000134a0       ?MAKEFARVERSION@@YI?AUVersionInfo@@KKKKW4VERSION_STAGE@@@Z 100144a0 f   ConEmuPlugin2800.obj
 0001:000156f0       ?LoadFarSettingsA@@YIXPAUCEFarInterfaceSettings@@PAUCEFarPanelSettings@@@Z 100166f0 f   ConEmuPluginA.obj
 0001:000159d0       ?CopyPanelInfo@@YIXPAUPanelInfo@@PAUtag_BkPanelInfo@PaintBackgroundArg@@@Z 100169d0 f   ConEmuPluginA.obj
 0001:00015b20       ?CallGuiMacroProc@@YIXXZ   10016b20 f   ConEmuPluginA.obj
 0001:00015ed0       ?CallGuiMacroDlg@@YGJPAXHHJ@Z 10016ed0 f   ConEmuPluginA.obj
 0001:00018600       ?StringValidateDestW@@YGJPB_WII@Z 10019600 f   PluginBackground.obj
 0001:00018630       ?StringCopyWorkerW@@YGJPA_WIPAIPB_WI@Z 10019630 f   PluginBackground.obj
 0001:0001a890       ?StringValidateDestW@@YGJPB_WII@Z 1001b890 f   PluginSrv.obj
 0001:0001a8c0       ?StringCopyWorkerW@@YGJPA_WIPAIPB_WI@Z 1001b8c0 f   PluginSrv.obj
 0001:0001be50       ?StringValidateDestW@@YGJPB_WII@Z 1001ce50 f   Execute.obj
 0001:0001be80       ?StringCopyWorkerW@@YGJPA_WIPAIPB_WI@Z 1001ce80 f   Execute.obj
 0001:0001c9e0       ?StringValidateDestW@@YGJPB_WII@Z 1001d9e0 f   ConEmuCheck.obj
 0001:0001ca10       ?StringCopyWorkerW@@YGJPA_WIPAIPB_WI@Z 1001da10 f   ConEmuCheck.obj
 0001:0001de30       ?StringValidateDestW@@YGJPB_WII@Z 1001ee30 f   ConEmuCheckEx.obj
 0001:0001de60       ?StringCopyWorkerW@@YGJPA_WIPAIPB_WI@Z 1001ee60 f   ConEmuCheckEx.obj
 0001:0001df90       ?StringValidateDestAndLengthW@@YGJPB_WIPAII@Z 1001ef90 f   ConEmuCheckEx.obj
 0001:0001dfe0       ?StringLengthWorkerW@@YGJPB_WIPAI@Z 1001efe0 f   ConEmuCheckEx.obj
 0001:0001e2e0       ?StringValidateDestA@@YGJPBDII@Z 1001f2e0 f   Memory.obj
 0001:0001e310       ?StringCopyWorkerA@@YGJPADIPAIPBDI@Z 1001f310 f   Memory.obj
 0001:0001e420       ?StringValidateDestW@@YGJPB_WII@Z 1001f420 f   Memory.obj
 0001:0001e450       ?StringCopyWorkerW@@YGJPA_WIPAIPB_WI@Z 1001f450 f   Memory.obj
 0001:00022a90       ?StringValidateDestW@@YGJPB_WII@Z 10023a90 f   WinObjects.obj
 0001:00022ac0       ?StringCopyWorkerW@@YGJPA_WIPAIPB_WI@Z 10023ac0 f   WinObjects.obj
 0001:00025b80       ?StringValidateDestAndLengthW@@YGJPB_WIPAII@Z 10026b80 f   WinObjects.obj
 0001:00025bd0       ?StringLengthWorkerW@@YGJPB_WIPAI@Z 10026bd0 f   WinObjects.obj
 0001:00028d0a       _cmpResult                 10029d0a f   LIBCMT:memcmp.obj
 0001:00028d1c       _cmpBYTE                   10029d1c f   LIBCMT:memcmp.obj
 0001:00028d34       _cmpWORD                   10029d34 f   LIBCMT:memcmp.obj
 0001:00028d74       _cmpDWORD                  10029d74 f   LIBCMT:memcmp.obj
 0001:00028dec       _unaligned_memcmp          10029dec f   LIBCMT:memcmp.obj
 0001:0002c1ed       _fastzero_I                1002d1ed f   LIBCMT:p4_memset.obj
 0001:0002c2d3       _has_osfxsr_set            1002d2d3 f   LIBCMT:cpu_disp.obj
 0001:0002c392       _fastcopy_I                1002d392 f   LIBCMT:p4_memcpy.obj
 0001:0002c560       _ValidateLocalCookies      1002d560 f   LIBCMT:chandler4.obj
 0001:0002c7bc       __unwind_handler4          1002d7bc f   LIBCMT:exsup4.obj
 0001:0002caf4       __unwind_handler           1002daf4 f   LIBCMT:exsup.obj
