 ConEmu.x64

 Timestamp is 527c0382 (Fri Nov 08 01:17:54 2013)

 Preferred load address is 0000000180000000

 Start         Length     Name                   Class
 0001:00000000 00033ee6H .text                   CODE
 0001:00033ef0 0000005eH .text$00                CODE
 0002:00000000 00000668H .idata$5                DATA
 0002:00000670 00003c42H .rdata                  DATA
 0002:000042b4 0000007cH .rdata$debug            DATA
 0002:00004330 000012d8H .xdata                  DATA
 0002:00005608 00000078H .idata$2                DATA
 0002:00005680 00000014H .idata$3                DATA
 0002:00005698 00000668H .idata$4                DATA
 0002:00005d00 00000e70H .idata$6                DATA
 0002:00006b70 0000033bH .edata                  DATA
 0003:00000000 000001e0H .data                   DATA
 0003:000001e0 00002202H .bss                    DATA
 0004:00000000 00001a04H .pdata                  DATA
 0005:00000000 00000058H .rsrc$01                DATA
 0005:00000060 00000290H .rsrc$02                DATA

  Address         Publics by Value              Rva+Base               Lib:Object

 0000:00000000       ___safe_se_handler_table   0000000000000000     <absolute>
 0000:00000000       ___safe_se_handler_count   0000000000000000     <absolute>
 0000:00000000       __ImageBase                0000000180000000     <linker-defined>
 0001:00000000       ?StartupHooks@@YAHPEAUHINSTANCE__@@@Z 0000000180001000 f   ConEmuInjects.obj
 0001:00000470       ?ShutdownHooks@@YAXXZ      0000000180001470 f   ConEmuInjects.obj
 0001:000006d0       ??$wcscpy_c@$0EA@@@YAHAEAY0EA@_WPEB_W@Z 00000001800016d0 f i ConEmuInjects.obj
 0001:00000700       ?StringCchCopyW@@YAJPEA_W_KPEB_W@Z 0000000180001700 f i ConEmuInjects.obj
 0001:00000890       ?pcc_Selected@@YA_NW4PluginMenuCommands@@@Z 0000000180001890 f   ConEmuPlugin.obj
 0001:00000910       ?pcc_Disabled@@YA_NW4PluginMenuCommands@@@Z 0000000180001910 f   ConEmuPlugin.obj
 0001:000009f0       ?GetPluginInfoWcmn@@YAXPEAX@Z 00000001800019f0 f   ConEmuPlugin.obj
 0001:00000a40       ?CheckConEmuDetached@@YAXXZ 0000000180001a40 f   ConEmuPlugin.obj
 0001:00000af0       ??BHWND2@@QEBAKXZ          0000000180001af0 f i ConEmuPlugin.obj
 0001:00000b00       ?OpenPluginWcmn@@YAPEAXH_J_N@Z 0000000180001b00 f   ConEmuPlugin.obj
 0001:00000e50       OpenPluginW                0000000180001e50 f   ConEmuPlugin.obj
 0001:00000eb0       ?TouchReadPeekConsoleInputs@@YAXH@Z 0000000180001eb0 f   ConEmuPlugin.obj
 0001:00000f00       ?OnMainThreadActivated@@YAXXZ 0000000180001f00 f   ConEmuPlugin.obj
 0001:000011c0       ?IsFarLua@FarVersion@@QEBA_NXZ 00000001800021c0 f i ConEmuPlugin.obj
 0001:00001220       ?OnConsolePeekReadInput@@YAXH@Z 0000000180002220 f   ConEmuPlugin.obj
 0001:00001470       ?ActiveServerPID@CESERVER_CONSOLE_MAPPING_HDR@@QEBAKXZ 0000000180002470 f i ConEmuPlugin.obj
 0001:000014b0       ?OnPanelViewCallbacks@@YAHPEAUHookCallbackArg@@P6AHPEAXPEAU_INPUT_RECORD@@KPEAKPEAH@Z5@Z 00000001800024b0 f   ConEmuPlugin.obj
 0001:000015f0       ?OnShellExecuteExW_Except@@YAXPEAUHookCallbackArg@@@Z 00000001800025f0 f   ConEmuPlugin.obj
 0001:00001630       ?OnGetNumberOfConsoleInputEventsPost@@YAXPEAUHookCallbackArg@@@Z 0000000180002630 f   ConEmuPlugin.obj
 0001:00001670       ?UngetDummyMouseEvent@@YAHHPEAUHookCallbackArg@@@Z 0000000180002670 f   ConEmuPlugin.obj
 0001:000018e0       ??4HANDLE2@@QEAAAEAU0@PEAX@Z 00000001800028e0 f i ConEmuPlugin.obj
 0001:00001900       ?OnConsolePeekInput@@YAHPEAUHookCallbackArg@@@Z 0000000180002900 f   ConEmuPlugin.obj
 0001:00001990       ?OnConsolePeekInputPost@@YAXPEAUHookCallbackArg@@@Z 0000000180002990 f   ConEmuPlugin.obj
 0001:000019e0       ?OnConsoleReadInputWork@@YAHPEAUHookCallbackArg@@@Z 00000001800029e0 f   ConEmuPlugin.obj
 0001:00001a90       ?OnConsoleReadInput@@YAHPEAUHookCallbackArg@@@Z 0000000180002a90 f   ConEmuPlugin.obj
 0001:00001ab0       ?OnConsoleReadInputPost@@YAXPEAUHookCallbackArg@@@Z 0000000180002ab0 f   ConEmuPlugin.obj
 0001:00001d60       ?OnWriteConsoleOutput@@YAHPEAUHookCallbackArg@@@Z 0000000180002d60 f   ConEmuPlugin.obj
 0001:00001e80       ProcessSynchroEventW       0000000180002e80 f   ConEmuPlugin.obj
 0001:00001f40       ?ShutdownPluginStep@@YAXPEB_WHHHH@Z 0000000180002f40 f   ConEmuPlugin.obj
 0001:00001f60       DllMain                    0000000180002f60 f   ConEmuPlugin.obj
 0001:00002280       ??_GMSection@@QEAAPEAXI@Z  0000000180003280 f i ConEmuPlugin.obj
 0001:000022c0       ??_GCPluginBackground@@QEAAPEAXI@Z 00000001800032c0 f i ConEmuPlugin.obj
 0001:00002300       _DllMainCRTStartup         0000000180003300 f   ConEmuPlugin.obj
 0001:00002330       ?IsConsoleActive@@YAHXZ    0000000180003330 f   ConEmuPlugin.obj
 0001:000023b0       ?GetFarHWND2@@YAPEAUHWND__@@H@Z 00000001800033b0 f   ConEmuPlugin.obj
 0001:00002430       ?GetFarHWND@@YAPEAUHWND__@@XZ 0000000180003430 f   ConEmuPlugin.obj
 0001:00002440       ?IsTerminalMode@@YAHXZ     0000000180003440 f   ConEmuPlugin.obj
 0001:00002450       ?GetFarVersion@@YAXPEAUFarVersion@@@Z 0000000180003450 f   ConEmuPlugin.obj
 0001:00002470       ?LoadFarVersion@@YAHXZ     0000000180003470 f   ConEmuPlugin.obj
 0001:00002850       ?RegisterPanelView@@YAHPEAUPanelViewInit@@@Z 0000000180003850 f   ConEmuPlugin.obj
 0001:00002b20       ?RegisterBackground@@YAHPEAURegisterBackgroundArg@@@Z 0000000180003b20 f   ConEmuPlugin.obj
 0001:00002bc0       ?SyncExecute@@YAHPEAUHINSTANCE__@@P6AX_J@Z1@Z 0000000180003bc0 f   ConEmuPlugin.obj
 0001:00002c30       ?ActivateConsole@@YAHXZ    0000000180003c30 f   ConEmuPlugin.obj
 0001:00002cf0       ??BHWND2@@QEBAPEAUHWND__@@XZ 0000000180003cf0 f i ConEmuPlugin.obj
 0001:00002d00       ??4HWND2@@QEAAAEAU0@PEAUHWND__@@@Z 0000000180003d00 f i ConEmuPlugin.obj
 0001:00002d20       ?ExecuteSynchro@@YAXXZ     0000000180003d20 f   ConEmuPlugin.obj
 0001:00002de0       ?ProcessCommand@@YAHKHPEAXPEAPEAUCESERVER_REQ@@@Z 0000000180003de0 f   ConEmuPlugin.obj
 0001:00003ed0       ?StringCchCatW@@YAJPEA_W_KPEB_W@Z 0000000180004ed0 f i ConEmuPlugin.obj
 0001:00004620       ?FarSetConsoleSize@@YAHFF@Z 0000000180005620 f   ConEmuPlugin.obj
 0001:00004760       ?OnConsoleDetaching@@YAHPEAUHookCallbackArg@@@Z 0000000180005760 f   ConEmuPlugin.obj
 0001:000048b0       ?OnConsoleWasAttached@@YAXPEAUHookCallbackArg@@@Z 00000001800058b0 f   ConEmuPlugin.obj
 0001:00004910       ?MonitorThreadProcW@@YAKPEAX@Z 0000000180005910 f   ConEmuPlugin.obj
 0001:00004d00       ?CommonPluginStartup@@YAXXZ 0000000180005d00 f   ConEmuPlugin.obj
 0001:00004e20       SetStartupInfoW            0000000180005e20 f   ConEmuPlugin.obj
 0001:00004e90       ?CloseMapHeader@@YAXXZ     0000000180005e90 f   ConEmuPlugin.obj
 0001:00004ec0       ?OpenMapHeader@@YAHXZ      0000000180005ec0 f   ConEmuPlugin.obj
 0001:00004fa0       ?InitRootKey@@YAXXZ        0000000180005fa0 f   ConEmuPlugin.obj
 0001:00005090       ?InitHWND@@YAXXZ           0000000180006090 f   ConEmuPlugin.obj
 0001:00005740       ?ReloadFarInfo@@YAHH@Z     0000000180006740 f   ConEmuPlugin.obj
 0001:00005c70       ?UpdateConEmuTabsW@@YA_NH_N0PEAX@Z 0000000180006c70 f   ConEmuPlugin.obj
 0001:00005d90       ?UpdateConEmuTabs@@YA_NH_N0PEAX@Z 0000000180006d90 f   ConEmuPlugin.obj
 0001:00006010       ?CreateTabs@@YAHH@Z        0000000180007010 f   ConEmuPlugin.obj
 0001:00006120       ?AddTab@@YAHAEAH_N1HPEB_W2HHHH@Z 0000000180007120 f   ConEmuPlugin.obj
 0001:000066e0       wmemcmp                    00000001800076e0 f i ConEmuPlugin.obj
 0001:00006770       ?SendTabs@@YAXHH@Z         0000000180007770 f   ConEmuPlugin.obj
 0001:000069a0       ProcessEditorInputW        00000001800079a0 f   ConEmuPlugin.obj
 0001:000069f0       ProcessEditorEventW        00000001800079f0 f   ConEmuPlugin.obj
 0001:00006aa0       ProcessViewerEventW        0000000180007aa0 f   ConEmuPlugin.obj
 0001:00006b40       ?FillLoadedParm@@YAXPEAUConEmuLoadedArg@@PEAUHINSTANCE__@@H@Z 0000000180007b40 f   ConEmuPlugin.obj
 0001:00006c80       ?NotifyConEmuUnloaded@@YAXXZ 0000000180007c80 f   ConEmuPlugin.obj
 0001:00006dd0       ?StopThread@@YAXXZ         0000000180007dd0 f   ConEmuPlugin.obj
 0001:000071e0       ??_G?$MFileMapping@UCESERVER_CONSOLE_MAPPING_HDR@@@@QEAAPEAXI@Z 00000001800081e0 f i ConEmuPlugin.obj
 0001:00007220       ProcessDialogEventW        0000000180008220 f   ConEmuPlugin.obj
 0001:00007230       ?OpenW@@YAPEAXPEBX@Z       0000000180008230 f   ConEmuPlugin.obj
 0001:00007290       ?ProcessConsoleInputW@@YA_JPEAX@Z 0000000180008290 f   ConEmuPlugin.obj
 0001:000072d0       ?ProcessEditorEventW3@@YA_JPEAX@Z 00000001800082d0 f   ConEmuPlugin.obj
 0001:00007310       ?ProcessViewerEventW3@@YA_JPEAX@Z 0000000180008310 f   ConEmuPlugin.obj
 0001:00007350       ?ProcessDialogEventW3@@YA_JPEAX@Z 0000000180008350 f   ConEmuPlugin.obj
 0001:00007390       ?ProcessSynchroEventW3@@YA_JPEAX@Z 0000000180008390 f   ConEmuPlugin.obj
 0001:000073d0       ?ExitFarCmn@@YAXXZ         00000001800083d0 f   ConEmuPlugin.obj
 0001:00007430       ExitFARW                   0000000180008430 f   ConEmuPlugin.obj
 0001:000074c0       ?ExitFARW3@@YAXPEAX@Z      00000001800084c0 f   ConEmuPlugin.obj
 0001:00007520       ?CheckResources@@YAXH@Z    0000000180008520 f   ConEmuPlugin.obj
 0001:00007690       ?InitResources@@YAXXZ      0000000180008690 f   ConEmuPlugin.obj
 0001:00007a00       ?StringCchCopyNW@@YAJPEA_W_KPEB_W1@Z 0000000180008a00 f i ConEmuPlugin.obj
 0001:00007a90       ?CloseTabs@@YAXXZ          0000000180008a90 f   ConEmuPlugin.obj
 0001:00007b20       ?OutDataAlloc@@YAHK@Z      0000000180008b20 f   ConEmuPlugin.obj
 0001:00007ba0       ?OutDataRealloc@@YAHK@Z    0000000180008ba0 f   ConEmuPlugin.obj
 0001:00007ca0       ?OutDataWrite@@YAHPEAXK@Z  0000000180008ca0 f   ConEmuPlugin.obj
 0001:00007d90       ?ShowMessage@@YAHHH@Z      0000000180008d90 f   ConEmuPlugin.obj
 0001:00007e10       ?ShowMessage@@YAHPEB_WH_N@Z 0000000180008e10 f   ConEmuPlugin.obj
 0001:00007f40       ?ShowMessageGui@@YAHHH@Z   0000000180008f40 f   ConEmuPlugin.obj
 0001:00008020       ?GetMsgW@@YAPEB_WH@Z       0000000180009020 f   ConEmuPlugin.obj
 0001:00008090       ?PostMacro@@YAXPEB_WPEAU_INPUT_RECORD@@@Z 0000000180009090 f   ConEmuPlugin.obj
 0001:00008250       ?ShowPluginMenu@@YAXW4PluginCallCommands@@@Z 0000000180009250 f   ConEmuPlugin.obj
 0001:00008ea0       ?FindServerCmd@@YAHKAEAK_N@Z 0000000180009ea0 f   ConEmuPlugin.obj
 0001:00008fc0       ?Attach2Gui@@YAHXZ         0000000180009fc0 f   ConEmuPlugin.obj
 0001:00009530       ?StartDebugger@@YAHXZ      000000018000a530 f   ConEmuPlugin.obj
 0001:000098c0       ?wcsrchr@@YAPEA_WPEA_W_W@Z 000000018000a8c0 f i ConEmuPlugin.obj
 0001:000098f0       ?IsMacroActive@@YAHXZ      000000018000a8f0 f   ConEmuPlugin.obj
 0001:00009970       ?GetMacroArea@@YAHXZ       000000018000a970 f   ConEmuPlugin.obj
 0001:000099e0       ?RedrawAll@@YAXXZ          000000018000a9e0 f   ConEmuPlugin.obj
 0001:00009a40       ?GetEditorModifiedState@@YAKXZ 000000018000aa40 f   ConEmuPlugin.obj
 0001:00009aa0       ?GetActiveWindowType@@YAHXZ 000000018000aaa0 f   ConEmuPlugin.obj
 0001:00009b00       ?RunExternalProgramW@@YA_NPEA_W0_N@Z 000000018000ab00 f   ConEmuPlugin.obj
 0001:00009de0       ?Disable@MWow64Disable@@QEAAXXZ 000000018000ade0 f i ConEmuPlugin.obj
 0001:00009e20       ?Restore@MWow64Disable@@QEAAXXZ 000000018000ae20 f i ConEmuPlugin.obj
 0001:00009e70       ??0MWow64Disable@@QEAA@XZ  000000018000ae70 f i ConEmuPlugin.obj
 0001:00009f10       ??1MWow64Disable@@QEAA@XZ  000000018000af10 f i ConEmuPlugin.obj
 0001:00009f30       ?ShowConsoleInfo@@YAXXZ    000000018000af30 f   ConEmuPlugin.obj
 0001:0000a1c0       ?GetMainThreadId@@YAKXZ    000000018000b1c0 f   ConEmuPlugin.obj
 0001:0000a270       ?OnLibraryLoaded@@YAXPEAUHINSTANCE__@@@Z 000000018000b270 f   ConEmuPlugin.obj
 0001:0000a320       ?_calloc@@YAPEAX_K0@Z      000000018000b320 f   ConEmuPlugin.obj
 0001:0000a350       ?_malloc@@YAPEAX_K@Z       000000018000b350 f   ConEmuPlugin.obj
 0001:0000a370       ?_free@@YAXPEAX@Z          000000018000b370 f   ConEmuPlugin.obj
 0001:0000a390       ?Ptr@?$MFileMapping@UCESERVER_CONSOLE_MAPPING_HDR@@@@QEAAPEAUCESERVER_CONSOLE_MAPPING_HDR@@XZ 000000018000b390 f i ConEmuPlugin.obj
 0001:0000a3a0       ?InitName@?$MFileMapping@UCESERVER_CONSOLE_MAPPING_HDR@@@@QEAAPEB_WPEB_WKK@Z 000000018000b3a0 f i ConEmuPlugin.obj
 0001:0000a400       ?CloseMap@?$MFileMapping@UCESERVER_CONSOLE_MAPPING_HDR@@@@QEAAXXZ 000000018000b400 f i ConEmuPlugin.obj
 0001:0000a490       ?Open@?$MFileMapping@UCESERVER_CONSOLE_MAPPING_HDR@@@@QEAAPEAUCESERVER_CONSOLE_MAPPING_HDR@@HH@Z 000000018000b490 f i ConEmuPlugin.obj
 0001:0000a4c0       ??0?$MFileMapping@UCESERVER_CONSOLE_MAPPING_HDR@@@@QEAA@XZ 000000018000b4c0 f i ConEmuPlugin.obj
 0001:0000a530       ??1?$MFileMapping@UCESERVER_CONSOLE_MAPPING_HDR@@@@QEAA@XZ 000000018000b530 f i ConEmuPlugin.obj
 0001:0000a560       ?ClosePtr@?$MFileMapping@UCESERVER_CONSOLE_MAPPING_HDR@@@@QEAAXXZ 000000018000b560 f i ConEmuPlugin.obj
 0001:0000a5a0       ?InternalOpenCreate@?$MFileMapping@UCESERVER_CONSOLE_MAPPING_HDR@@@@IEAAPEAUCESERVER_CONSOLE_MAPPING_HDR@@HHH@Z 000000018000b5a0 f i ConEmuPlugin.obj
 0001:0000a850       ??$wcscpy_c@$0BBE@@@YAHAEAY0BBE@_WPEB_W@Z 000000018000b850 f i ConEmuPlugin.obj
 0001:0000a880       ??$wcscat_c@$0BBE@@@YAHAEAY0BBE@_WPEB_W@Z 000000018000b880 f i ConEmuPlugin.obj
 0001:0000a8b0       ??$wcscat_c@$0CAE@@@YAHAEAY0CAE@_WPEB_W@Z 000000018000b8b0 f i ConEmuPlugin.obj
 0001:0000a8e0       ??$wcscpy_c@$0CAI@@@YAHAEAY0CAI@_WPEB_W@Z 000000018000b8e0 f i ConEmuPlugin.obj
 0001:0000a910       GetMinFarVersionW          000000018000b910 f   ConEmuPlugin995.obj
 0001:0000a920       ?GetPluginInfoW995@@YAXPEAX@Z 000000018000b920 f   ConEmuPlugin995.obj
 0001:0000a9e0       ?ProcessDragFromW995@@YAXXZ 000000018000b9e0 f   ConEmuPlugin995.obj
 0001:0000b3f0       ?ProcessDragToW995@@YAXXZ  000000018000c3f0 f   ConEmuPlugin995.obj
 0001:0000b990       ?SetStartupInfoW995@@YAXPEAX@Z 000000018000c990 f   ConEmuPlugin995.obj
 0001:0000bbf0       ?GetEditorModifiedStateW995@@YAKXZ 000000018000cbf0 f   ConEmuPlugin995.obj
 0001:0000bc50       ?ProcessEditorInputW995@@YAHPEBX@Z 000000018000cc50 f   ConEmuPlugin995.obj
 0001:0000bcd0       ?UpdateConEmuTabsW995@@YA_NH_N0PEAX@Z 000000018000ccd0 f   ConEmuPlugin995.obj
 0001:0000c2b0       ?ExitFARW995@@YAXXZ        000000018000d2b0 f   ConEmuPlugin995.obj
 0001:0000c340       ?ShowMessageW995@@YAHPEB_WH_N@Z 000000018000d340 f   ConEmuPlugin995.obj
 0001:0000c3f0       ?ShowMessageW995@@YAHHH@Z  000000018000d3f0 f   ConEmuPlugin995.obj
 0001:0000c460       ?GetMsgW995@@YAPEB_WH@Z    000000018000d460 f   ConEmuPlugin995.obj
 0001:0000c4b0       ?SetWindowW995@@YAXH@Z     000000018000d4b0 f   ConEmuPlugin995.obj
 0001:0000c530       ?PostMacroW995@@YAXPEB_WPEAU_INPUT_RECORD@@@Z 000000018000d530 f   ConEmuPlugin995.obj
 0001:0000c5f0       ?ShowPluginMenuW995@@YAHPEAUConEmuPluginMenuItem@@H@Z 000000018000d5f0 f   ConEmuPlugin995.obj
 0001:0000c860       ?EditOutputW995@@YAHPEB_WH@Z 000000018000d860 f   ConEmuPlugin995.obj
 0001:0000c980       ?ExecuteSynchroW995@@YAHXZ 000000018000d980 f   ConEmuPlugin995.obj
 0001:0000ca20       ?WaitEndSynchroW995@@YAXXZ 000000018000da20 f   ConEmuPlugin995.obj
 0001:0000cc60       ?StopWaitEndSynchroW995@@YAXXZ 000000018000dc60 f   ConEmuPlugin995.obj
 0001:0000cca0       ?IsMacroActiveW995@@YAHXZ  000000018000dca0 f   ConEmuPlugin995.obj
 0001:0000cd10       ?GetMacroAreaW995@@YAHXZ   000000018000dd10 f   ConEmuPlugin995.obj
 0001:0000cd60       ?RedrawAllW995@@YAXXZ      000000018000dd60 f   ConEmuPlugin995.obj
 0001:0000cda0       ?LoadPluginW995@@YA_NPEA_W@Z 000000018000dda0 f   ConEmuPlugin995.obj
 0001:0000cde0       ?RunExternalProgramW995@@YA_NPEA_W@Z 000000018000dde0 f   ConEmuPlugin995.obj
 0001:0000d170       ?wcschr@@YAPEA_WPEA_W_W@Z  000000018000e170 f i ConEmuPlugin995.obj
 0001:0000d1a0       ?wcsstr@@YAPEA_WPEA_WPEB_W@Z 000000018000e1a0 f i ConEmuPlugin995.obj
 0001:0000d1d0       ?ProcessCommandLineW995@@YA_NPEA_W@Z 000000018000e1d0 f   ConEmuPlugin995.obj
 0001:0000d230       ?LoadFarColorsW995@@YAXAEAY0BAA@E@Z 000000018000e230 f   ConEmuPlugin995.obj
 0001:0000d330       ?ReloadFarInfoW995@@YAHXZ  000000018000e330 f   ConEmuPlugin995.obj
 0001:0000d5e0       ?ExecuteQuitFar995@@YAXXZ  000000018000e5e0 f   ConEmuPlugin995.obj
 0001:0000d640       ?CheckBufferEnabledW995@@YAHXZ 000000018000e640 f   ConEmuPlugin995.obj
 0001:0000d710       ?FillUpdateBackgroundW995@@YAXPEAUPaintBackgroundArg@@@Z 000000018000e710 f   ConEmuPlugin995.obj
 0001:0000dbf0       ?GetActiveWindowTypeW995@@YAHXZ 000000018000ebf0 f   ConEmuPlugin995.obj
 0001:0000dd00       ?GuiMacroDlgW995@@YAXXZ    000000018000ed00 f   ConEmuPlugin995.obj
 0001:0000e380       ?GetPluginInfoW1900@@YAXPEAX@Z 000000018000f380 f   ConEmuPlugin1900.obj
 0001:0000e410       ?ProcessDragFromW1900@@YAXXZ 000000018000f410 f   ConEmuPlugin1900.obj
 0001:0000ef40       ?ProcessDragToW1900@@YAXXZ 000000018000ff40 f   ConEmuPlugin1900.obj
 0001:0000f540       ?SetStartupInfoW1900@@YAXPEAX@Z 0000000180010540 f   ConEmuPlugin1900.obj
 0001:0000f700       ?GetEditorModifiedStateW1900@@YAKXZ 0000000180010700 f   ConEmuPlugin1900.obj
 0001:0000f760       ?ProcessEditorEventW1900@@YAHPEAX@Z 0000000180010760 f   ConEmuPlugin1900.obj
 0001:0000f790       ?ProcessViewerEventW1900@@YAHPEAX@Z 0000000180010790 f   ConEmuPlugin1900.obj
 0001:0000f7c0       ?ProcessDialogEventW1900@@YAHPEAX@Z 00000001800107c0 f   ConEmuPlugin1900.obj
 0001:0000f7f0       ?ProcessSynchroEventW1900@@YAHPEAX@Z 00000001800107f0 f   ConEmuPlugin1900.obj
 0001:0000f820       ?ProcessEditorInputW1900@@YAHPEBX@Z 0000000180010820 f   ConEmuPlugin1900.obj
 0001:0000f8a0       ?UpdateConEmuTabsW1900@@YA_NH_N0PEAX@Z 00000001800108a0 f   ConEmuPlugin1900.obj
 0001:00010190       ?ExitFARW1900@@YAXXZ       0000000180011190 f   ConEmuPlugin1900.obj
 0001:00010220       ?ShowMessageW1900@@YAHPEB_WH_N@Z 0000000180011220 f   ConEmuPlugin1900.obj
 0001:00010320       ?ShowMessageW1900@@YAHHH@Z 0000000180011320 f   ConEmuPlugin1900.obj
 0001:00010390       ?GetMsgW1900@@YAPEB_WH@Z   0000000180011390 f   ConEmuPlugin1900.obj
 0001:000103e0       ?SetWindowW1900@@YAXH@Z    00000001800113e0 f   ConEmuPlugin1900.obj
 0001:00010450       ?PostMacroW1900@@YAXPEB_WPEAU_INPUT_RECORD@@@Z 0000000180011450 f   ConEmuPlugin1900.obj
 0001:00010f80       ?ShowPluginMenuW1900@@YAHPEAUConEmuPluginMenuItem@@H@Z 0000000180011f80 f   ConEmuPlugin1900.obj
 0001:000112b0       ?EditOutputW1900@@YAHPEB_WH@Z 00000001800122b0 f   ConEmuPlugin1900.obj
 0001:000113d0       ?ExecuteSynchroW1900@@YAHXZ 00000001800123d0 f   ConEmuPlugin1900.obj
 0001:00011470       ?WaitEndSynchroW1900@@YAXXZ 0000000180012470 f   ConEmuPlugin1900.obj
 0001:00011480       ?StopWaitEndSynchroW1900@@YAXXZ 0000000180012480 f   ConEmuPlugin1900.obj
 0001:000114c0       ?IsMacroActiveW1900@@YAHXZ 00000001800124c0 f   ConEmuPlugin1900.obj
 0001:00011510       ?GetMacroAreaW1900@@YAHXZ  0000000180012510 f   ConEmuPlugin1900.obj
 0001:00011540       ?RedrawAllW1900@@YAXXZ     0000000180012540 f   ConEmuPlugin1900.obj
 0001:00011580       ?LoadPluginW1900@@YA_NPEA_W@Z 0000000180012580 f   ConEmuPlugin1900.obj
 0001:000115c0       ?RunExternalProgramW1900@@YA_NPEA_W@Z 00000001800125c0 f   ConEmuPlugin1900.obj
 0001:00011940       ?ProcessCommandLineW1900@@YA_NPEA_W@Z 0000000180012940 f   ConEmuPlugin1900.obj
 0001:000119a0       ?LoadFarColorsW1900@@YAXAEAY0BAA@E@Z 00000001800129a0 f   ConEmuPlugin1900.obj
 0001:00011bd0       ?FarColor_3_2@@YAEAEBUFarColor@@@Z 0000000180012bd0 f i ConEmuPlugin1900.obj
 0001:00011cf0       ?Color2FgIndex@Far3Color@@SAXKAEAG@Z 0000000180012cf0 f i ConEmuPlugin1900.obj
 0001:00011e80       ?Max@Far3Color@@SAHHH@Z    0000000180012e80 f i ConEmuPlugin1900.obj
 0001:00011eb0       ?GetStdIndex@Far3Color@@SAHK@Z 0000000180012eb0 f i ConEmuPlugin1900.obj
 0001:00011f80       ?Color2BgIndex@Far3Color@@SAXKHAEAG@Z 0000000180012f80 f i ConEmuPlugin1900.obj
 0001:00012150       ?ReloadFarInfoW1900@@YAHXZ 0000000180013150 f   ConEmuPlugin1900.obj
 0001:00012620       ?ExecuteQuitFarW1900@@YAXXZ 0000000180013620 f   ConEmuPlugin1900.obj
 0001:00012680       ?CheckBufferEnabledW1900@@YAHXZ 0000000180013680 f   ConEmuPlugin1900.obj
 0001:00012750       ?FillUpdateBackgroundW1900@@YAXPEAUPaintBackgroundArg@@@Z 0000000180013750 f   ConEmuPlugin1900.obj
 0001:00012d70       ?GetActiveWindowTypeW1900@@YAHXZ 0000000180013d70 f   ConEmuPlugin1900.obj
 0001:00012e70       ?GuiMacroDlgW1900@@YAXXZ   0000000180013e70 f   ConEmuPlugin1900.obj
 0001:00013570       ?OpenW1900@@YAPEAXPEBX@Z   0000000180014570 f   ConEmuPlugin1900.obj
 0001:00013700       ?ProcessConsoleInputW1900@@YAHPEAX@Z 0000000180014700 f   ConEmuPlugin1900.obj
 0001:00013720       ?GetPluginInfoW2800@@YAXPEAX@Z 0000000180014720 f   ConEmuPlugin2800.obj
 0001:000137b0       ?ProcessDragFromW2800@@YAXXZ 00000001800147b0 f   ConEmuPlugin2800.obj
 0001:000142f0       ?ProcessDragToW2800@@YAXXZ 00000001800152f0 f   ConEmuPlugin2800.obj
 0001:000148f0       ?SetStartupInfoW2800@@YAXPEAX@Z 00000001800158f0 f   ConEmuPlugin2800.obj
 0001:00014ab0       ?GetEditorModifiedStateW2800@@YAKXZ 0000000180015ab0 f   ConEmuPlugin2800.obj
 0001:00014b20       ?ProcessEditorEventW2800@@YA_JPEAX@Z 0000000180015b20 f   ConEmuPlugin2800.obj
 0001:00014b50       ?ProcessViewerEventW2800@@YA_JPEAX@Z 0000000180015b50 f   ConEmuPlugin2800.obj
 0001:00014b80       ?ProcessDialogEventW2800@@YA_JPEAX@Z 0000000180015b80 f   ConEmuPlugin2800.obj
 0001:00014bb0       ?ProcessSynchroEventW2800@@YA_JPEAX@Z 0000000180015bb0 f   ConEmuPlugin2800.obj
 0001:00014be0       ?ProcessEditorInputW2800@@YAHPEBX@Z 0000000180015be0 f   ConEmuPlugin2800.obj
 0001:00014c60       ?UpdateConEmuTabsW2800@@YA_NH_N0PEAX@Z 0000000180015c60 f   ConEmuPlugin2800.obj
 0001:00015630       ?ExitFARW2800@@YAXXZ       0000000180016630 f   ConEmuPlugin2800.obj
 0001:000156c0       ?ShowMessageW2800@@YAHPEB_WH_N@Z 00000001800166c0 f   ConEmuPlugin2800.obj
 0001:000157c0       ?ShowMessageW2800@@YAHHH@Z 00000001800167c0 f   ConEmuPlugin2800.obj
 0001:00015830       ?GetMsgW2800@@YAPEB_WH@Z   0000000180016830 f   ConEmuPlugin2800.obj
 0001:00015880       ?SetWindowW2800@@YAXH@Z    0000000180016880 f   ConEmuPlugin2800.obj
 0001:000158f0       ?BackgroundMacroError@@YAKPEAX@Z 00000001800168f0 f   ConEmuPlugin2800.obj
 0001:00015940       ?PostMacroW2800@@YAXPEB_WPEAU_INPUT_RECORD@@@Z 0000000180016940 f   ConEmuPlugin2800.obj
 0001:00015eb0       ?ShowPluginMenuW2800@@YAHPEAUConEmuPluginMenuItem@@H@Z 0000000180016eb0 f   ConEmuPlugin2800.obj
 0001:000161e0       ?EditOutputW2800@@YAHPEB_WH@Z 00000001800171e0 f   ConEmuPlugin2800.obj
 0001:00016300       ?ExecuteSynchroW2800@@YAHXZ 0000000180017300 f   ConEmuPlugin2800.obj
 0001:000163a0       ?WaitEndSynchroW2800@@YAXXZ 00000001800173a0 f   ConEmuPlugin2800.obj
 0001:000163b0       ?StopWaitEndSynchroW2800@@YAXXZ 00000001800173b0 f   ConEmuPlugin2800.obj
 0001:000163f0       ?IsMacroActiveW2800@@YAHXZ 00000001800173f0 f   ConEmuPlugin2800.obj
 0001:00016440       ?GetMacroAreaW2800@@YAHXZ  0000000180017440 f   ConEmuPlugin2800.obj
 0001:00016470       ?RedrawAllW2800@@YAXXZ     0000000180017470 f   ConEmuPlugin2800.obj
 0001:000164b0       ?LoadPluginW2800@@YA_NPEA_W@Z 00000001800174b0 f   ConEmuPlugin2800.obj
 0001:000164f0       ?RunExternalProgramW2800@@YA_NPEA_W@Z 00000001800174f0 f   ConEmuPlugin2800.obj
 0001:00016880       ?ProcessCommandLineW2800@@YA_NPEA_W@Z 0000000180017880 f   ConEmuPlugin2800.obj
 0001:000168e0       ?LoadFarColorsW2800@@YAXAEAY0BAA@E@Z 00000001800178e0 f   ConEmuPlugin2800.obj
 0001:00016b10       ?ReloadFarInfoW2800@@YAHXZ 0000000180017b10 f   ConEmuPlugin2800.obj
 0001:00016ff0       ?ExecuteQuitFarW2800@@YAXXZ 0000000180017ff0 f   ConEmuPlugin2800.obj
 0001:00017050       ?CheckBufferEnabledW2800@@YAHXZ 0000000180018050 f   ConEmuPlugin2800.obj
 0001:00017120       ?FillUpdateBackgroundW2800@@YAXPEAUPaintBackgroundArg@@@Z 0000000180018120 f   ConEmuPlugin2800.obj
 0001:00017740       ?GetActiveWindowTypeW2800@@YAHXZ 0000000180018740 f   ConEmuPlugin2800.obj
 0001:00017840       ?GuiMacroDlgW2800@@YAXXZ   0000000180018840 f   ConEmuPlugin2800.obj
 0001:00017f60       GetGlobalInfoW             0000000180018f60 f   ConEmuPlugin2800.obj
 0001:00018180       ?OpenW2800@@YAPEAXPEBX@Z   0000000180019180 f   ConEmuPlugin2800.obj
 0001:00018330       ?ProcessConsoleInputW2800@@YA_JPEAX@Z 0000000180019330 f   ConEmuPlugin2800.obj
 0001:00018350       GetMinFarVersion           0000000180019350 f   ConEmuPluginA.obj
 0001:000183c0       OpenPlugin                 00000001800193c0 f   ConEmuPluginA.obj
 0001:00018450       ?ProcessDragFromA@@YAXXZ   0000000180019450 f   ConEmuPluginA.obj
 0001:00018c80       ?ProcessDragToA@@YAXXZ     0000000180019c80 f   ConEmuPluginA.obj
 0001:000191b0       SetStartupInfo             000000018001a1b0 f   ConEmuPluginA.obj
 0001:00019450       GetPluginInfo              000000018001a450 f   ConEmuPluginA.obj
 0001:00019530       ?GetEditorModifiedStateA@@YAKXZ 000000018001a530 f   ConEmuPluginA.obj
 0001:00019590       ProcessEditorInput         000000018001a590 f   ConEmuPluginA.obj
 0001:00019600       ProcessEditorEvent         000000018001a600 f   ConEmuPluginA.obj
 0001:000196b0       ProcessViewerEvent         000000018001a6b0 f   ConEmuPluginA.obj
 0001:00019750       ?UpdateConEmuTabsA@@YA_NH_N0PEAX@Z 000000018001a750 f   ConEmuPluginA.obj
 0001:00019cb0       ProcessDialogEvent         000000018001acb0 f   ConEmuPluginA.obj
 0001:00019cc0       ExitFAR                    000000018001acc0 f   ConEmuPluginA.obj
 0001:00019d60       ?ShowMessageA@@YAHPEBDH_N@Z 000000018001ad60 f   ConEmuPluginA.obj
 0001:00019e10       ?ShowMessageA@@YAHHH@Z     000000018001ae10 f   ConEmuPluginA.obj
 0001:00019e80       ?SetWindowA@@YAXH@Z        000000018001ae80 f   ConEmuPluginA.obj
 0001:00019f00       ?PostMacroA@@YAXPEADPEAU_INPUT_RECORD@@@Z 000000018001af00 f   ConEmuPluginA.obj
 0001:00019fc0       ?ShowPluginMenuA@@YAHPEAUConEmuPluginMenuItem@@H@Z 000000018001afc0 f   ConEmuPluginA.obj
 0001:0001a2b0       ?EditOutputA@@YAHPEB_WH@Z  000000018001b2b0 f   ConEmuPluginA.obj
 0001:0001a440       ?GetMsgA@@YAXHAEAY0BAE@_W@Z 000000018001b440 f   ConEmuPluginA.obj
 0001:0001a520       ?IsMacroActiveA@@YAHXZ     000000018001b520 f   ConEmuPluginA.obj
 0001:0001a590       ?RedrawAllA@@YAXXZ         000000018001b590 f   ConEmuPluginA.obj
 0001:0001a5d0       ?RunExternalProgramA@@YA_NPEAD@Z 000000018001b5d0 f   ConEmuPluginA.obj
 0001:0001a900       ?ProcessCommandLineA@@YA_NPEAD@Z 000000018001b900 f   ConEmuPluginA.obj
 0001:0001a960       ?LoadFarColorsA@@YAXAEAY0BAA@E@Z 000000018001b960 f   ConEmuPluginA.obj
 0001:0001aa70       ?ReloadFarInfoA@@YAHXZ     000000018001ba70 f   ConEmuPluginA.obj
 0001:0001ac30       ?ExecuteQuitFarA@@YAXXZ    000000018001bc30 f   ConEmuPluginA.obj
 0001:0001ac60       ?FillUpdateBackgroundA@@YAXPEAUPaintBackgroundArg@@@Z 000000018001bc60 f   ConEmuPluginA.obj
 0001:0001b030       ?GetActiveWindowTypeA@@YAHXZ 000000018001c030 f   ConEmuPluginA.obj
 0001:0001b0b0       ?GuiMacroDlgA@@YAXXZ       000000018001c0b0 f   ConEmuPluginA.obj
 0001:0001b8a0       ??0CPluginBackground@@QEAA@XZ 000000018001c8a0 f   PluginBackground.obj
 0001:0001bb50       ??1CPluginBackground@@QEAA@XZ 000000018001cb50 f   PluginBackground.obj
 0001:0001be00       ?RegisterSubplugin@CPluginBackground@@QEAAHPEAURegisterBackgroundArg@@@Z 000000018001ce00 f   PluginBackground.obj
 0001:0001c250       ?ReallocItems@CPluginBackground@@IEAAXH@Z 000000018001d250 f   PluginBackground.obj
 0001:0001c2f0       ?OnMainThreadActivated@CPluginBackground@@QEAAXHH@Z 000000018001d2f0 f   PluginBackground.obj
 0001:0001c460       ?SetForceCheck@CPluginBackground@@QEAAXXZ 000000018001d460 f   PluginBackground.obj
 0001:0001c490       ?SetForceUpdate@CPluginBackground@@QEAAX_N@Z 000000018001d490 f   PluginBackground.obj
 0001:0001c4d0       ?SetForceThLoad@CPluginBackground@@QEAAXXZ 000000018001d4d0 f   PluginBackground.obj
 0001:0001c510       ?IsParmChanged@CPluginBackground@@IEAA_NPEAUPaintBackgroundArg@@0@Z 000000018001d510 f   PluginBackground.obj
 0001:0001c860       ?CheckPanelFolders@CPluginBackground@@IEAAXH@Z 000000018001d860 f   PluginBackground.obj
 0001:0001ca00       ?SetDcPanelRect@CPluginBackground@@IEAAXPEAUtagRECT@@PEAUtag_BkPanelInfo@PaintBackgroundArg@@PEAU4@@Z 000000018001da00 f   PluginBackground.obj
 0001:0001cba0       ?UpdateBackground_Exec@CPluginBackground@@KAXPEAURegisterBackgroundArg@@PEAUPaintBackgroundArg@@@Z 000000018001dba0 f   PluginBackground.obj
 0001:0001cc00       ?UpdateBackground@CPluginBackground@@IEAAXXZ 000000018001dc00 f   PluginBackground.obj
 0001:0001dcc0       ?LoadThSet@CPluginBackground@@IEAAHH@Z 000000018001ecc0 f   PluginBackground.obj
 0001:0001df30       ?MonitorBackground@CPluginBackground@@QEAAXXZ 000000018001ef30 f   PluginBackground.obj
 0001:0001dfe0       ?GetTo@?$MFileMapping@UPanelViewSetMapping@@@@QEAA_NPEAUPanelViewSetMapping@@H@Z 000000018001efe0 f i PluginBackground.obj
 0001:0001e040       ?InitName@?$MFileMapping@UPanelViewSetMapping@@@@QEAAPEB_WPEB_WKK@Z 000000018001f040 f i PluginBackground.obj
 0001:0001e0a0       ?CloseMap@?$MFileMapping@UPanelViewSetMapping@@@@QEAAXXZ 000000018001f0a0 f i PluginBackground.obj
 0001:0001e130       ?Open@?$MFileMapping@UPanelViewSetMapping@@@@QEAAPEAUPanelViewSetMapping@@HH@Z 000000018001f130 f i PluginBackground.obj
 0001:0001e160       ??0?$MFileMapping@UPanelViewSetMapping@@@@QEAA@XZ 000000018001f160 f i PluginBackground.obj
 0001:0001e1d0       ??1?$MFileMapping@UPanelViewSetMapping@@@@QEAA@XZ 000000018001f1d0 f i PluginBackground.obj
 0001:0001e200       ?IsValid@?$MFileMapping@UPanelViewSetMapping@@@@QEAA_NXZ 000000018001f200 f i PluginBackground.obj
 0001:0001e230       ?ClosePtr@?$MFileMapping@UPanelViewSetMapping@@@@QEAAXXZ 000000018001f230 f i PluginBackground.obj
 0001:0001e270       ?InternalOpenCreate@?$MFileMapping@UPanelViewSetMapping@@@@IEAAPEAUPanelViewSetMapping@@HHH@Z 000000018001f270 f i PluginBackground.obj
 0001:0001e650       ?PlugServerInit@@YAXXZ     000000018001f650 f   PluginSrv.obj
 0001:0001e660       ?PlugServerStart@@YA_NXZ   000000018001f660 f   PluginSrv.obj
 0001:0001e790       ?PlugServerStop@@YAX_N@Z   000000018001f790 f   PluginSrv.obj
 0001:0001e7e0       ?PlugServerCommand@@YAHPEAXPEAUCESERVER_REQ@@AEAPEAU1@AEAK3_J@Z 000000018001f7e0 f   PluginSrv.obj
 0001:0001f030       ?PlugServerFree@@YAXPEAUCESERVER_REQ@@_J@Z 0000000180020030 f   PluginSrv.obj
 0001:0001f050       ?SetOverlapped@?$PipeServer@UCESERVER_REQ@@@@QEAAX_N@Z 0000000180020050 f i PluginSrv.obj
 0001:0001f070       ?SetLoopCommands@?$PipeServer@UCESERVER_REQ@@@@QEAAX_N@Z 0000000180020070 f i PluginSrv.obj
 0001:0001f090       ?SetDummyAnswerSize@?$PipeServer@UCESERVER_REQ@@@@QEAAXH@Z 0000000180020090 f i PluginSrv.obj
 0001:0001f0b0       ?SetMaxCount@?$PipeServer@UCESERVER_REQ@@@@QEAAXH@Z 00000001800200b0 f i PluginSrv.obj
 0001:0001f100       ?StartPipeServer@?$PipeServer@UCESERVER_REQ@@@@QEAA_NPEB_W_JPEAU_SECURITY_ATTRIBUTES@@P6AHPEAXPEAUCESERVER_REQ@@AEAPEAU3@AEAK61@ZP6AX41@ZP6AH31@Z99@Z 0000000180020100 f i PluginSrv.obj
 0001:0001f360       ?StopPipeServer@?$PipeServer@UCESERVER_REQ@@@@QEAAX_N@Z 0000000180020360 f i PluginSrv.obj
 0001:0001f9a0       ?BreakConnection@?$PipeServer@UCESERVER_REQ@@@@QEAAXPEAX@Z 00000001800209a0 f i PluginSrv.obj
 0001:0001f9d0       ?DumpError@?$PipeServer@UCESERVER_REQ@@@@IEAAXPEAUPipeInst@1@PEB_WH@Z 00000001800209d0 f i PluginSrv.obj
 0001:0001fb00       ?_Disconnect@?$PipeServer@UCESERVER_REQ@@@@IEAAXPEAUPipeInst@1@_N11@Z 0000000180020b00 f i PluginSrv.obj
 0001:0001fbb0       ?StartPipeInstance@?$PipeServer@UCESERVER_REQ@@@@IEAA_NPEAUPipeInst@1@@Z 0000000180020bb0 f i PluginSrv.obj
 0001:0001fd10       ?_PipeServerThread@?$PipeServer@UCESERVER_REQ@@@@KAKPEAX@Z 0000000180020d10 f i PluginSrv.obj
 0001:0001fda0       ?PipeServerThread@?$PipeServer@UCESERVER_REQ@@@@IEAAKPEAUPipeInst@1@@Z 0000000180020da0 f i PluginSrv.obj
 0001:000202f0       ?PipeServerRead@?$PipeServer@UCESERVER_REQ@@@@IEAAHPEAUPipeInst@1@@Z 00000001800212f0 f i PluginSrv.obj
 0001:00020710       ?PipeServerWrite@?$PipeServer@UCESERVER_REQ@@@@IEAAHPEAUPipeInst@1@PEBXKPEAKH@Z 0000000180021710 f i PluginSrv.obj
 0001:00020950       ?WaitForClient@?$PipeServer@UCESERVER_REQ@@@@IEAA_NPEAUPipeInst@1@AEAH1@Z 0000000180021950 f i PluginSrv.obj
 0001:00020f60       ?WriteDummyAnswer@?$PipeServer@UCESERVER_REQ@@@@IEAAHPEAUPipeInst@1@@Z 0000000180021f60 f i PluginSrv.obj
 0001:00021000       ?WaitOverlapped@?$PipeServer@UCESERVER_REQ@@@@IEAAHPEAUPipeInst@1@PEAK@Z 0000000180022000 f i PluginSrv.obj
 0001:000212f0       ?AllocRequestBuf@PipeInst@?$PipeServer@UCESERVER_REQ@@@@QEAAPEAUCESERVER_REQ@@K@Z 00000001800222f0 f i PluginSrv.obj
 0001:00021390       ??$wcscpy_c@$0BAE@@@YAHAEAY0BAE@_WPEB_W@Z 0000000180022390 f i PluginSrv.obj
 0001:000214f0       ?PackInputRecord@@YAHPEBU_INPUT_RECORD@@PEAUMsgStr@MSG64@@@Z 00000001800224f0 f   Common.obj
 0001:000217a0       ?UnpackInputRecord@@YAHPEBUMsgStr@MSG64@@PEAU_INPUT_RECORD@@@Z 00000001800227a0 f   Common.obj
 0001:00021a90       ?TranslateKeyPress@@YAXGK_WHPEAU_INPUT_RECORD@@1@Z 0000000180022a90 f   Common.obj
 0001:00021c20       ?CommonShutdown@@YAXXZ     0000000180022c20 f   Common.obj
 0001:00021c50       ?GetImageSubsystem@@YA_NPEB_WAEAK11@Z 0000000180022c50 f   Execute.obj
 0001:000220a0       ?GetImageSubsystem@@YA_NAEAK0@Z 00000001800230a0 f   Execute.obj
 0001:00022180       ?GetImageSubsystem@@YA_NU_PROCESS_INFORMATION@@AEAK1@Z 0000000180023180 f   Execute.obj
 0001:00022480       ?GetEnclosingSectionHeader@@YAPEAU_IMAGE_SECTION_HEADER@@KPEAUIMAGE_MAPPING@@@Z 0000000180023480 f   Execute.obj
 0001:00022530       ?GetPtrFromRVA@@YAPEAXKPEAUIMAGE_MAPPING@@@Z 0000000180023530 f   Execute.obj
 0001:000225c0       ?FindImageSubsystem@@YA_NPEB_WAEAK11@Z 00000001800235c0 f   Execute.obj
 0001:00023250       ?ModuleName@@YAPEB_WPEB_W@Z 0000000180024250 f   ConEmuCheck.obj
 0001:00023340       ?ExecuteOpenPipe@@YAPEAXPEB_WAEAY0CAI@_W0KKHPEAX@Z 0000000180024340 f   ConEmuCheck.obj
 0001:00023660       ?ExecutePrepareCmd@@YAXPEAUCESERVER_REQ@@K_K@Z 0000000180024660 f   ConEmuCheck.obj
 0001:000236c0       ?ExecutePrepareCmd@@YAXPEAUCESERVER_REQ_HDR@@K_K@Z 00000001800246c0 f   ConEmuCheck.obj
 0001:00023790       ?ExecuteNewCmd@@YAPEAUCESERVER_REQ@@K_K@Z 0000000180024790 f   ConEmuCheck.obj
 0001:00023800       ?ExecuteNewCmd@@YAHAEAPEAUCESERVER_REQ@@AEAKK_K@Z 0000000180024800 f   ConEmuCheck.obj
 0001:000238d0       ?LoadSrvMapping@@YAHPEAUHWND__@@AEAUCESERVER_CONSOLE_MAPPING_HDR@@@Z 00000001800248d0 f   ConEmuCheck.obj
 0001:00023a30       ?LoadGuiMapping@@YAHKAEAUConEmuGuiMapping@@@Z 0000000180024a30 f   ConEmuCheck.obj
 0001:00023b90       ?ExecuteNewCmdOnCreate@@YAPEAUCESERVER_REQ@@PEAUCESERVER_CONSOLE_MAPPING_HDR@@PEAUHWND__@@W4CmdOnCreateType@@PEB_W33PEAK444HHPEAX55@Z 0000000180024b90 f   ConEmuCheck.obj
 0001:000241b0       ?ExecuteGuiCmd@@YAPEAUCESERVER_REQ@@PEAUHWND__@@PEAU1@0H@Z 00000001800251b0 f   ConEmuCheck.obj
 0001:00024260       ?ExecuteSrvCmd@@YAPEAUCESERVER_REQ@@KPEAU1@PEAUHWND__@@HK@Z 0000000180025260 f   ConEmuCheck.obj
 0001:00024320       ?ExecuteHkCmd@@YAPEAUCESERVER_REQ@@KPEAU1@PEAUHWND__@@H@Z 0000000180025320 f   ConEmuCheck.obj
 0001:000243e0       ?ExecuteCmd@@YAPEAUCESERVER_REQ@@PEB_WPEAU1@KPEAUHWND__@@HK@Z 00000001800253e0 f   ConEmuCheck.obj
 0001:00024750       ?ExecuteFreeResult@@YAXAEAPEAUCESERVER_REQ@@@Z 0000000180025750 f   ConEmuCheck.obj
 0001:00024790       ?myGetConsoleWindow@@YAPEAUHWND__@@XZ 0000000180025790 f   ConEmuCheck.obj
 0001:00024830       ?GetConEmuHWND@@YAPEAUHWND__@@H@Z 0000000180025830 f   ConEmuCheck.obj
 0001:00024a40       ?ConEmuCheck@@YAHPEAPEAUHWND__@@@Z 0000000180025a40 f   ConEmuCheck.obj
 0001:00024a90       ?GuiMessageBox@@YAHPEAUHWND__@@PEB_W1H@Z 0000000180025a90 f   ConEmuCheck.obj
 0001:00024cb0       ?InitName@?$MFileMapping@UConEmuGuiMapping@@@@QEAAPEB_WPEB_WKK@Z 0000000180025cb0 f i ConEmuCheck.obj
 0001:00024d10       ?CloseMap@?$MFileMapping@UConEmuGuiMapping@@@@QEAAXXZ 0000000180025d10 f i ConEmuCheck.obj
 0001:00024da0       ?Open@?$MFileMapping@UConEmuGuiMapping@@@@QEAAPEAUConEmuGuiMapping@@HH@Z 0000000180025da0 f i ConEmuCheck.obj
 0001:00024dd0       ??0?$MFileMapping@UConEmuGuiMapping@@@@QEAA@XZ 0000000180025dd0 f i ConEmuCheck.obj
 0001:00024e40       ??1?$MFileMapping@UConEmuGuiMapping@@@@QEAA@XZ 0000000180025e40 f i ConEmuCheck.obj
 0001:00024e70       ?ClosePtr@?$MFileMapping@UConEmuGuiMapping@@@@QEAAXXZ 0000000180025e70 f i ConEmuCheck.obj
 0001:00024eb0       ?InternalOpenCreate@?$MFileMapping@UConEmuGuiMapping@@@@IEAAPEAUConEmuGuiMapping@@HHH@Z 0000000180025eb0 f i ConEmuCheck.obj
 0001:00025160       ??$wcscpy_c@$0CA@@@YAHAEAY0CA@_WPEB_W@Z 0000000180026160 f i ConEmuCheck.obj
 0001:00025190       ?LoadGuiMapping@@YAHPEAUHWND__@@AEAUConEmuGuiMapping@@@Z 0000000180026190 f   ConEmuCheckEx.obj
 0001:000251e0       ?IsConEmuExeExist@@YAHPEB_WAEAY0BAF@_W@Z 00000001800261e0 f   ConEmuCheckEx.obj
 0001:000252c0       ?FindConEmuBaseDir@@YAHAEAY0BAF@_W0PEAUHINSTANCE__@@@Z 00000001800262c0 f   ConEmuCheckEx.obj
 0001:00025930       ??$wcscpy_c@$0BAF@@@YAHAEAY0BAF@_WPEB_W@Z 0000000180026930 f i ConEmuCheckEx.obj
 0001:00025a90       ??$wcscpy_add@$0BAF@@@YAHPEA_WAEAY0BAF@_WPEB_W@Z 0000000180026a90 f i ConEmuCheckEx.obj
 0001:00025b00       ??$wcscat_c@$0BAF@@@YAHAEAY0BAF@_WPEB_W@Z 0000000180026b00 f i ConEmuCheckEx.obj
 0001:00025c40       ?HeapInitialize@@YA_NXZ    0000000180026c40 f   Memory.obj
 0001:00025c90       ?HeapDeinitialize@@YAXXZ   0000000180026c90 f   Memory.obj
 0001:00025cc0       ?xf_malloc@@YAPEAX_K@Z     0000000180026cc0 f   Memory.obj
 0001:00025cf0       ?xf_calloc@@YAPEAX_K0@Z    0000000180026cf0 f   Memory.obj
 0001:00025d30       ?xf_realloc@@YAPEAXPEAX_K@Z 0000000180026d30 f   Memory.obj
 0001:00025d70       ?xf_free@@YAXPEAX@Z        0000000180026d70 f   Memory.obj
 0001:00025db0       ?xf_validate@@YA_NPEAX@Z   0000000180026db0 f   Memory.obj
 0001:00025e00       ??2@YAPEAX_K@Z             0000000180026e00 f   Memory.obj
 0001:00025e30       ??_U@YAPEAX_K@Z            0000000180026e30 f   Memory.obj
 0001:00025e60       ??3@YAXPEAX@Z              0000000180026e60 f   Memory.obj
 0001:00025e80       ??_V@YAXPEAX@Z             0000000180026e80 f   Memory.obj
 0001:00025ea0       ?lstrdup@@YAPEADPEBD@Z     0000000180026ea0 f   Memory.obj
 0001:00025f20       ?StringCchCopyA@@YAJPEAD_KPEBD@Z 0000000180026f20 f i Memory.obj
 0001:000260b0       ?lstrdup@@YAPEA_WPEB_W@Z   00000001800270b0 f   Memory.obj
 0001:00026260       ?lstrdupW@@YAPEA_WPEBDI@Z  0000000180027260 f   Memory.obj
 0001:00026300       ?lstrmerge@@YAPEA_WPEB_W000@Z 0000000180027300 f   Memory.obj
 0001:000264d0       ?lstrmerge@@YA_NPEAPEA_WPEB_W11@Z 00000001800274d0 f   Memory.obj
 0001:00026550       ?FindMonitorsWorkspace@@YAHPEAUHMONITOR__@@PEAUHDC__@@PEAUtagRECT@@_J@Z 0000000180027550 f   Monitors.obj
 0001:00026600       ?GetAllMonitorsWorkspace@@YA?AUtagRECT@@XZ 0000000180027600 f   Monitors.obj
 0001:00026690       ?FindPrimaryMonitor@@YAHPEAUHMONITOR__@@PEAUHDC__@@PEAUtagRECT@@_J@Z 0000000180027690 f   Monitors.obj
 0001:00026720       ?GetMonitorInfoSafe@@YA_NPEAUHMONITOR__@@AEAUtagMONITORINFO@@@Z 0000000180027720 f   Monitors.obj
 0001:00026790       ?GetPrimaryMonitorInfo@@YAPEAUHMONITOR__@@PEAUtagMONITORINFO@@@Z 0000000180027790 f   Monitors.obj
 0001:00026850       ?GetNearestMonitorInfo@@YAPEAUHMONITOR__@@PEAUtagMONITORINFO@@PEAU1@PEBUtagRECT@@PEAUHWND__@@@Z 0000000180027850 f   Monitors.obj
 0001:00026980       ?EnumAllMonitors@@YAHPEAUHMONITOR__@@PEAUHDC__@@PEAUtagRECT@@_J@Z 0000000180027980 f   Monitors.obj
 0001:00026a30       ?MonitorSortCallback@@YAHAEAU_FindAllMonitorsItem@@0@Z 0000000180027a30 f   Monitors.obj
 0001:00026ab0       ?GetNextMonitorInfo@@YAPEAUHMONITOR__@@PEAUtagMONITORINFO@@PEBUtagRECT@@_N@Z 0000000180027ab0 f   Monitors.obj
 0001:00026da0       ??0_FindAllMonitors@@QEAA@XZ 0000000180027da0 f i Monitors.obj
 0001:00026dc0       ??1_FindAllMonitors@@QEAA@XZ 0000000180027dc0 f i Monitors.obj
 0001:00026de0       ??0?$MArray@U_FindAllMonitorsItem@@@@QEAA@XZ 0000000180027de0 f i Monitors.obj
 0001:00026e40       ??1?$MArray@U_FindAllMonitorsItem@@@@QEAA@XZ 0000000180027e40 f i Monitors.obj
 0001:00026e60       ??A?$MArray@U_FindAllMonitorsItem@@@@QEAAAEAU_FindAllMonitorsItem@@_J@Z 0000000180027e60 f i Monitors.obj
 0001:00026e80       ?push_back@?$MArray@U_FindAllMonitorsItem@@@@QEAA_JAEBU_FindAllMonitorsItem@@@Z 0000000180027e80 f i Monitors.obj
 0001:00026f50       ?size@?$MArray@U_FindAllMonitorsItem@@@@QEBA_JXZ 0000000180027f50 f i Monitors.obj
 0001:00026f60       ?sort@?$MArray@U_FindAllMonitorsItem@@@@QEAAXP6AHAEAU_FindAllMonitorsItem@@0@Z@Z 0000000180027f60 f i Monitors.obj
 0001:000270b0       ?clear@?$MArray@U_FindAllMonitorsItem@@@@QEAAXXZ 00000001800280b0 f i Monitors.obj
 0001:00027100       ?addsize@?$MArray@U_FindAllMonitorsItem@@@@QEAAX_J@Z 0000000180028100 f i Monitors.obj
 0001:00027240       ?NullSecurity@@YAPEAU_SECURITY_ATTRIBUTES@@XZ 0000000180028240 f   MSecurity.obj
 0001:000272a0       ??0MNullDesc@@QEAA@XZ      00000001800282a0 f i MSecurity.obj
 0001:00027320       ?NullSecurity@MNullDesc@@QEAAPEAU_SECURITY_ATTRIBUTES@@XZ 0000000180028320 f i MSecurity.obj
 0001:00027460       ?LoadAdvApi@MNullDesc@@IEAAHXZ 0000000180028460 f i MSecurity.obj
 0001:000276f0       ?UnloadAdvApi@MNullDesc@@IEAAXXZ 00000001800286f0 f i MSecurity.obj
 0001:00027730       ?LocalSecurity@@YAPEAU_SECURITY_ATTRIBUTES@@XZ 0000000180028730 f   MSecurity.obj
 0001:00027790       ?LocalSecurity@MNullDesc@@QEAAPEAU_SECURITY_ATTRIBUTES@@XZ 0000000180028790 f i MSecurity.obj
 0001:00027a40       ?ShutdownSecurity@@YAXXZ   0000000180028a40 f   MSecurity.obj
 0001:00027aa0       ??_GMNullDesc@@QEAAPEAXI@Z 0000000180028aa0 f i MSecurity.obj
 0001:00027ae0       ??1MNullDesc@@QEAA@XZ      0000000180028ae0 f i MSecurity.obj
 0001:00027b60       ?msprintf@@YAPEB_WPEA_W_KPEB_WZZ 0000000180028b60 f   MStrSafe.obj
 0001:000283a0       ?msprintf@@YAPEBDPEAD_KPEBDZZ 00000001800293a0 f   MStrSafe.obj
 0001:00028ad0       ?lstrcmpni@@YAHPEB_W0H@Z   0000000180029ad0 f   MStrSafe.obj
 0001:00028b80       ?SetConEmuEnvHWND@@YAXPEB_WPEAUHWND__@@@Z 0000000180029b80 f   SetEnvVar.obj
 0001:00028be0       ?SetConEmuEnvVar@@YAXPEAUHWND__@@@Z 0000000180029be0 f   SetEnvVar.obj
 0001:00028c60       ?SetConEmuEnvVarChild@@YAXPEAUHWND__@@0@Z 0000000180029c60 f   SetEnvVar.obj
 0001:00028ca0       ?ShutdownConsole@@YAXXZ    0000000180029ca0 f   WinConsole.obj
 0001:00028cf0       ?SetConsoleInfo@@YAHPEAUHWND__@@PEAU_CONSOLE_INFO@@@Z 0000000180029cf0 f   WinConsole.obj
 0001:00029020       ?ChangeScreenBufferSize@@YAXAEAU_CONSOLE_SCREEN_BUFFER_INFO@@FFFF@Z 000000018002a020 f   WinConsole.obj
 0001:00029180       ?GetConWindowSize@@YAHAEBU_CONSOLE_SCREEN_BUFFER_INFO@@HHKPEAH1PEAK@Z 000000018002a180 f   WinConsole.obj
 0001:00029320       ?GetConsoleSizeInfo@@YAXPEAU_CONSOLE_INFO@@@Z 000000018002a320 f   WinConsole.obj
 0001:000293f0       ?apiGetConsoleScreenBufferInfoEx@@YAHPEAXPEAUMY_CONSOLE_SCREEN_BUFFER_INFOEX@@@Z 000000018002a3f0 f   WinConsole.obj
 0001:00029470       ?apiSetConsoleScreenBufferInfoEx@@YAHPEAXPEAUMY_CONSOLE_SCREEN_BUFFER_INFOEX@@@Z 000000018002a470 f   WinConsole.obj
 0001:00029510       ?apiGetConsoleFontSize@@YAHPEAXAEAH1AEAY0CA@_W@Z 000000018002a510 f   WinConsole.obj
 0001:00029600       ?apiSetConsoleFontSize@@YAHPEAXHHPEB_W@Z 000000018002a600 f   WinConsole.obj
 0001:00029710       ?apiFixFontSizeForBufferSize@@YAHPEAXU_COORD@@@Z 000000018002a710 f   WinConsole.obj
 0001:00029dd0       ?SetConsoleFontSizeTo@@YAXPEAUHWND__@@HHPEB_WGG@Z 000000018002add0 f   WinConsole.obj
 0001:0002a410       ?EvaluateDefaultFontWidth@@YAHHPEB_W@Z 000000018002b410 f   WinConsole.obj
 0001:0002a590       ?SetUserFriendlyFont@@YAXPEAUHWND__@@@Z 000000018002b590 f   WinConsole.obj
 0001:0002aab0       ?CorrectConsolePos@@YAXPEAUHWND__@@@Z 000000018002bab0 f   WinConsole.obj
 0001:0002ac90       ?EmergencyShow@@YAXPEAUHWND__@@@Z 000000018002bc90 f   WinConsole.obj
 0001:0002ad90       ?getWindowInfo@@YAXPEAUHWND__@@AEAY0EAA@_W@Z 000000018002bd90 f   WinObjects.obj
 0001:0002af10       ?apiSetForegroundWindow@@YAHPEAUHWND__@@@Z 000000018002bf10 f   WinObjects.obj
 0001:0002af40       ?apiShowWindow@@YAHPEAUHWND__@@H@Z 000000018002bf40 f   WinObjects.obj
 0001:0002af70       ?apiShowWindowAsync@@YAHPEAUHWND__@@H@Z 000000018002bf70 f   WinObjects.obj
 0001:0002afa0       ?isWindow@@YAHPEAUHWND__@@@Z 000000018002bfa0 f   WinObjects.obj
 0001:0002b020       ?FileCompare@@YA_NPEB_W0@Z 000000018002c020 f   WinObjects.obj
 0001:0002b310       ?FileExists@@YA_NPEB_WPEAK@Z 000000018002c310 f   WinObjects.obj
 0001:0002b510       ?FileExistsSearch@@YA_NPEA_W_K@Z 000000018002c510 f   WinObjects.obj
 0001:0002b7d0       ?DirectoryExists@@YA_NPEB_W@Z 000000018002c7d0 f   WinObjects.obj
 0001:0002b8e0       ?MyCreateDirectory@@YA_NPEA_W@Z 000000018002c8e0 f   WinObjects.obj
 0001:0002ba30       ?IsFilePath@@YA_NPEB_W@Z   000000018002ca30 f   WinObjects.obj
 0001:0002bb30       ?IsPathNeedQuot@@YA_NPEB_W@Z 000000018002cb30 f   WinObjects.obj
 0001:0002bb60       ?GetShortFileName@@YAHPEB_WHPEA_WH@Z 000000018002cb60 f   WinObjects.obj
 0001:0002bde0       ?GetShortFileNameEx@@YAPEA_WPEB_WH@Z 000000018002cde0 f   WinObjects.obj
 0001:0002c2f0       ?IsUserAdmin@@YA_NXZ       000000018002d2f0 f   WinObjects.obj
 0001:0002c410       ?GetLogonSID@@YA_NPEAXPEAPEA_W@Z 000000018002d410 f   WinObjects.obj
 0001:0002c570       ?IsWine@@YA_NXZ            000000018002d570 f   WinObjects.obj
 0001:0002c620       ?IsDbcs@@YA_NXZ            000000018002d620 f   WinObjects.obj
 0001:0002c660       ?IsWindows64@@YA_NXZ       000000018002d660 f   WinObjects.obj
 0001:0002c6a0       ?IsHwFullScreenAvailable@@YA_NXZ 000000018002d6a0 f   WinObjects.obj
 0001:0002c710       ?IsVsNetHostExe@@YA_NPEB_W@Z 000000018002d710 f   WinObjects.obj
 0001:0002c7b0       ?GetProcessBits@@YAHKPEAX@Z 000000018002d7b0 f   WinObjects.obj
 0001:0002c8d0       ?GetProcessInfo@@YA_NKPEAUtagPROCESSENTRY32W@@@Z 000000018002d8d0 f   WinObjects.obj
 0001:0002c9b0       ?isTerminalMode@@YA_NXZ    000000018002d9b0 f   WinObjects.obj
 0001:0002cd00       ?IsModuleValid@@YA_NPEAUHINSTANCE__@@@Z 000000018002dd00 f   WinObjects.obj
 0001:0002cdc0       ?CheckCallbackPtr@@YA_NPEAUHINSTANCE__@@_KPEAP6A_JXZHH@Z 000000018002ddc0 f   WinObjects.obj
 0001:0002cfb0       ?RemoveOldComSpecC@@YAXXZ  000000018002dfb0 f   WinObjects.obj
 0001:0002d100       ?PointToName@@YAPEB_WPEB_W@Z 000000018002e100 f   WinObjects.obj
 0001:0002d160       ?PointToName@@YAPEBDPEBD@Z 000000018002e160 f   WinObjects.obj
 0001:0002d1b0       ?PointToExt@@YAPEB_WPEB_W@Z 000000018002e1b0 f   WinObjects.obj
 0001:0002d200       ?Unquote@@YAPEB_WPEA_W_N@Z 000000018002e200 f   WinObjects.obj
 0001:0002d2b0       ?ExpandMacroValues@@YAPEA_WPEB_WPEAPEB_W_K@Z 000000018002e2b0 f   WinObjects.obj
 0001:0002d500       ?ExpandEnvStr@@YAPEA_WPEB_W@Z 000000018002e500 f   WinObjects.obj
 0001:0002d610       ?GetFullPathNameEx@@YAPEA_WPEB_W@Z 000000018002e610 f   WinObjects.obj
 0001:0002d710       ??0MConHandle@@QEAA@PEB_W@Z 000000018002e710 f   WinObjects.obj
 0001:0002d7b0       ?LogHandle@MConHandle@@AEAAXIPEAX@Z 000000018002e7b0 f   WinObjects.obj
 0001:0002d840       ??1MConHandle@@QEAA@XZ     000000018002e840 f   WinObjects.obj
 0001:0002d870       ?SetBufferPtr@MConHandle@@QEAAXPEAPEAX@Z 000000018002e870 f   WinObjects.obj
 0001:0002d890       ??BMConHandle@@QEAAQEAXXZ  000000018002e890 f   WinObjects.obj
 0001:0002dc50       ?strrchr@@YAPEADPEADH@Z    000000018002ec50 f i WinObjects.obj
 0001:0002dc70       ?Close@MConHandle@@QEAAXXZ 000000018002ec70 f   WinObjects.obj
 0001:0002dd40       ??0MEvent@@QEAA@XZ         000000018002ed40 f   WinObjects.obj
 0001:0002dd80       ??1MEvent@@QEAA@XZ         000000018002ed80 f   WinObjects.obj
 0001:0002ddb0       ?Close@MEvent@@QEAAXXZ     000000018002edb0 f   WinObjects.obj
 0001:0002de10       ?InitName@MEvent@@QEAAXPEB_WK@Z 000000018002ee10 f   WinObjects.obj
 0001:0002de70       ?Open@MEvent@@QEAAPEAXXZ   000000018002ee70 f   WinObjects.obj
 0001:0002df10       ?Wait@MEvent@@QEAAKKH@Z    000000018002ef10 f   WinObjects.obj
 0001:0002df80       ?GetHandle@MEvent@@QEAAPEAXXZ 000000018002ef80 f   WinObjects.obj
 0001:0002dfa0       ??0MSetter@@QEAA@PEAH@Z    000000018002efa0 f   WinObjects.obj
 0001:0002dff0       ??0MSetter@@QEAA@PEA_N@Z   000000018002eff0 f   WinObjects.obj
 0001:0002e040       ??0MSetter@@QEAA@PEAKK@Z   000000018002f040 f   WinObjects.obj
 0001:0002e090       ??1MSetter@@QEAA@XZ        000000018002f090 f   WinObjects.obj
 0001:0002e0b0       ?Unlock@MSetter@@QEAAXXZ   000000018002f0b0 f   WinObjects.obj
 0001:0002e130       ??0MSection@@QEAA@XZ       000000018002f130 f   WinObjects.obj
 0001:0002e200       ??1MSection@@QEAA@XZ       000000018002f200 f   WinObjects.obj
 0001:0002e2c0       ?Process_Lock@MSection@@IEAAXXZ 000000018002f2c0 f   WinObjects.obj
 0001:0002e2e0       ?Process_Unlock@MSection@@IEAAXXZ 000000018002f2e0 f   WinObjects.obj
 0001:0002e300       ?ThreadTerminated@MSection@@QEAAXK@Z 000000018002f300 f   WinObjects.obj
 0001:0002e360       ?AddRef@MSection@@IEAAXK@Z 000000018002f360 f   WinObjects.obj
 0001:0002e4a0       ?ReleaseRef@MSection@@IEAAHK@Z 000000018002f4a0 f   WinObjects.obj
 0001:0002e5c0       ?WaitUnlocked@MSection@@IEAAXKK@Z 000000018002f5c0 f   WinObjects.obj
 0001:0002e690       ?MyEnterCriticalSection@MSection@@IEAA_NK@Z 000000018002f690 f   WinObjects.obj
 0001:0002e900       ?Lock@MSection@@IEAAHHK@Z  000000018002f900 f   WinObjects.obj
 0001:0002eaa0       ?Unlock@MSection@@IEAAXH@Z 000000018002faa0 f   WinObjects.obj
 0001:0002eb30       ?isLockedExclusive@MSection@@QEAA_NXZ 000000018002fb30 f   WinObjects.obj
 0001:0002eba0       ??0MSectionThread@@QEAA@PEAVMSection@@@Z 000000018002fba0 f   WinObjects.obj
 0001:0002ebe0       ??1MSectionThread@@QEAA@XZ 000000018002fbe0 f   WinObjects.obj
 0001:0002ec20       ??0MSectionLock@@QEAA@XZ   000000018002fc20 f   WinObjects.obj
 0001:0002ec50       ??1MSectionLock@@QEAA@XZ   000000018002fc50 f   WinObjects.obj
 0001:0002ec80       ?Lock@MSectionLock@@QEAAHPEAVMSection@@HK@Z 000000018002fc80 f   WinObjects.obj
 0001:0002ed50       ?RelockExclusive@MSectionLock@@QEAAHK@Z 000000018002fd50 f   WinObjects.obj
 0001:0002ede0       ?Unlock@MSectionLock@@QEAAXXZ 000000018002fde0 f   WinObjects.obj
 0001:0002ee30       ?isLocked@MSectionLock@@QEAAHH@Z 000000018002fe30 f   WinObjects.obj
 0001:0002ee80       ??0MSectionLockSimple@@QEAA@XZ 000000018002fe80 f   WinObjects.obj
 0001:0002eea0       ??1MSectionLockSimple@@QEAA@XZ 000000018002fea0 f   WinObjects.obj
 0001:0002eed0       ?Lock@MSectionLockSimple@@QEAAHPEAU_RTL_CRITICAL_SECTION@@K@Z 000000018002fed0 f   WinObjects.obj
 0001:0002efa0       ?Unlock@MSectionLockSimple@@QEAAXXZ 000000018002ffa0 f   WinObjects.obj
 0001:0002efe0       ?isLocked@MSectionLockSimple@@QEAAHXZ 000000018002ffe0 f   WinObjects.obj
 0001:0002eff0       ??0MFileLog@@QEAA@PEB_W0K@Z 000000018002fff0 f   WinObjects.obj
 0001:0002f090       ?InitFileName@MFileLog@@IEAAJPEB_WK@Z 0000000180030090 f   WinObjects.obj
 0001:0002f140       ??1MFileLog@@QEAA@XZ       0000000180030140 f   WinObjects.obj
 0001:0002f190       ?CloseLogFile@MFileLog@@QEAAXXZ 0000000180030190 f   WinObjects.obj
 0001:0002f230       ?CreateLogFile@MFileLog@@QEAAJPEB_WKK@Z 0000000180030230 f   WinObjects.obj
 0001:0002fa60       ?GetLogFileName@MFileLog@@QEAAPEB_WXZ 0000000180030a60 f   WinObjects.obj
 0001:0002fab0       ?LogString@MFileLog@@QEAAXPEBD_N01I@Z 0000000180030ab0 f   WinObjects.obj
 0001:0002fc70       ?LogString@MFileLog@@QEAAXPEB_W_N01@Z 0000000180030c70 f   WinObjects.obj
 0001:000300a0       ?MonitorEnumProc@MFileLog@@KAHPEAUHMONITOR__@@PEAUHDC__@@PEAUtagRECT@@_J@Z 00000001800310a0 f   WinObjects.obj
 0001:00030250       ?LogStartEnv@MFileLog@@QEAAXPEAUCEStartupEnv@@@Z 0000000180031250 f   WinObjects.obj
 0001:00031080       ??0CToolTip@@QEAA@XZ       0000000180032080 f   WinObjects.obj
 0001:00031120       ??_GCToolTip@@UEAAPEAXI@Z  0000000180032120 f i WinObjects.obj
 0001:00031120       ??_ECToolTip@@UEAAPEAXI@Z  0000000180032120 f i WinObjects.obj
 0001:00031160       ??1CToolTip@@UEAA@XZ       0000000180032160 f   WinObjects.obj
 0001:00031220       ?ShowTip@CToolTip@@QEAAXPEAUHWND__@@0PEB_WHUtagPOINT@@PEAUHINSTANCE__@@@Z 0000000180032220 f   WinObjects.obj
 0001:000316d0       ?HideTip@CToolTip@@QEAAXXZ 00000001800326d0 f   WinObjects.obj
 0001:00031770       ??0CTimer@@QEAA@XZ         0000000180032770 f   WinObjects.obj
 0001:000317b0       ??1CTimer@@QEAA@XZ         00000001800327b0 f   WinObjects.obj
 0001:000317d0       ?IsStarted@CTimer@@QEAA_NXZ 00000001800327d0 f   WinObjects.obj
 0001:000317e0       ?Start@CTimer@@QEAAXI@Z    00000001800327e0 f   WinObjects.obj
 0001:00031860       ?Stop@CTimer@@QEAAXXZ      0000000180032860 f   WinObjects.obj
 0001:000318a0       ?Restart@CTimer@@QEAAXI@Z  00000001800328a0 f   WinObjects.obj
 0001:000318e0       ?Init@CTimer@@QEAAXPEAUHWND__@@_KI@Z 00000001800328e0 f   WinObjects.obj
 0001:00031930       ?MyGetLargestConsoleWindowSize@@YA?AU_COORD@@PEAX@Z 0000000180032930 f   WinObjects.obj
 0001:000319c0       ?DuplicateProcessHandle@@YAPEAXK@Z 00000001800329c0 f   WinObjects.obj
 0001:00031a50       ?FindComspec@@YAXPEAUConEmuComspec@@_N@Z 0000000180032a50 f   WinObjects.obj
 0001:000325c0       ?GetEnvVar@@YAPEA_WPEB_WK@Z 00000001800335c0 f   WinObjects.obj
 0001:000326f0       ?UpdateComspec@@YAXPEAUConEmuComspec@@_N@Z 00000001800336f0 f   WinObjects.obj
 0001:00032b10       ?SetEnvVarExpanded@@YAXPEB_W0@Z 0000000180033b10 f   WinObjects.obj
 0001:00032c30       ?GetComspecFromEnvVar@@YAPEB_WPEA_WKW4ComSpecBits@@@Z 0000000180033c30 f   WinObjects.obj
 0001:00032e80       ?GetComspec@@YAPEA_WPEBUConEmuComspec@@@Z 0000000180033e80 f   WinObjects.obj
 0001:00033140       ?IsExportEnvVarAllowed@@YA_NPEB_W@Z 0000000180034140 f   WinObjects.obj
 0001:000331c0       ?ApplyExportEnvVar@@YAXPEB_W@Z 00000001800341c0 f   WinObjects.obj
 0001:00033260       ?CopyToClipboard@@YA_NPEB_W@Z 0000000180034260 f   WinObjects.obj
 0001:00033340       ??$wcscpy_c@$0EAA@@@YAHAEAY0EAA@_WPEB_W@Z 0000000180034340 f i WinObjects.obj
 0001:00033370       ??$wcscpy_c@$0BAA@@@YAHAEAY0BAA@_WPEB_W@Z 0000000180034370 f i WinObjects.obj
 0001:000333a0       ??$wcscpy_c@$0EBA@@@YAHAEAY0EBA@_WPEB_W@Z 00000001800343a0 f i WinObjects.obj
 0001:000333d0       GetProcAddress             00000001800343d0 f   kernel32:KERNEL32.dll
 0001:000333d6       GetCurrentProcessId        00000001800343d6 f   kernel32:KERNEL32.dll
 0001:000333dc       GetLastError               00000001800343dc f   kernel32:KERNEL32.dll
 0001:000333e2       LoadLibraryW               00000001800343e2 f   kernel32:KERNEL32.dll
 0001:000333e8       GetModuleHandleW           00000001800343e8 f   kernel32:KERNEL32.dll
 0001:000333ee       IsDebuggerPresent          00000001800343ee f   kernel32:KERNEL32.dll
 0001:000333f4       SetEvent                   00000001800343f4 f   kernel32:KERNEL32.dll
 0001:000333fa       lstrcpyW                   00000001800343fa f   kernel32:KERNEL32.dll
 0001:00033400       lstrlenW                   0000000180034400 f   kernel32:KERNEL32.dll
 0001:00033406       SetEnvironmentVariableW    0000000180034406 f   kernel32:KERNEL32.dll
 0001:0003340c       IsBadStringPtrW            000000018003440c f   kernel32:KERNEL32.dll
 0001:00033412       GetNumberOfConsoleInputEvents 0000000180034412 f   kernel32:KERNEL32.dll
 0001:00033418       GetStdHandle               0000000180034418 f   kernel32:KERNEL32.dll
 0001:0003341e       GetTickCount               000000018003441e f   kernel32:KERNEL32.dll
 0001:00033424       SetLastError               0000000180034424 f   kernel32:KERNEL32.dll
 0001:0003342a       GetCurrentThreadId         000000018003442a f   kernel32:KERNEL32.dll
 0001:00033430       ReadConsoleInputW          0000000180034430 f   kernel32:KERNEL32.dll
 0001:00033436       PeekConsoleInputW          0000000180034436 f   kernel32:KERNEL32.dll
 0001:0003343c       lstrcatW                   000000018003443c f   kernel32:KERNEL32.dll
 0001:00033442       GetModuleFileNameW         0000000180034442 f   kernel32:KERNEL32.dll
 0001:00033448       WriteConsoleInputW         0000000180034448 f   kernel32:KERNEL32.dll
 0001:0003344e       WaitForSingleObject        000000018003444e f   kernel32:KERNEL32.dll
 0001:00033454       ReleaseSemaphore           0000000180034454 f   kernel32:KERNEL32.dll
 0001:0003345a       WaitForMultipleObjects     000000018003445a f   kernel32:KERNEL32.dll
 0001:00033460       ResetEvent                 0000000180034460 f   kernel32:KERNEL32.dll
 0001:00033466       GetConsoleScreenBufferInfo 0000000180034466 f   kernel32:KERNEL32.dll
 0001:0003346c       SuspendThread              000000018003446c f   kernel32:KERNEL32.dll
 0001:00033472       ResumeThread               0000000180034472 f   kernel32:KERNEL32.dll
 0001:00033478       TerminateProcess           0000000180034478 f   kernel32:KERNEL32.dll
 0001:0003347e       GetCurrentProcess          000000018003447e f   kernel32:KERNEL32.dll
 0001:00033484       CloseHandle                0000000180034484 f   kernel32:KERNEL32.dll
 0001:0003348a       Module32NextW              000000018003448a f   kernel32:KERNEL32.dll
 0001:00033490       Module32FirstW             0000000180034490 f   kernel32:KERNEL32.dll
 0001:00033496       CreateToolhelp32Snapshot   0000000180034496 f   kernel32:KERNEL32.dll
 0001:0003349c       GetEnvironmentVariableW    000000018003449c f   kernel32:KERNEL32.dll
 0001:000334a2       CreateThread               00000001800344a2 f   kernel32:KERNEL32.dll
 0001:000334a8       CreateSemaphoreW           00000001800344a8 f   kernel32:KERNEL32.dll
 0001:000334ae       CreateEventW               00000001800344ae f   kernel32:KERNEL32.dll
 0001:000334b4       OpenFileMappingW           00000001800344b4 f   kernel32:KERNEL32.dll
 0001:000334ba       VirtualProtect             00000001800344ba f   kernel32:KERNEL32.dll
 0001:000334c0       MapViewOfFile              00000001800344c0 f   kernel32:KERNEL32.dll
 0001:000334c6       CreateFileMappingW         00000001800344c6 f   kernel32:KERNEL32.dll
 0001:000334cc       lstrcmpW                   00000001800344cc f   kernel32:KERNEL32.dll
 0001:000334d2       lstrcpynW                  00000001800344d2 f   kernel32:KERNEL32.dll
 0001:000334d8       lstrcmpiW                  00000001800344d8 f   kernel32:KERNEL32.dll
 0001:000334de       UnmapViewOfFile            00000001800344de f   kernel32:KERNEL32.dll
 0001:000334e4       TerminateThread            00000001800344e4 f   kernel32:KERNEL32.dll
 0001:000334ea       SetConsoleTitleW           00000001800344ea f   kernel32:KERNEL32.dll
 0001:000334f0       GetConsoleTitleW           00000001800344f0 f   kernel32:KERNEL32.dll
 0001:000334f6       WideCharToMultiByte        00000001800344f6 f   kernel32:KERNEL32.dll
 0001:000334fc       DeleteFileW                00000001800344fc f   kernel32:KERNEL32.dll
 0001:00033502       CreateProcessW             0000000180034502 f   kernel32:KERNEL32.dll
 0001:00033508       GetExitCodeProcess         0000000180034508 f   kernel32:KERNEL32.dll
 0001:0003350e       SetConsoleMode             000000018003450e f   kernel32:KERNEL32.dll
 0001:00033514       GetConsoleMode             0000000180034514 f   kernel32:KERNEL32.dll
 0001:0003351a       GetConsoleCursorInfo       000000018003451a f   kernel32:KERNEL32.dll
 0001:00033520       Thread32Next               0000000180034520 f   kernel32:KERNEL32.dll
 0001:00033526       Thread32First              0000000180034526 f   kernel32:KERNEL32.dll
 0001:0003352c       ExpandEnvironmentStringsW  000000018003452c f   kernel32:KERNEL32.dll
 0001:00033532       lstrcmpA                   0000000180034532 f   kernel32:KERNEL32.dll
 0001:00033538       MultiByteToWideChar        0000000180034538 f   kernel32:KERNEL32.dll
 0001:0003353e       lstrlenA                   000000018003453e f   kernel32:KERNEL32.dll
 0001:00033544       lstrcpynA                  0000000180034544 f   kernel32:KERNEL32.dll
 0001:0003354a       GetCurrentDirectoryW       000000018003454a f   kernel32:KERNEL32.dll
 0001:00033550       lstrcpyA                   0000000180034550 f   kernel32:KERNEL32.dll
 0001:00033556       DisconnectNamedPipe        0000000180034556 f   kernel32:KERNEL32.dll
 0001:0003355c       SetThreadPriority          000000018003455c f   kernel32:KERNEL32.dll
 0001:00033562       Sleep                      0000000180034562 f   kernel32:KERNEL32.dll
 0001:00033568       FlushFileBuffers           0000000180034568 f   kernel32:KERNEL32.dll
 0001:0003356e       ReadFile                   000000018003456e f   kernel32:KERNEL32.dll
 0001:00033574       GetOverlappedResult        0000000180034574 f   kernel32:KERNEL32.dll
 0001:0003357a       WriteFile                  000000018003457a f   kernel32:KERNEL32.dll
 0001:00033580       ConnectNamedPipe           0000000180034580 f   kernel32:KERNEL32.dll
 0001:00033586       CreateNamedPipeW           0000000180034586 f   kernel32:KERNEL32.dll
 0001:0003358c       SetFilePointer             000000018003458c f   kernel32:KERNEL32.dll
 0001:00033592       GetFileInformationByHandle 0000000180034592 f   kernel32:KERNEL32.dll
 0001:00033598       CreateFileW                0000000180034598 f   kernel32:KERNEL32.dll
 0001:0003359e       ReadProcessMemory          000000018003459e f   kernel32:KERNEL32.dll
 0001:000335a4       FreeLibrary                00000001800345a4 f   kernel32:KERNEL32.dll
 0001:000335aa       GetVersionExW              00000001800345aa f   kernel32:KERNEL32.dll
 0001:000335b0       SearchPathW                00000001800345b0 f   kernel32:KERNEL32.dll
 0001:000335b6       DebugBreak                 00000001800345b6 f   kernel32:KERNEL32.dll
 0001:000335bc       SetNamedPipeHandleState    00000001800345bc f   kernel32:KERNEL32.dll
 0001:000335c2       WaitNamedPipeW             00000001800345c2 f   kernel32:KERNEL32.dll
 0001:000335c8       TransactNamedPipe          00000001800345c8 f   kernel32:KERNEL32.dll
 0001:000335ce       GetConsoleWindow           00000001800345ce f   kernel32:KERNEL32.dll
 0001:000335d4       HeapCreate                 00000001800345d4 f   kernel32:KERNEL32.dll
 0001:000335da       HeapDestroy                00000001800345da f   kernel32:KERNEL32.dll
 0001:000335e0       HeapAlloc                  00000001800345e0 f   kernel32:KERNEL32.dll
 0001:000335e6       HeapReAlloc                00000001800345e6 f   kernel32:KERNEL32.dll
 0001:000335ec       HeapFree                   00000001800345ec f   kernel32:KERNEL32.dll
 0001:000335f2       HeapValidate               00000001800345f2 f   kernel32:KERNEL32.dll
 0001:000335f8       LocalFree                  00000001800345f8 f   kernel32:KERNEL32.dll
 0001:000335fe       LocalAlloc                 00000001800345fe f   kernel32:KERNEL32.dll
 0001:00033604       SetConsoleWindowInfo       0000000180034604 f   kernel32:KERNEL32.dll
 0001:0003360a       GetConsoleOutputCP         000000018003460a f   kernel32:KERNEL32.dll
 0001:00033610       GetFileSizeEx              0000000180034610 f   kernel32:KERNEL32.dll
 0001:00033616       FindClose                  0000000180034616 f   kernel32:KERNEL32.dll
 0001:0003361c       FindNextFileW              000000018003461c f   kernel32:KERNEL32.dll
 0001:00033622       FindFirstFileW             0000000180034622 f   kernel32:KERNEL32.dll
 0001:00033628       CreateDirectoryW           0000000180034628 f   kernel32:KERNEL32.dll
 0001:0003362e       OpenProcess                000000018003462e f   kernel32:KERNEL32.dll
 0001:00033634       Process32NextW             0000000180034634 f   kernel32:KERNEL32.dll
 0001:0003363a       Process32FirstW            000000018003463a f   kernel32:KERNEL32.dll
 0001:00033640       IsBadReadPtr               0000000180034640 f   kernel32:KERNEL32.dll
 0001:00033646       GetFullPathNameW           0000000180034646 f   kernel32:KERNEL32.dll
 0001:0003364c       GetModuleFileNameA         000000018003464c f   kernel32:KERNEL32.dll
 0001:00033652       OpenEventW                 0000000180034652 f   kernel32:KERNEL32.dll
 0001:00033658       InitializeCriticalSection  0000000180034658 f   kernel32:KERNEL32.dll
 0001:0003365e       DeleteCriticalSection      000000018003465e f   kernel32:KERNEL32.dll
 0001:00033664       EnterCriticalSection       0000000180034664 f   kernel32:KERNEL32.dll
 0001:0003366a       LeaveCriticalSection       000000018003466a f   kernel32:KERNEL32.dll
 0001:00033670       TryEnterCriticalSection    0000000180034670 f   kernel32:KERNEL32.dll
 0001:00033676       OpenThread                 0000000180034676 f   kernel32:KERNEL32.dll
 0001:0003367c       GetLocalTime               000000018003467c f   kernel32:KERNEL32.dll
 0001:00033682       GetLargestConsoleWindowSize 0000000180034682 f   kernel32:KERNEL32.dll
 0001:00033688       DuplicateHandle            0000000180034688 f   kernel32:KERNEL32.dll
 0001:0003368e       GetWindowsDirectoryW       000000018003468e f   kernel32:KERNEL32.dll
 0001:00033694       GlobalUnlock               0000000180034694 f   kernel32:KERNEL32.dll
 0001:0003369a       GlobalLock                 000000018003469a f   kernel32:KERNEL32.dll
 0001:000336a0       GlobalAlloc                00000001800346a0 f   kernel32:KERNEL32.dll
 0001:000336a6       MessageBoxW                00000001800346a6 f   user32:USER32.dll
 0001:000336ac       wsprintfW                  00000001800346ac f   user32:USER32.dll
 0001:000336b2       IsWindow                   00000001800346b2 f   user32:USER32.dll
 0001:000336b8       GetWindowLongPtrW          00000001800346b8 f   user32:USER32.dll
 0001:000336be       GetParent                  00000001800346be f   user32:USER32.dll
 0001:000336c4       PostMessageW               00000001800346c4 f   user32:USER32.dll
 0001:000336ca       RegisterWindowMessageW     00000001800346ca f   user32:USER32.dll
 0001:000336d0       GetWindowThreadProcessId   00000001800346d0 f   user32:USER32.dll
 0001:000336d6       IsWindowVisible            00000001800346d6 f   user32:USER32.dll
 0001:000336dc       CharUpperBuffW             00000001800346dc f   user32:USER32.dll
 0001:000336e2       FillRect                   00000001800346e2 f   user32:USER32.dll
 0001:000336e8       ReleaseDC                  00000001800346e8 f   user32:USER32.dll
 0001:000336ee       GetDC                      00000001800346ee f   user32:USER32.dll
 0001:000336f4       ActivateKeyboardLayout     00000001800346f4 f   user32:USER32.dll
 0001:000336fa       LoadKeyboardLayoutW        00000001800346fa f   user32:USER32.dll
 0001:00033700       MapVirtualKeyW             0000000180034700 f   user32:USER32.dll
 0001:00033706       VkKeyScanW                 0000000180034706 f   user32:USER32.dll
 0001:0003370c       FindWindowW                000000018003470c f   user32:USER32.dll
 0001:00033712       GetSystemMetrics           0000000180034712 f   user32:USER32.dll
 0001:00033718       IsRectEmpty                0000000180034718 f   user32:USER32.dll
 0001:0003371e       EnumDisplayMonitors        000000018003471e f   user32:USER32.dll
 0001:00033724       GetMonitorInfoW            0000000180034724 f   user32:USER32.dll
 0001:0003372a       SystemParametersInfoW      000000018003472a f   user32:USER32.dll
 0001:00033730       MonitorFromWindow          0000000180034730 f   user32:USER32.dll
 0001:00033736       MonitorFromRect            0000000180034736 f   user32:USER32.dll
 0001:0003373c       SetWindowPos               000000018003473c f   user32:USER32.dll
 0001:00033742       ShowWindow                 0000000180034742 f   user32:USER32.dll
 0001:00033748       SendMessageW               0000000180034748 f   user32:USER32.dll
 0001:0003374e       GetWindowRect              000000018003474e f   user32:USER32.dll
 0001:00033754       EnableWindow               0000000180034754 f   user32:USER32.dll
 0001:0003375a       IsWindowEnabled            000000018003475a f   user32:USER32.dll
 0001:00033760       SetForegroundWindow        0000000180034760 f   user32:USER32.dll
 0001:00033766       ShowWindowAsync            0000000180034766 f   user32:USER32.dll
 0001:0003376c       wsprintfA                  000000018003476c f   user32:USER32.dll
 0001:00033772       GetCursorPos               0000000180034772 f   user32:USER32.dll
 0001:00033778       GetWindowTextW             0000000180034778 f   user32:USER32.dll
 0001:0003377e       GetClassNameW              000000018003477e f   user32:USER32.dll
 0001:00033784       GetForegroundWindow        0000000180034784 f   user32:USER32.dll
 0001:0003378a       GetKeyboardLayoutList      000000018003478a f   user32:USER32.dll
 0001:00033790       GetKeyboardLayout          0000000180034790 f   user32:USER32.dll
 0001:00033796       DestroyWindow              0000000180034796 f   user32:USER32.dll
 0001:0003379c       GetClientRect              000000018003479c f   user32:USER32.dll
 0001:000337a2       CreateWindowExW            00000001800347a2 f   user32:USER32.dll
 0001:000337a8       SetTimer                   00000001800347a8 f   user32:USER32.dll
 0001:000337ae       KillTimer                  00000001800347ae f   user32:USER32.dll
 0001:000337b4       CloseClipboard             00000001800347b4 f   user32:USER32.dll
 0001:000337ba       SetClipboardData           00000001800347ba f   user32:USER32.dll
 0001:000337c0       EmptyClipboard             00000001800347c0 f   user32:USER32.dll
 0001:000337c6       OpenClipboard              00000001800347c6 f   user32:USER32.dll
 0001:000337cc       DeleteEnhMetaFile          00000001800347cc f   gdi32:GDI32.dll
 0001:000337d2       GetEnhMetaFileBits         00000001800347d2 f   gdi32:GDI32.dll
 0001:000337d8       CloseEnhMetaFile           00000001800347d8 f   gdi32:GDI32.dll
 0001:000337de       GdiFlush                   00000001800347de f   gdi32:GDI32.dll
 0001:000337e4       SelectObject               00000001800347e4 f   gdi32:GDI32.dll
 0001:000337ea       DeleteDC                   00000001800347ea f   gdi32:GDI32.dll
 0001:000337f0       DeleteObject               00000001800347f0 f   gdi32:GDI32.dll
 0001:000337f6       CreateSolidBrush           00000001800347f6 f   gdi32:GDI32.dll
 0001:000337fc       CreateDIBSection           00000001800347fc f   gdi32:GDI32.dll
 0001:00033802       CreateCompatibleDC         0000000180034802 f   gdi32:GDI32.dll
 0001:00033808       CreateEnhMetaFileW         0000000180034808 f   gdi32:GDI32.dll
 0001:0003380e       GetDeviceCaps              000000018003480e f   gdi32:GDI32.dll
 0001:00033814       GetTextMetricsW            0000000180034814 f   gdi32:GDI32.dll
 0001:0003381a       CreateFontIndirectW        000000018003481a f   gdi32:GDI32.dll
 0001:00033820       RegCloseKey                0000000180034820 f   advapi32:ADVAPI32.dll
 0001:00033826       RegQueryValueExW           0000000180034826 f   advapi32:ADVAPI32.dll
 0001:0003382c       RegOpenKeyExW              000000018003482c f   advapi32:ADVAPI32.dll
 0001:00033832       RegCreateKeyExW            0000000180034832 f   advapi32:ADVAPI32.dll
 0001:00033838       FreeSid                    0000000180034838 f   advapi32:ADVAPI32.dll
 0001:0003383e       CheckTokenMembership       000000018003483e f   advapi32:ADVAPI32.dll
 0001:00033844       AllocateAndInitializeSid   0000000180034844 f   advapi32:ADVAPI32.dll
 0001:0003384a       ConvertSidToStringSidW     000000018003484a f   advapi32:ADVAPI32.dll
 0001:00033850       GetTokenInformation        0000000180034850 f   advapi32:ADVAPI32.dll
 0001:00033856       OpenProcessToken           0000000180034856 f   advapi32:ADVAPI32.dll
 0001:0003385c       RegEnumKeyExW              000000018003485c f   advapi32:ADVAPI32.dll
 0001:00033862       SHGetFolderPathW           0000000180034862 f   shell32:SHELL32.dll
 0001:00033868       VerQueryValueW             0000000180034868 f   version:VERSION.dll
 0001:0003386e       GetFileVersionInfoW        000000018003486e f   version:VERSION.dll
 0001:00033874       GetFileVersionInfoSizeW    0000000180034874 f   version:VERSION.dll
 0001:00033890       memset                     0000000180034890 f   LIBCMT:memset.obj
 0001:00033990       memcmp                     0000000180034990 f   LIBCMT:memcmp.obj
 0001:00033a70       memmove                    0000000180034a70     LIBCMT:memcpy.obj
 0001:00033a70       memcpy                     0000000180034a70 f   LIBCMT:memcpy.obj
 0001:00033da4       wcsrchr                    0000000180034da4 f   LIBCMT:wcsrchr.obj
 0001:00033dd0       wcschr                     0000000180034dd0 f   LIBCMT:wcschr.obj
 0001:00033df0       wcsstr                     0000000180034df0 f   LIBCMT:wcsstr.obj
 0001:00033e58       wcsncmp                    0000000180034e58 f   LIBCMT:wcsncmp.obj
 0001:00033e88       wcspbrk                    0000000180034e88 f   LIBCMT:wcspbrk.obj
 0001:00033ec0       strrchr                    0000000180034ec0 f   LIBCMT:strrchr.obj
 0001:00033f00       __chkstk                   0000000180034f00 f   LIBCMT:chkstk.obj
 0001:00033f00       _alloca_probe              0000000180034f00     LIBCMT:chkstk.obj
 0002:00000000       __imp_OpenProcessToken     0000000180035000     advapi32:ADVAPI32.dll
 0002:00000008       __imp_GetTokenInformation  0000000180035008     advapi32:ADVAPI32.dll
 0002:00000010       __imp_ConvertSidToStringSidW 0000000180035010     advapi32:ADVAPI32.dll
 0002:00000018       __imp_AllocateAndInitializeSid 0000000180035018     advapi32:ADVAPI32.dll
 0002:00000020       __imp_CheckTokenMembership 0000000180035020     advapi32:ADVAPI32.dll
 0002:00000028       __imp_FreeSid              0000000180035028     advapi32:ADVAPI32.dll
 0002:00000030       __imp_RegCreateKeyExW      0000000180035030     advapi32:ADVAPI32.dll
 0002:00000038       __imp_RegOpenKeyExW        0000000180035038     advapi32:ADVAPI32.dll
 0002:00000040       __imp_RegQueryValueExW     0000000180035040     advapi32:ADVAPI32.dll
 0002:00000048       __imp_RegCloseKey          0000000180035048     advapi32:ADVAPI32.dll
 0002:00000050       __imp_RegEnumKeyExW        0000000180035050     advapi32:ADVAPI32.dll
 0002:00000058       \177ADVAPI32_NULL_THUNK_DATA 0000000180035058     advapi32:ADVAPI32.dll
 0002:00000060       __imp_GetTextMetricsW      0000000180035060     gdi32:GDI32.dll
 0002:00000068       __imp_GetDeviceCaps        0000000180035068     gdi32:GDI32.dll
 0002:00000070       __imp_CreateEnhMetaFileW   0000000180035070     gdi32:GDI32.dll
 0002:00000078       __imp_CreateCompatibleDC   0000000180035078     gdi32:GDI32.dll
 0002:00000080       __imp_CreateDIBSection     0000000180035080     gdi32:GDI32.dll
 0002:00000088       __imp_CreateSolidBrush     0000000180035088     gdi32:GDI32.dll
 0002:00000090       __imp_DeleteObject         0000000180035090     gdi32:GDI32.dll
 0002:00000098       __imp_DeleteDC             0000000180035098     gdi32:GDI32.dll
 0002:000000a0       __imp_SelectObject         00000001800350a0     gdi32:GDI32.dll
 0002:000000a8       __imp_GdiFlush             00000001800350a8     gdi32:GDI32.dll
 0002:000000b0       __imp_CloseEnhMetaFile     00000001800350b0     gdi32:GDI32.dll
 0002:000000b8       __imp_CreateFontIndirectW  00000001800350b8     gdi32:GDI32.dll
 0002:000000c0       __imp_DeleteEnhMetaFile    00000001800350c0     gdi32:GDI32.dll
 0002:000000c8       __imp_GetEnhMetaFileBits   00000001800350c8     gdi32:GDI32.dll
 0002:000000d0       \177GDI32_NULL_THUNK_DATA  00000001800350d0     gdi32:GDI32.dll
 0002:000000d8       __imp_ResumeThread         00000001800350d8     kernel32:KERNEL32.dll
 0002:000000e0       __imp_TerminateProcess     00000001800350e0     kernel32:KERNEL32.dll
 0002:000000e8       __imp_GetCurrentProcess    00000001800350e8     kernel32:KERNEL32.dll
 0002:000000f0       __imp_CloseHandle          00000001800350f0     kernel32:KERNEL32.dll
 0002:000000f8       __imp_Module32NextW        00000001800350f8     kernel32:KERNEL32.dll
 0002:00000100       __imp_Module32FirstW       0000000180035100     kernel32:KERNEL32.dll
 0002:00000108       __imp_CreateToolhelp32Snapshot 0000000180035108     kernel32:KERNEL32.dll
 0002:00000110       __imp_GetEnvironmentVariableW 0000000180035110     kernel32:KERNEL32.dll
 0002:00000118       __imp_CreateThread         0000000180035118     kernel32:KERNEL32.dll
 0002:00000120       __imp_CreateSemaphoreW     0000000180035120     kernel32:KERNEL32.dll
 0002:00000128       __imp_CreateEventW         0000000180035128     kernel32:KERNEL32.dll
 0002:00000130       __imp_OpenFileMappingW     0000000180035130     kernel32:KERNEL32.dll
 0002:00000138       __imp_VirtualProtect       0000000180035138     kernel32:KERNEL32.dll
 0002:00000140       __imp_MapViewOfFile        0000000180035140     kernel32:KERNEL32.dll
 0002:00000148       __imp_CreateFileMappingW   0000000180035148     kernel32:KERNEL32.dll
 0002:00000150       __imp_lstrcmpW             0000000180035150     kernel32:KERNEL32.dll
 0002:00000158       __imp_lstrcpynW            0000000180035158     kernel32:KERNEL32.dll
 0002:00000160       __imp_lstrcmpiW            0000000180035160     kernel32:KERNEL32.dll
 0002:00000168       __imp_UnmapViewOfFile      0000000180035168     kernel32:KERNEL32.dll
 0002:00000170       __imp_TerminateThread      0000000180035170     kernel32:KERNEL32.dll
 0002:00000178       __imp_SetConsoleTitleW     0000000180035178     kernel32:KERNEL32.dll
 0002:00000180       __imp_GetConsoleTitleW     0000000180035180     kernel32:KERNEL32.dll
 0002:00000188       __imp_WideCharToMultiByte  0000000180035188     kernel32:KERNEL32.dll
 0002:00000190       __imp_DeleteFileW          0000000180035190     kernel32:KERNEL32.dll
 0002:00000198       __imp_CreateProcessW       0000000180035198     kernel32:KERNEL32.dll
 0002:000001a0       __imp_GetExitCodeProcess   00000001800351a0     kernel32:KERNEL32.dll
 0002:000001a8       __imp_SetConsoleMode       00000001800351a8     kernel32:KERNEL32.dll
 0002:000001b0       __imp_GetConsoleMode       00000001800351b0     kernel32:KERNEL32.dll
 0002:000001b8       __imp_GetConsoleCursorInfo 00000001800351b8     kernel32:KERNEL32.dll
 0002:000001c0       __imp_Thread32Next         00000001800351c0     kernel32:KERNEL32.dll
 0002:000001c8       __imp_Thread32First        00000001800351c8     kernel32:KERNEL32.dll
 0002:000001d0       __imp_ExpandEnvironmentStringsW 00000001800351d0     kernel32:KERNEL32.dll
 0002:000001d8       __imp_lstrcmpA             00000001800351d8     kernel32:KERNEL32.dll
 0002:000001e0       __imp_MultiByteToWideChar  00000001800351e0     kernel32:KERNEL32.dll
 0002:000001e8       __imp_lstrlenA             00000001800351e8     kernel32:KERNEL32.dll
 0002:000001f0       __imp_lstrcpynA            00000001800351f0     kernel32:KERNEL32.dll
 0002:000001f8       __imp_GetCurrentDirectoryW 00000001800351f8     kernel32:KERNEL32.dll
 0002:00000200       __imp_lstrcpyA             0000000180035200     kernel32:KERNEL32.dll
 0002:00000208       __imp_DisconnectNamedPipe  0000000180035208     kernel32:KERNEL32.dll
 0002:00000210       __imp_SetThreadPriority    0000000180035210     kernel32:KERNEL32.dll
 0002:00000218       __imp_Sleep                0000000180035218     kernel32:KERNEL32.dll
 0002:00000220       __imp_FlushFileBuffers     0000000180035220     kernel32:KERNEL32.dll
 0002:00000228       __imp_ReadFile             0000000180035228     kernel32:KERNEL32.dll
[...]
 0002:00003f60       ??_C@_1EO@MPDKFAPM@?$AAL?$AAo?$AAg?$AAS?$AAt?$AAa?$AAr?$AAt?$AAE?$AAn?$AAv?$AA?5?$AAf?$AAa?$AAi?$AAl?$AAe?$AAd?$AA?0?$AA?5?$AAi?$AAn?$AAv?$AAa?$AAl?$AAi?$AAd?$AA?5?$AAa?$AAp?$AAS?$AAt@ 0000000180038f60     WinObjects.obj
 0002:00003fb0       ??_7CToolTip@@6B@          0000000180038fb0     WinObjects.obj
 0002:00003fb8       ??_C@_1CC@KPOKNCMJ@?$AAt?$AAo?$AAo?$AAl?$AAt?$AAi?$AAp?$AAs?$AA_?$AAc?$AAl?$AAa?$AAs?$AAs?$AA3?$AA2?$AA?$AA@ 0000000180038fb8     WinObjects.obj
 0002:00003fe0       ??_C@_1FA@BFJDIMLC@?$AAC?$AA?3?$AA?2?$AAP?$AAr?$AAo?$AAg?$AAr?$AAa?$AAm?$AA?5?$AAF?$AAi?$AAl?$AAe?$AAs?$AA?2?$AAJ?$AAP?$AAS?$AAo?$AAf?$AAt?$AA?2?$AAT?$AAC?$AAC?$AAL?$AAE?$AA1?$AA3?$AA?2@ 0000000180038fe0     WinObjects.obj
 0002:00004030       ??_C@_1EO@GBOKIPHE@?$AAC?$AA?3?$AA?2?$AAP?$AAr?$AAo?$AAg?$AAr?$AAa?$AAm?$AA?5?$AAF?$AAi?$AAl?$AAe?$AAs?$AA?2?$AAJ?$AAP?$AAS?$AAo?$AAf?$AAt?$AA?2?$AAT?$AAC?$AAM?$AAD?$AA1?$AA3?$AA?2?$AAt@ 0000000180039030     WinObjects.obj
 0002:00004080       ??_C@_1CA@CBMLAMC@?$AAI?$AAn?$AAs?$AAt?$AAa?$AAl?$AAl?$AAL?$AAo?$AAc?$AAa?$AAt?$AAi?$AAo?$AAn?$AA?$AA@ 0000000180039080     WinObjects.obj
 0002:000040a0       ??_C@_1BI@NAAHPGNK@?$AAJ?$AAP?$AA?5?$AAS?$AAo?$AAf?$AAt?$AAw?$AAa?$AAr?$AAe?$AA?$AA@ 00000001800390a0     WinObjects.obj
 0002:000040b8       ??_C@_1BE@CCMLAJPM@?$AAP?$AAu?$AAb?$AAl?$AAi?$AAs?$AAh?$AAe?$AAr?$AA?$AA@ 00000001800390b8     WinObjects.obj
 0002:000040d0       ??_C@_1GI@BAAGFBH@?$AAS?$AAO?$AAF?$AAT?$AAW?$AAA?$AAR?$AAE?$AA?2?$AAM?$AAi?$AAc?$AAr?$AAo?$AAs?$AAo?$AAf?$AAt?$AA?2?$AAW?$AAi?$AAn?$AAd?$AAo?$AAw?$AAs?$AA?2?$AAC?$AAu?$AAr?$AAr?$AAe@ 00000001800390d0     WinObjects.obj
 0002:00004138       ??_C@_1BA@JFHFEKBP@?$AAt?$AAc?$AAc?$AA?4?$AAe?$AAx?$AAe?$AA?$AA@ 0000000180039138     WinObjects.obj
 0002:00004148       ??_C@_1BE@BGAOJFLF@?$AA?2?$AAt?$AAc?$AAm?$AAd?$AA?4?$AAe?$AAx?$AAe?$AA?$AA@ 0000000180039148     WinObjects.obj
 0002:00004160       ??_C@_19NHABCBNP@?$AAP?$AAa?$AAt?$AAh?$AA?$AA@ 0000000180039160     WinObjects.obj
 0002:00004170       ??_C@_1CK@HMKJOJBO@?$AAS?$AAO?$AAF?$AAT?$AAW?$AAA?$AAR?$AAE?$AA?2?$AAJ?$AAP?$AA?5?$AAS?$AAo?$AAf?$AAt?$AAw?$AAa?$AAr?$AAe?$AA?$AA@ 0000000180039170     WinObjects.obj
 0002:000041a0       ??_C@_1DA@EMHAGABM@?$AA?$CF?$AAC?$AAo?$AAn?$AAE?$AAm?$AAu?$AAB?$AAa?$AAs?$AAe?$AAD?$AAi?$AAr?$AA?$CF?$AA?2?$AAt?$AAc?$AAc?$AA?4?$AAe?$AAx?$AAe?$AA?$AA@ 00000001800391a0     WinObjects.obj
 0002:000041d0       ??_C@_13PJJBFPED@?$AA?$DL?$AA?$AA@ 00000001800391d0     WinObjects.obj
 0002:000041d8       ??_C@_1BA@DBKIDAPL@?$AAc?$AAm?$AAd?$AA?4?$AAe?$AAx?$AAe?$AA?$AA@ 00000001800391d8     WinObjects.obj
 0002:000041e8       ??_C@_1CE@ECCAMEKN@?$AA?2?$AAS?$AAy?$AAs?$AAW?$AAO?$AAW?$AA6?$AA4?$AA?2?$AAc?$AAm?$AAd?$AA?4?$AAe?$AAx?$AAe?$AA?$AA@ 00000001800391e8     WinObjects.obj
 0002:00004210       ??_C@_1CC@PDLBBEEF@?$AAS?$AAy?$AAs?$AAW?$AAO?$AAW?$AA6?$AA4?$AA?2?$AAc?$AAm?$AAd?$AA?4?$AAe?$AAx?$AAe?$AA?$AA@ 0000000180039210     WinObjects.obj
 0002:00004238       ??_C@_1CE@PMNGKNKL@?$AA?2?$AAS?$AAy?$AAs?$AAt?$AAe?$AAm?$AA3?$AA2?$AA?2?$AAc?$AAm?$AAd?$AA?4?$AAe?$AAx?$AAe?$AA?$AA@ 0000000180039238     WinObjects.obj
 0002:00004260       ??_C@_1CC@ENEHHNED@?$AAS?$AAy?$AAs?$AAt?$AAe?$AAm?$AA3?$AA2?$AA?2?$AAc?$AAm?$AAd?$AA?4?$AAe?$AAx?$AAe?$AA?$AA@ 0000000180039260     WinObjects.obj
 0002:00004288       ??_C@_1CK@OLMGMMDO@?$AAC?$AAo?$AAn?$AAE?$AAm?$AAu?$AAS?$AAl?$AAe?$AAe?$AAp?$AAI?$AAn?$AAd?$AAi?$AAc?$AAa?$AAt?$AAo?$AAr?$AA?$AA@ 0000000180039288     WinObjects.obj
 0002:00005608       __IMPORT_DESCRIPTOR_KERNEL32 000000018003a608     kernel32:KERNEL32.dll
 0002:0000561c       __IMPORT_DESCRIPTOR_USER32 000000018003a61c     user32:USER32.dll
 0002:00005630       __IMPORT_DESCRIPTOR_GDI32  000000018003a630     gdi32:GDI32.dll
 0002:00005644       __IMPORT_DESCRIPTOR_ADVAPI32 000000018003a644     advapi32:ADVAPI32.dll
 0002:00005658       __IMPORT_DESCRIPTOR_SHELL32 000000018003a658     shell32:SHELL32.dll
 0002:0000566c       __IMPORT_DESCRIPTOR_VERSION 000000018003a66c     version:VERSION.dll
 0002:00005680       __NULL_IMPORT_DESCRIPTOR   000000018003a680     kernel32:KERNEL32.dll
 0003:00000000       ?gnPluginOpenFrom@@3HA     000000018003c000     ConEmuPlugin.obj
 0003:00000004       ?gnReqCommand@@3KA         000000018003c004     ConEmuPlugin.obj
 0003:00000008       ?lastModifiedStateW@@3HA   000000018003c008     ConEmuPlugin.obj
 0003:00000010       ?gFarMode@@3UHookModeFar@@A 000000018003c010     ConEmuPlugin.obj
 0003:00000030       ?gpPluginMenu@@3PAUPluginAndMenuCommands@@A 000000018003c030     ConEmuPlugin.obj
 0003:000000f0       ?Far3Func@@3PAUExportFunc@@A 000000018003c0f0     ConEmuPlugin.obj
 0003:00000180       ?guid_ConEmu@@3U_GUID@@A   000000018003c180     ConEmuPlugin2800.obj
 0003:00000190       ?guid_ConEmuPluginItems@@3U_GUID@@A 000000018003c190     ConEmuPlugin2800.obj
 0003:000001a0       ?guid_ConEmuPluginMenu@@3U_GUID@@A 000000018003c1a0     ConEmuPlugin2800.obj
 0003:000001b0       ?guid_ConEmuGuiMacroDlg@@3U_GUID@@A 000000018003c1b0     ConEmuPlugin2800.obj
 0003:000001c0       ?guid_ConEmuWaitEndSynchro@@3U_GUID@@A 000000018003c1c0     ConEmuPlugin2800.obj
 0003:000001e0       ?ghHooksModule@@3PEAUHINSTANCE__@@EA 000000018003c1e0     ConEmuInjects.obj
 0003:000001e8       ?gbHooksModuleLoaded@@3HA  000000018003c1e8     ConEmuInjects.obj
 0003:000001f0       ?SetHookCallbacks@@3P6A_NPEBDPEB_WPEAUHINSTANCE__@@P6AHPEAUHookCallbackArg@@@ZP6AX3@Z5@ZEA 000000018003c1f0     ConEmuInjects.obj
 0003:000001f8       ?SetLoadLibraryCallback@@3P6AXPEAUHINSTANCE__@@P6AX0@Z1@ZEA 000000018003c1f8     ConEmuInjects.obj
 0003:00000200       ?SetFarHookMode@@3P6AXPEAUHookModeFar@@@ZEA 000000018003c200     ConEmuInjects.obj
 0003:00000210       ?gszDir2@@3PA_WA           000000018003c210     ConEmuPlugin.obj
 0003:00000a10       ?gpConMap@@3PEAV?$MFileMapping@UCESERVER_CONSOLE_MAPPING_HDR@@@@EA 000000018003ca10     ConEmuPlugin.obj
 0003:00000a18       ?gsbiDetached@@3U_CONSOLE_SCREEN_BUFFER_INFO@@A 000000018003ca18     ConEmuPlugin.obj
 0003:00000a30       ?gszRootKey@@3PA_WA        000000018003ca30     ConEmuPlugin.obj
 0003:00000e40       ?gszDir1@@3PA_WA           000000018003ce40     ConEmuPlugin.obj
 0003:00001640       ?ghPluginModule@@3PEAUHINSTANCE__@@EA 000000018003d640     ConEmuPlugin.obj
 0003:00001648       ?ConEmuHwnd@@3PEAUHWND__@@EA 000000018003d648     ConEmuPlugin.obj
 0003:00001650       ?gdwPreDetachGuiPID@@3KA   000000018003d650     ConEmuPlugin.obj
 0003:00001654       ?gdwServerPID@@3KA         000000018003d654     ConEmuPlugin.obj
 0003:00001658       ?TerminalMode@@3HA         000000018003d658     ConEmuPlugin.obj
 0003:0000165c       ?gnMainThreadId@@3KA       000000018003d65c     ConEmuPlugin.obj
 0003:00001660       ?FarHwnd@@3PEAUHWND__@@EA  000000018003d660     ConEmuPlugin.obj
 0003:00001668       ?gnMainThreadIdInitial@@3KA 000000018003d668     ConEmuPlugin.obj
 0003:0000166c       ?gnMonitorThreadId@@3KA    000000018003d66c     ConEmuPlugin.obj
 0003:00001670       ?ghMonitorThread@@3PEAXEA  000000018003d670     ConEmuPlugin.obj
 0003:00001678       ?ghSetWndSendTabsEvent@@3PEAXEA 000000018003d678     ConEmuPlugin.obj
 0003:00001680       ?gFarVersion@@3UFarVersion@@A 000000018003d680     ConEmuPlugin.obj
 0003:00001688       ?maxTabCount@@3HA          000000018003d688     ConEmuPlugin.obj
 0003:0000168c       ?lastWindowCount@@3HA      000000018003d68c     ConEmuPlugin.obj
 0003:00001690       ?gnCurTabCount@@3HA        000000018003d690     ConEmuPlugin.obj
 0003:00001694       ?gbIgnoreUpdateTabs@@3HA   000000018003d694     ConEmuPlugin.obj
 0003:00001698       ?gpTabs@@3PEAUCESERVER_REQ@@EA 000000018003d698     ConEmuPlugin.obj
 0003:000016a0       ?gbRequestUpdateTabs@@3HA  000000018003d6a0     ConEmuPlugin.obj
 0003:000016a4       ?gbClosingModalViewerEditor@@3HA 000000018003d6a4     ConEmuPlugin.obj
 0003:000016a8       ?gLastMouseReadEvent@@3U_MOUSE_EVENT_RECORD@@A 000000018003d6a8     ConEmuPlugin.obj
 0003:000016b8       ?gbUngetDummyMouseEvent@@3HA 000000018003d6b8     ConEmuPlugin.obj
 0003:000016bc       ?gnAllowDummyMouseEvent@@3JA 000000018003d6bc     ConEmuPlugin.obj
 0003:000016c0       ?gnDummyMouseEventFromMacro@@3JA 000000018003d6c0     ConEmuPlugin.obj
 0003:000016c4       ?gnDataSize@@3KA           000000018003d6c4     ConEmuPlugin.obj
 0003:000016c8       ?csData@@3PEAVMSection@@EA 000000018003d6c8     ConEmuPlugin.obj
 0003:000016d0       ?gpCmdRet@@3PEAUCESERVER_REQ@@EA 000000018003d6d0     ConEmuPlugin.obj
 0003:000016d8       ?gpData@@3PEAEEA           000000018003d6d8     ConEmuPlugin.obj
 0003:000016e0       ?gpCursor@@3PEAEEA         000000018003d6e0     ConEmuPlugin.obj
 0003:000016e8       ?gpReqCommandData@@3PEAXEA 000000018003d6e8     ConEmuPlugin.obj
 0003:000016fc       ?gnMsgTabChanged@@3IA      000000018003d6fc     ConEmuPlugin.obj
 0003:00001700       ?csTabs@@3PEAVMSection@@EA 000000018003d700     ConEmuPlugin.obj
 0003:00001708       ?gbPlugKeyChanged@@3HA     000000018003d708     ConEmuPlugin.obj
 0003:0000170c       ?gbNeedPostTabSend@@3HA    000000018003d70c     ConEmuPlugin.obj
 0003:00001710       ?ghRegMonitorKey@@3PEAUHKEY__@@EA 000000018003d710     ConEmuPlugin.obj
 0003:00001718       ?ghRegMonitorEvt@@3PEAXEA  000000018003d718     ConEmuPlugin.obj
 0003:00001720       ?ghPluginSemaphore@@3PEAXEA 000000018003d720     ConEmuPlugin.obj
 0003:00001728       ?gbNeedPostEditCheck@@3HA  000000018003d728     ConEmuPlugin.obj
 0003:0000172c       ?gbNeedPostReloadFarInfo@@3HA 000000018003d72c     ConEmuPlugin.obj
 0003:00001730       ?gsFarLang@@3PA_WA         000000018003d730     ConEmuPlugin.obj
 0003:000017b0       ?gnNeedPostTabSendTick@@3KA 000000018003d7b0     ConEmuPlugin.obj
 0003:000017b4       ?gbStartedUnderConsole2@@3HA 000000018003d7b4     ConEmuPlugin.obj
 0003:000017b8       ?gpConMapInfo@@3PEBUCESERVER_CONSOLE_MAPPING_HDR@@EB 000000018003d7b8     ConEmuPlugin.obj
 0003:000017c0       ?gnSelfPID@@3KA            000000018003d7c0     ConEmuPlugin.obj
 0003:000017c4       ?gbWaitConsoleInputEmpty@@3HA 000000018003d7c4     ConEmuPlugin.obj
 0003:000017c8       ?ghFarInfoMapping@@3PEAXEA 000000018003d7c8     ConEmuPlugin.obj
 0003:000017d0       ?gpFarInfo@@3PEAUCEFAR_INFO_MAPPING@@EA 000000018003d7d0     ConEmuPlugin.obj
 0003:000017d8       ?gpFarInfoMapping@@3PEAUCEFAR_INFO_MAPPING@@EA 000000018003d7d8     ConEmuPlugin.obj
 0003:000017e0       ?ghFarAliveEvent@@3PEAXEA  000000018003d7e0     ConEmuPlugin.obj
 0003:000017e8       ?gPanelRegLeft@@3Utag_PanelViewRegInfo@@A 000000018003d7e8     ConEmuPlugin.obj
 0003:00001818       ?gPanelRegRight@@3Utag_PanelViewRegInfo@@A 000000018003d818     ConEmuPlugin.obj
 0003:00001848       ?ghConEmuCtrlPressed@@3PEAXEA 000000018003d848     ConEmuPlugin.obj
 0003:00001850       ?ghConEmuShiftPressed@@3PEAXEA 000000018003d850     ConEmuPlugin.obj
 0003:00001858       ?gbWaitConsoleWrite@@3HA   000000018003d858     ConEmuPlugin.obj
 0003:0000185c       ?gnSynchroCount@@3HA       000000018003d85c     ConEmuPlugin.obj
 0003:00001860       ?ghConsoleInputEmpty@@3PEAXEA 000000018003d860     ConEmuPlugin.obj
 0003:00001868       ?ghConsoleWrite@@3PEAXEA   000000018003d868     ConEmuPlugin.obj
 0003:00001870       ?gbSynchroProhibited@@3_NA 000000018003d870     ConEmuPlugin.obj
 0003:00001871       ?gbInputSynchroPending@@3_NA 000000018003d871     ConEmuPlugin.obj
 0003:00001874       ?gbInfoW_OK@@3HA           000000018003d874     ConEmuPlugin.obj
 0003:00001878       ?gnPeekReadCount@@3KA      000000018003d878     ConEmuPlugin.obj
 0003:0000187c       ?gbExitFarCalled@@3HA      000000018003d87c     ConEmuPlugin.obj
 0003:00001888       ?gbWasDetached@@3HA        000000018003d888     ConEmuPlugin.obj
 0003:00001898       ?InfoW995@@3PEAUPluginStartupInfo@@EA 000000018003d898     ConEmuPlugin995.obj
 0003:000018a0       ?FSFW995@@3PEAUFarStandardFunctions@@EA 000000018003d8a0     ConEmuPlugin995.obj
 0003:00001ac8       ?InfoW1900@@3PEAUPluginStartupInfo@@EA 000000018003dac8     ConEmuPlugin1900.obj
 0003:00001ad0       ?FSFW1900@@3PEAUFarStandardFunctions@@EA 000000018003dad0     ConEmuPlugin1900.obj
 0003:00001d28       ?LastIndex@?1??Color2FgIndex@Far3Color@@SAXKAEAG@Z@4HA 000000018003dd28     ConEmuPlugin1900.obj
 0003:00001d2c       ?LastColor@?1??Color2FgIndex@Far3Color@@SAXKAEAG@Z@4KA 000000018003dd2c     ConEmuPlugin1900.obj
 0003:00001d30       ?LastIndex@?1??Color2BgIndex@Far3Color@@SAXKHAEAG@Z@4HA 000000018003dd30     ConEmuPlugin1900.obj
 0003:00001d34       ?LastColor@?1??Color2BgIndex@Far3Color@@SAXKHAEAG@Z@4KA 000000018003dd34     ConEmuPlugin1900.obj
 0003:00001d40       ?InfoW2800@@3PEAUPluginStartupInfo@@EA 000000018003dd40     ConEmuPlugin2800.obj
 0003:00001d48       ?FSFW2800@@3PEAUFarStandardFunctions@@EA 000000018003dd48     ConEmuPlugin2800.obj
 0003:00001fb0       ?InfoA@@3PEAUPluginStartupInfo@@EA 000000018003dfb0     ConEmuPluginA.obj
 0003:00001fb8       ?FSFA@@3PEAUFarStandardFunctions@@EA 000000018003dfb8     ConEmuPluginA.obj
 0003:000020d0       ?gbNeedBgActivate@@3HA     000000018003e0d0     PluginBackground.obj
 0003:000020d4       ?gbBgPluginsAllowed@@3HA   000000018003e0d4     PluginBackground.obj
 0003:000020d8       ?gpBgPlugin@@3PEAVCPluginBackground@@EA 000000018003e0d8     PluginBackground.obj
 0003:000020e0       ?gszPluginServerPipe@@3PA_WA 000000018003e0e0     PluginSrv.obj
 0003:000022e8       ?gpPlugServer@@3PEAU?$PipeServer@UCESERVER_REQ@@@@EA 000000018003e2e8     PluginSrv.obj
 0003:000022f0       ?ghServerTerminateEvent@@3PEAXEA 000000018003e2f0     PluginSrv.obj
 0003:000022f8       ?gbInCommonShutdown@@3HA   000000018003e2f8     Common.obj
 0003:00002300       ?OnShutdownConsole@@3P6AXXZEA 000000018003e300     Common.obj
 0003:00002308       ?gpLocalSecurity@@3PEAU_SECURITY_ATTRIBUTES@@EA 000000018003e308     ConEmuCheck.obj
 0003:00002310       ?ghWorkingModule@@3_KA     000000018003e310     ConEmuCheck.obj
 0003:00002378       ?ghHeap@@3PEAXEA           000000018003e378     Memory.obj
 0003:00002380       ?gNullDesc@@3PEAVMNullDesc@@EA 000000018003e380     MSecurity.obj
 0003:00002388       ?gpConsoleInfoStr@@3PEAU_CONSOLE_INFO@@EA 000000018003e388     WinConsole.obj
 0003:00002390       ?ghConsoleSection@@3PEAXEA 000000018003e390     WinConsole.obj
 0003:000023b8       ?Is_Window@@3P6AHPEAUHWND__@@@ZEA 000000018003e3b8     WinObjects.obj

 entry point at        0001:00002300

 Static symbols

 0001:00000760       ?StringValidateDestW@@YAJPEB_W_K_K@Z 0000000180001760 f   ConEmuInjects.obj
 0001:000007a0       ?StringCopyWorkerW@@YAJPEA_W_KPEA_KPEB_W1@Z 00000001800017a0 f   ConEmuInjects.obj
 0001:00002510       ?LoadFarVersion@@YA_NAEAUFarVersion@@AEAY0CAA@_W@Z 0000000180003510 f   ConEmuPlugin.obj
 0001:00003f50       ?StringValidateDestW@@YAJPEB_W_K_K@Z 0000000180004f50 f   ConEmuPlugin.obj
 0001:00003f90       ?StringValidateDestAndLengthW@@YAJPEB_W_KPEA_K_K@Z 0000000180004f90 f   ConEmuPlugin.obj
 0001:00004000       ?StringLengthWorkerW@@YAJPEB_W_KPEA_K@Z 0000000180005000 f   ConEmuPlugin.obj
 0001:000040a0       ?StringCopyWorkerW@@YAJPEA_W_KPEA_KPEB_W1@Z 00000001800050a0 f   ConEmuPlugin.obj
 0001:00004190       ?ActivatePlugin@@YAHKPEAXK@Z 0000000180005190 f   ConEmuPlugin.obj
 0001:000044b0       ?WaitPluginActivateion@@YAKKPEAPEAXHK@Z 00000001800054b0 f   ConEmuPlugin.obj
 0001:00005470       ?ChangeExports@@YA_NPEBUExportFunc@@PEAUHINSTANCE__@@@Z 0000000180006470 f   ConEmuPlugin.obj
 0001:0000b360       ?GetPanelDir@@YAPEA_WPEAX@Z 000000018000c360 f   ConEmuPlugin995.obj
 0001:0000d550       ?LoadFarSettingsW995@@YAXPEAUCEFarInterfaceSettings@@PEAUCEFarPanelSettings@@@Z 000000018000e550 f   ConEmuPlugin995.obj
 0001:0000da80       ?CopyPanelInfoW@@YAXPEAUPanelInfo@@PEAUtag_BkPanelInfo@PaintBackgroundArg@@@Z 000000018000ea80 f   ConEmuPlugin995.obj
 0001:0000dd10       ?CallGuiMacroProc@@YAXXZ   000000018000ed10 f   ConEmuPlugin995.obj
 0001:0000e0c0       ?CallGuiMacroDlg@@YA_JPEAXHH_J@Z 000000018000f0c0 f   ConEmuPlugin995.obj
 0001:0000ee20       ?GetPanelDir@@YAPEA_WPEAX@Z 000000018000fe20 f   ConEmuPlugin1900.obj
 0001:00012380       ?LoadFarSettingsW1900@@YAXPEAUCEFarInterfaceSettings@@PEAUCEFarPanelSettings@@@Z 0000000180013380 f   ConEmuPlugin1900.obj
 0001:00012590       ?GetFarSetting@@YAHPEAX_KPEB_W@Z 0000000180013590 f   ConEmuPlugin1900.obj
 0001:00012ae0       ?CopyPanelInfoW@@YAXPEAUPanelInfo@@PEAUtag_BkPanelInfo@PaintBackgroundArg@@@Z 0000000180013ae0 f   ConEmuPlugin1900.obj
 0001:00012e80       ?CallGuiMacroProc@@YAXXZ   0000000180013e80 f   ConEmuPlugin1900.obj
 0001:00013290       ?CallGuiMacroDlg@@YA_JPEAXHH0@Z 0000000180014290 f   ConEmuPlugin1900.obj
 0001:000141d0       ?GetPanelDir@@YAPEA_WPEAX@Z 00000001800151d0 f   ConEmuPlugin2800.obj
 0001:00016d40       ?LoadFarSettingsW2800@@YAXPEAUCEFarInterfaceSettings@@PEAUCEFarPanelSettings@@@Z 0000000180017d40 f   ConEmuPlugin2800.obj
 0001:00016f50       ?GetFarSetting@@YAHPEAX_KPEB_W@Z 0000000180017f50 f   ConEmuPlugin2800.obj
 0001:000174b0       ?CopyPanelInfoW@@YAXPEAUPanelInfo@@PEAUtag_BkPanelInfo@PaintBackgroundArg@@@Z 00000001800184b0 f   ConEmuPlugin2800.obj
 0001:00017850       ?CallGuiMacroProc@@YAXXZ   0000000180018850 f   ConEmuPlugin2800.obj
 0001:00017c60       ?CallGuiMacroDlg@@YA_JPEAX_J10@Z 0000000180018c60 f   ConEmuPlugin2800.obj
 0001:00018120       ?MAKEFARVERSION@@YA?AUVersionInfo@@KKKKW4VERSION_STAGE@@@Z 0000000180019120 f   ConEmuPlugin2800.obj
 0001:0001aba0       ?LoadFarSettingsA@@YAXPEAUCEFarInterfaceSettings@@PEAUCEFarPanelSettings@@@Z 000000018001bba0 f   ConEmuPluginA.obj
 0001:0001af30       ?CopyPanelInfo@@YAXPEAUPanelInfo@@PEAUtag_BkPanelInfo@PaintBackgroundArg@@@Z 000000018001bf30 f   ConEmuPluginA.obj
 0001:0001b0c0       ?CallGuiMacroProc@@YAXXZ   000000018001c0c0 f   ConEmuPluginA.obj
 0001:0001b4e0       ?CallGuiMacroDlg@@YA_JPEAXHH_J@Z 000000018001c4e0 f   ConEmuPluginA.obj
 0001:0001e520       ?StringValidateDestW@@YAJPEB_W_K_K@Z 000000018001f520 f   PluginBackground.obj
 0001:0001e560       ?StringCopyWorkerW@@YAJPEA_W_KPEA_KPEB_W1@Z 000000018001f560 f   PluginBackground.obj
 0001:000213c0       ?StringValidateDestW@@YAJPEB_W_K_K@Z 00000001800223c0 f   PluginSrv.obj
 0001:00021400       ?StringCopyWorkerW@@YAJPEA_W_KPEA_KPEB_W1@Z 0000000180022400 f   PluginSrv.obj
 0001:00023120       ?StringValidateDestW@@YAJPEB_W_K_K@Z 0000000180024120 f   Execute.obj
 0001:00023160       ?StringCopyWorkerW@@YAJPEA_W_KPEA_KPEB_W1@Z 0000000180024160 f   Execute.obj
 0001:00024080       ?StringValidateDestW@@YAJPEB_W_K_K@Z 0000000180025080 f   ConEmuCheck.obj
 0001:000240c0       ?StringCopyWorkerW@@YAJPEA_W_KPEA_KPEB_W1@Z 00000001800250c0 f   ConEmuCheck.obj
 0001:00025960       ?StringValidateDestW@@YAJPEB_W_K_K@Z 0000000180026960 f   ConEmuCheckEx.obj
 0001:000259a0       ?StringCopyWorkerW@@YAJPEA_W_KPEA_KPEB_W1@Z 00000001800269a0 f   ConEmuCheckEx.obj
 0001:00025b30       ?StringValidateDestAndLengthW@@YAJPEB_W_KPEA_K_K@Z 0000000180026b30 f   ConEmuCheckEx.obj
 0001:00025ba0       ?StringLengthWorkerW@@YAJPEB_W_KPEA_K@Z 0000000180026ba0 f   ConEmuCheckEx.obj
 0001:00025f80       ?StringValidateDestA@@YAJPEBD_K_K@Z 0000000180026f80 f   Memory.obj
 0001:00025fc0       ?StringCopyWorkerA@@YAJPEAD_KPEA_KPEBD1@Z 0000000180026fc0 f   Memory.obj
 0001:00026130       ?StringValidateDestW@@YAJPEB_W_K_K@Z 0000000180027130 f   Memory.obj
 0001:00026170       ?StringCopyWorkerW@@YAJPEA_W_KPEA_KPEB_W1@Z 0000000180027170 f   Memory.obj
 0001:0002bcb0       ?StringValidateDestW@@YAJPEB_W_K_K@Z 000000018002ccb0 f   WinObjects.obj
 0001:0002bcf0       ?StringCopyWorkerW@@YAJPEA_W_KPEA_KPEB_W1@Z 000000018002ccf0 f   WinObjects.obj
 0001:0002f950       ?StringValidateDestAndLengthW@@YAJPEB_W_KPEA_K_K@Z 0000000180030950 f   WinObjects.obj
 0001:0002f9c0       ?StringLengthWorkerW@@YAJPEB_W_KPEA_K@Z 00000001800309c0 f   WinObjects.obj
